Archive member included to satisfy reference by file (symbol)

/Applications/ARM/bin/../lib/gcc/arm-none-eabi/10.3.1/thumb/v7e-m/nofp/libgcc.a(_arm_muldf3.o)
                              CMakeFiles/WoCaoV1STM32.elf.dir/Core/Src/main.c.obj (__aeabi_dmul)
/Applications/ARM/bin/../lib/gcc/arm-none-eabi/10.3.1/thumb/v7e-m/nofp/libgcc.a(_arm_addsubdf3.o)
                              CMakeFiles/WoCaoV1STM32.elf.dir/Core/Src/main.c.obj (__aeabi_dsub)
/Applications/ARM/bin/../lib/gcc/arm-none-eabi/10.3.1/thumb/v7e-m/nofp/libgcc.a(_arm_cmpdf2.o)
                              CMakeFiles/WoCaoV1STM32.elf.dir/Core/Src/main.c.obj (__aeabi_dcmplt)
/Applications/ARM/bin/../lib/gcc/arm-none-eabi/10.3.1/thumb/v7e-m/nofp/libgcc.a(_arm_fixunsdfsi.o)
                              CMakeFiles/WoCaoV1STM32.elf.dir/Core/Src/main.c.obj (__aeabi_d2uiz)
/Applications/ARM/bin/../lib/gcc/arm-none-eabi/10.3.1/thumb/v7e-m/nofp/libgcc.a(_aeabi_uldivmod.o)
                              CMakeFiles/WoCaoV1STM32.elf.dir/Drivers/STM32F4xx_HAL_Driver/Src/stm32f4xx_hal_rcc.c.obj (__aeabi_uldivmod)
/Applications/ARM/bin/../lib/gcc/arm-none-eabi/10.3.1/thumb/v7e-m/nofp/libgcc.a(_udivmoddi4.o)
                              /Applications/ARM/bin/../lib/gcc/arm-none-eabi/10.3.1/thumb/v7e-m/nofp/libgcc.a(_aeabi_uldivmod.o) (__udivmoddi4)
/Applications/ARM/bin/../lib/gcc/arm-none-eabi/10.3.1/thumb/v7e-m/nofp/libgcc.a(_dvmd_tls.o)
                              /Applications/ARM/bin/../lib/gcc/arm-none-eabi/10.3.1/thumb/v7e-m/nofp/libgcc.a(_aeabi_uldivmod.o) (__aeabi_ldiv0)
/Applications/ARM/bin/../lib/gcc/arm-none-eabi/10.3.1/../../../../arm-none-eabi/lib/thumb/v7e-m/nofp/libg.a(lib_a-errno.o)
                              CMakeFiles/WoCaoV1STM32.elf.dir/Core/Src/syscalls.c.obj (__errno)
/Applications/ARM/bin/../lib/gcc/arm-none-eabi/10.3.1/../../../../arm-none-eabi/lib/thumb/v7e-m/nofp/libg.a(lib_a-exit.o)
                              /Applications/ARM/bin/../lib/gcc/arm-none-eabi/10.3.1/../../../../arm-none-eabi/lib/thumb/v7e-m/nofp/crt0.o (exit)
/Applications/ARM/bin/../lib/gcc/arm-none-eabi/10.3.1/../../../../arm-none-eabi/lib/thumb/v7e-m/nofp/libg.a(lib_a-impure.o)
                              /Applications/ARM/bin/../lib/gcc/arm-none-eabi/10.3.1/../../../../arm-none-eabi/lib/thumb/v7e-m/nofp/libg.a(lib_a-exit.o) (_global_impure_ptr)
/Applications/ARM/bin/../lib/gcc/arm-none-eabi/10.3.1/../../../../arm-none-eabi/lib/thumb/v7e-m/nofp/libg.a(lib_a-init.o)
                              /Applications/ARM/bin/../lib/gcc/arm-none-eabi/10.3.1/../../../../arm-none-eabi/lib/thumb/v7e-m/nofp/crt0.o (__libc_init_array)
/Applications/ARM/bin/../lib/gcc/arm-none-eabi/10.3.1/../../../../arm-none-eabi/lib/thumb/v7e-m/nofp/libg.a(lib_a-memset.o)
                              /Applications/ARM/bin/../lib/gcc/arm-none-eabi/10.3.1/../../../../arm-none-eabi/lib/thumb/v7e-m/nofp/crt0.o (memset)
/Applications/ARM/bin/../lib/gcc/arm-none-eabi/10.3.1/../../../../arm-none-eabi/lib/thumb/v7e-m/nofp/libg.a(lib_a-snprintf.o)
                              CMakeFiles/WoCaoV1STM32.elf.dir/Core/Src/main.c.obj (snprintf)
/Applications/ARM/bin/../lib/gcc/arm-none-eabi/10.3.1/../../../../arm-none-eabi/lib/thumb/v7e-m/nofp/libg.a(lib_a-strlen.o)
                              CMakeFiles/WoCaoV1STM32.elf.dir/Core/Src/main.c.obj (strlen)
/Applications/ARM/bin/../lib/gcc/arm-none-eabi/10.3.1/../../../../arm-none-eabi/lib/thumb/v7e-m/nofp/libg.a(lib_a-svfprintf.o)
                              /Applications/ARM/bin/../lib/gcc/arm-none-eabi/10.3.1/../../../../arm-none-eabi/lib/thumb/v7e-m/nofp/libg.a(lib_a-snprintf.o) (_svfprintf_r)
/Applications/ARM/bin/../lib/gcc/arm-none-eabi/10.3.1/../../../../arm-none-eabi/lib/thumb/v7e-m/nofp/libg.a(lib_a-__call_atexit.o)
                              /Applications/ARM/bin/../lib/gcc/arm-none-eabi/10.3.1/../../../../arm-none-eabi/lib/thumb/v7e-m/nofp/libg.a(lib_a-exit.o) (__call_exitprocs)
/Applications/ARM/bin/../lib/gcc/arm-none-eabi/10.3.1/../../../../arm-none-eabi/lib/thumb/v7e-m/nofp/libg.a(lib_a-atexit.o)
                              /Applications/ARM/bin/../lib/gcc/arm-none-eabi/10.3.1/../../../../arm-none-eabi/lib/thumb/v7e-m/nofp/libg.a(lib_a-__call_atexit.o) (atexit)
/Applications/ARM/bin/../lib/gcc/arm-none-eabi/10.3.1/../../../../arm-none-eabi/lib/thumb/v7e-m/nofp/libg.a(lib_a-dtoa.o)
                              /Applications/ARM/bin/../lib/gcc/arm-none-eabi/10.3.1/../../../../arm-none-eabi/lib/thumb/v7e-m/nofp/libg.a(lib_a-svfprintf.o) (_dtoa_r)
/Applications/ARM/bin/../lib/gcc/arm-none-eabi/10.3.1/../../../../arm-none-eabi/lib/thumb/v7e-m/nofp/libg.a(lib_a-fini.o)
                              /Applications/ARM/bin/../lib/gcc/arm-none-eabi/10.3.1/../../../../arm-none-eabi/lib/thumb/v7e-m/nofp/libg.a(lib_a-__call_atexit.o) (__libc_fini_array)
/Applications/ARM/bin/../lib/gcc/arm-none-eabi/10.3.1/../../../../arm-none-eabi/lib/thumb/v7e-m/nofp/libg.a(lib_a-freer.o)
[...]
Memory Configuration

Name             Origin             Length             Attributes
CCMRAM           0x0000000010000000 0x0000000000010000 xrw
RAM              0x0000000020000000 0x0000000000020000 xrw
FLASH            0x0000000008000000 0x0000000000100000 xr
*default*        0x0000000000000000 0xffffffffffffffff

Linker script and memory map

LOAD /Applications/ARM/bin/../lib/gcc/arm-none-eabi/10.3.1/thumb/v7e-m/nofp/crti.o
LOAD /Applications/ARM/bin/../lib/gcc/arm-none-eabi/10.3.1/thumb/v7e-m/nofp/crtbegin.o
LOAD /Applications/ARM/bin/../lib/gcc/arm-none-eabi/10.3.1/../../../../arm-none-eabi/lib/thumb/v7e-m/nofp/crt0.o
LOAD CMakeFiles/WoCaoV1STM32.elf.dir/Core/Src/gpio.c.obj
LOAD CMakeFiles/WoCaoV1STM32.elf.dir/Core/Src/i2c.c.obj
LOAD CMakeFiles/WoCaoV1STM32.elf.dir/Core/Src/main.c.obj
LOAD CMakeFiles/WoCaoV1STM32.elf.dir/Core/Src/spi.c.obj
LOAD CMakeFiles/WoCaoV1STM32.elf.dir/Core/Src/stm32f4xx_hal_msp.c.obj
LOAD CMakeFiles/WoCaoV1STM32.elf.dir/Core/Src/stm32f4xx_it.c.obj
LOAD CMakeFiles/WoCaoV1STM32.elf.dir/Core/Src/syscalls.c.obj
LOAD CMakeFiles/WoCaoV1STM32.elf.dir/Core/Src/sysmem.c.obj
LOAD CMakeFiles/WoCaoV1STM32.elf.dir/Core/Src/system_stm32f4xx.c.obj
LOAD CMakeFiles/WoCaoV1STM32.elf.dir/Core/Src/tim.c.obj
LOAD CMakeFiles/WoCaoV1STM32.elf.dir/Core/Src/usart.c.obj
LOAD CMakeFiles/WoCaoV1STM32.elf.dir/Core/Startup/startup_stm32f407zgtx.s.obj
LOAD CMakeFiles/WoCaoV1STM32.elf.dir/Drivers/STM32F4xx_HAL_Driver/Src/stm32f4xx_hal.c.obj
LOAD CMakeFiles/WoCaoV1STM32.elf.dir/Drivers/STM32F4xx_HAL_Driver/Src/stm32f4xx_hal_cortex.c.obj
LOAD CMakeFiles/WoCaoV1STM32.elf.dir/Drivers/STM32F4xx_HAL_Driver/Src/stm32f4xx_hal_dma.c.obj
LOAD CMakeFiles/WoCaoV1STM32.elf.dir/Drivers/STM32F4xx_HAL_Driver/Src/stm32f4xx_hal_dma_ex.c.obj
LOAD CMakeFiles/WoCaoV1STM32.elf.dir/Drivers/STM32F4xx_HAL_Driver/Src/stm32f4xx_hal_exti.c.obj
LOAD CMakeFiles/WoCaoV1STM32.elf.dir/Drivers/STM32F4xx_HAL_Driver/Src/stm32f4xx_hal_flash.c.obj
LOAD CMakeFiles/WoCaoV1STM32.elf.dir/Drivers/STM32F4xx_HAL_Driver/Src/stm32f4xx_hal_flash_ex.c.obj
LOAD CMakeFiles/WoCaoV1STM32.elf.dir/Drivers/STM32F4xx_HAL_Driver/Src/stm32f4xx_hal_flash_ramfunc.c.obj
LOAD CMakeFiles/WoCaoV1STM32.elf.dir/Drivers/STM32F4xx_HAL_Driver/Src/stm32f4xx_hal_gpio.c.obj
LOAD CMakeFiles/WoCaoV1STM32.elf.dir/Drivers/STM32F4xx_HAL_Driver/Src/stm32f4xx_hal_i2c.c.obj
LOAD CMakeFiles/WoCaoV1STM32.elf.dir/Drivers/STM32F4xx_HAL_Driver/Src/stm32f4xx_hal_i2c_ex.c.obj
LOAD CMakeFiles/WoCaoV1STM32.elf.dir/Drivers/STM32F4xx_HAL_Driver/Src/stm32f4xx_hal_pwr.c.obj
LOAD CMakeFiles/WoCaoV1STM32.elf.dir/Drivers/STM32F4xx_HAL_Driver/Src/stm32f4xx_hal_pwr_ex.c.obj
LOAD CMakeFiles/WoCaoV1STM32.elf.dir/Drivers/STM32F4xx_HAL_Driver/Src/stm32f4xx_hal_rcc.c.obj
LOAD CMakeFiles/WoCaoV1STM32.elf.dir/Drivers/STM32F4xx_HAL_Driver/Src/stm32f4xx_hal_rcc_ex.c.obj
LOAD CMakeFiles/WoCaoV1STM32.elf.dir/Drivers/STM32F4xx_HAL_Driver/Src/stm32f4xx_hal_spi.c.obj
LOAD CMakeFiles/WoCaoV1STM32.elf.dir/Drivers/STM32F4xx_HAL_Driver/Src/stm32f4xx_hal_tim.c.obj
LOAD CMakeFiles/WoCaoV1STM32.elf.dir/Drivers/STM32F4xx_HAL_Driver/Src/stm32f4xx_hal_tim_ex.c.obj
LOAD CMakeFiles/WoCaoV1STM32.elf.dir/Drivers/STM32F4xx_HAL_Driver/Src/stm32f4xx_hal_uart.c.obj
START GROUP
LOAD /Applications/ARM/bin/../lib/gcc/arm-none-eabi/10.3.1/thumb/v7e-m/nofp/libgcc.a
LOAD /Applications/ARM/bin/../lib/gcc/arm-none-eabi/10.3.1/../../../../arm-none-eabi/lib/thumb/v7e-m/nofp/libg.a
LOAD /Applications/ARM/bin/../lib/gcc/arm-none-eabi/10.3.1/../../../../arm-none-eabi/lib/thumb/v7e-m/nofp/libc.a
END GROUP
LOAD /Applications/ARM/bin/../lib/gcc/arm-none-eabi/10.3.1/thumb/v7e-m/nofp/crtend.o
LOAD /Applications/ARM/bin/../lib/gcc/arm-none-eabi/10.3.1/thumb/v7e-m/nofp/crtn.o
                0x0000000020020000                _estack = (ORIGIN (RAM) + LENGTH (RAM))
                0x0000000000000200                _Min_Heap_Size = 0x200
                0x0000000000000400                _Min_Stack_Size = 0x400

.isr_vector     0x0000000008000000      0x188
                0x0000000008000000                . = ALIGN (0x4)
 *(.isr_vector)
 .isr_vector    0x0000000008000000      0x188 CMakeFiles/WoCaoV1STM32.elf.dir/Core/Startup/startup_stm32f407zgtx.s.obj
                0x0000000008000000                g_pfnVectors
                0x0000000008000188                . = ALIGN (0x4)

.text           0x00000000080001c0     0xa1d0
                0x00000000080001c0                . = ALIGN (0x4)
 *(.text)
 .text          0x00000000080001c0       0x40 /Applications/ARM/bin/../lib/gcc/arm-none-eabi/10.3.1/thumb/v7e-m/nofp/crtbegin.o
 .text          0x0000000008000200      0x378 /Applications/ARM/bin/../lib/gcc/arm-none-eabi/10.3.1/thumb/v7e-m/nofp/libgcc.a(_arm_addsubdf3.o)
                0x0000000008000200                __aeabi_drsub
                0x0000000008000208                __subdf3
                0x0000000008000208                __aeabi_dsub
                0x000000000800020c                __aeabi_dadd
                0x000000000800020c                __adddf3
                0x0000000008000484                __aeabi_ui2d
                0x0000000008000484                __floatunsidf
                0x00000000080004a4                __floatsidf
                0x00000000080004a4                __aeabi_i2d
                0x00000000080004c8                __extendsfdf2
                0x00000000080004c8                __aeabi_f2d
                0x000000000800050c                __aeabi_ul2d
                0x000000000800050c                __floatundidf
                0x000000000800051c                __aeabi_l2d
                0x000000000800051c                __floatdidf
 .text          0x0000000008000578      0x110 /Applications/ARM/bin/../lib/gcc/arm-none-eabi/10.3.1/thumb/v7e-m/nofp/libgcc.a(_arm_cmpdf2.o)
                0x0000000008000578                __gedf2
                0x0000000008000578                __gtdf2
                0x0000000008000580                __ledf2
                0x0000000008000580                __ltdf2
                0x0000000008000588                __cmpdf2
                0x0000000008000588                __eqdf2
                0x0000000008000588                __nedf2
                0x0000000008000604                __aeabi_cdrcmple
                0x0000000008000614                __aeabi_cdcmple
                0x0000000008000614                __aeabi_cdcmpeq
                0x0000000008000624                __aeabi_dcmpeq
                0x0000000008000638                __aeabi_dcmplt
                0x000000000800064c                __aeabi_dcmple
                0x0000000008000660                __aeabi_dcmpge
                0x0000000008000674                __aeabi_dcmpgt
 .text          0x0000000008000688       0x40 /Applications/ARM/bin/../lib/gcc/arm-none-eabi/10.3.1/thumb/v7e-m/nofp/libgcc.a(_arm_fixunsdfsi.o)
                0x0000000008000688                __fixunsdfsi
                0x0000000008000688                __aeabi_d2uiz
 .text          0x00000000080006c8       0x30 /Applications/ARM/bin/../lib/gcc/arm-none-eabi/10.3.1/thumb/v7e-m/nofp/libgcc.a(_aeabi_uldivmod.o)
                0x00000000080006c8                __aeabi_uldivmod
 .text          0x00000000080006f8      0x2d0 /Applications/ARM/bin/../lib/gcc/arm-none-eabi/10.3.1/thumb/v7e-m/nofp/libgcc.a(_udivmoddi4.o)
                0x00000000080006f8                __udivmoddi4
 .text          0x00000000080009c8        0x4 /Applications/ARM/bin/../lib/gcc/arm-none-eabi/10.3.1/thumb/v7e-m/nofp/libgcc.a(_dvmd_tls.o)
                0x00000000080009c8                __aeabi_ldiv0
                0x00000000080009c8                __aeabi_idiv0
 *fill*         0x00000000080009cc       0x34 
 .text          0x0000000008000a00       0xdc /Applications/ARM/bin/../lib/gcc/arm-none-eabi/10.3.1/../../../../arm-none-eabi/lib/thumb/v7e-m/nofp/libg.a(lib_a-strlen.o)
                0x0000000008000a00                strlen
 *fill*         0x0000000008000adc        0x4 
 .text          0x0000000008000ae0       0xa0 /Applications/ARM/bin/../lib/gcc/arm-none-eabi/10.3.1/../../../../arm-none-eabi/lib/thumb/v7e-m/nofp/libg.a(lib_a-memchr.o)
                0x0000000008000ae0                memchr
 .text          0x0000000008000b80      0x134 /Applications/ARM/bin/../lib/gcc/arm-none-eabi/10.3.1/../../../../arm-none-eabi/lib/thumb/v7e-m/nofp/libg.a(lib_a-memcpy.o)
                0x0000000008000b80                memcpy
 .text          0x0000000008000cb4      0x424 /Applications/ARM/bin/../lib/gcc/arm-none-eabi/10.3.1/thumb/v7e-m/nofp/libgcc.a(_arm_muldivdf3.o)
                0x0000000008000cb4                __aeabi_dmul
                0x0000000008000cb4                __muldf3
                0x0000000008000f08                __aeabi_ddiv
                0x0000000008000f08                __divdf3
 .text          0x00000000080010d8       0x2c /Applications/ARM/bin/../lib/gcc/arm-none-eabi/10.3.1/thumb/v7e-m/nofp/libgcc.a(_arm_unorddf2.o)
                0x00000000080010d8                __aeabi_dcmpun
                0x00000000080010d8                __unorddf2
 .text          0x0000000008001104       0x50 /Applications/ARM/bin/../lib/gcc/arm-none-eabi/10.3.1/thumb/v7e-m/nofp/libgcc.a(_arm_fixdfsi.o)
                0x0000000008001104                __fixdfsi
                0x0000000008001104                __aeabi_d2iz
 *(.text*)
 .text.MX_GPIO_Init
                0x0000000008001154      0x138 CMakeFiles/WoCaoV1STM32.elf.dir/Core/Src/gpio.c.obj
                0x0000000008001154                MX_GPIO_Init
 .text.MX_I2C1_Init
                0x000000000800128c       0x3c CMakeFiles/WoCaoV1STM32.elf.dir/Core/Src/i2c.c.obj
                0x000000000800128c                MX_I2C1_Init
 .text.HAL_I2C_MspInit
                0x00000000080012c8       0x70 CMakeFiles/WoCaoV1STM32.elf.dir/Core/Src/i2c.c.obj
                0x00000000080012c8                HAL_I2C_MspInit
 .text.ClearSpeed
                0x0000000008001338       0x24 CMakeFiles/WoCaoV1STM32.elf.dir/Core/Src/main.c.obj
                0x0000000008001338                ClearSpeed
 .text.CommitSpeed
                0x000000000800135c       0x40 CMakeFiles/WoCaoV1STM32.elf.dir/Core/Src/main.c.obj
                0x000000000800135c                CommitSpeed
 *fill*         0x000000000800139c        0x4 
 .text.PID_Init
                0x00000000080013a0       0xbc CMakeFiles/WoCaoV1STM32.elf.dir/Core/Src/main.c.obj
                0x00000000080013a0                PID_Init
 .text.Do_PID   0x000000000800145c       0xc2 CMakeFiles/WoCaoV1STM32.elf.dir/Core/Src/main.c.obj
                0x000000000800145c                Do_PID
 *fill*         0x000000000800151e        0x2 
 .text.PID_Tick
                0x0000000008001520      0x2fc CMakeFiles/WoCaoV1STM32.elf.dir/Core/Src/main.c.obj
                0x0000000008001520                PID_Tick
 .text.HAL_TIM_PeriodElapsedCallback
                0x000000000800181c       0x18 CMakeFiles/WoCaoV1STM32.elf.dir/Core/Src/main.c.obj
                0x000000000800181c                HAL_TIM_PeriodElapsedCallback
 .text.Error_Handler
                0x0000000008001834        0x4 CMakeFiles/WoCaoV1STM32.elf.dir/Core/Src/main.c.obj
                0x0000000008001834                Error_Handler
 .text.SystemClock_Config
                0x0000000008001838       0xa0 CMakeFiles/WoCaoV1STM32.elf.dir/Core/Src/main.c.obj
                0x0000000008001838                SystemClock_Config
 .text.main     0x00000000080018d8      0x104 CMakeFiles/WoCaoV1STM32.elf.dir/Core/Src/main.c.obj
                0x00000000080018d8                main
 .text.MX_SPI1_Init
                0x00000000080019dc       0x40 CMakeFiles/WoCaoV1STM32.elf.dir/Core/Src/spi.c.obj
                0x00000000080019dc                MX_SPI1_Init
 .text.HAL_SPI_MspInit
                0x0000000008001a1c       0x98 CMakeFiles/WoCaoV1STM32.elf.dir/Core/Src/spi.c.obj
                0x0000000008001a1c                HAL_SPI_MspInit
 .text.HAL_MspInit
                0x0000000008001ab4       0x38 CMakeFiles/WoCaoV1STM32.elf.dir/Core/Src/stm32f4xx_hal_msp.c.obj
                0x0000000008001ab4                HAL_MspInit
 .text.NMI_Handler
                0x0000000008001aec        0x2 CMakeFiles/WoCaoV1STM32.elf.dir/Core/Src/stm32f4xx_it.c.obj
                0x0000000008001aec                NMI_Handler
 .text.HardFault_Handler
                0x0000000008001aee        0x2 CMakeFiles/WoCaoV1STM32.elf.dir/Core/Src/stm32f4xx_it.c.obj
                0x0000000008001aee                HardFault_Handler
 .text.MemManage_Handler
                0x0000000008001af0        0x2 CMakeFiles/WoCaoV1STM32.elf.dir/Core/Src/stm32f4xx_it.c.obj
                0x0000000008001af0                MemManage_Handler
 .text.BusFault_Handler
                0x0000000008001af2        0x2 CMakeFiles/WoCaoV1STM32.elf.dir/Core/Src/stm32f4xx_it.c.obj
                0x0000000008001af2                BusFault_Handler
 .text.UsageFault_Handler
                0x0000000008001af4        0x2 CMakeFiles/WoCaoV1STM32.elf.dir/Core/Src/stm32f4xx_it.c.obj
                0x0000000008001af4                UsageFault_Handler
 .text.SVC_Handler
                0x0000000008001af6        0x2 CMakeFiles/WoCaoV1STM32.elf.dir/Core/Src/stm32f4xx_it.c.obj
                0x0000000008001af6                SVC_Handler
 .text.DebugMon_Handler
                0x0000000008001af8        0x2 CMakeFiles/WoCaoV1STM32.elf.dir/Core/Src/stm32f4xx_it.c.obj
                0x0000000008001af8                DebugMon_Handler
 .text.PendSV_Handler
                0x0000000008001afa        0x2 CMakeFiles/WoCaoV1STM32.elf.dir/Core/Src/stm32f4xx_it.c.obj
                0x0000000008001afa                PendSV_Handler
 .text.SysTick_Handler
                0x0000000008001afc        0x8 CMakeFiles/WoCaoV1STM32.elf.dir/Core/Src/stm32f4xx_it.c.obj
                0x0000000008001afc                SysTick_Handler
 .text.USART1_IRQHandler
                0x0000000008001b04       0x10 CMakeFiles/WoCaoV1STM32.elf.dir/Core/Src/stm32f4xx_it.c.obj
                0x0000000008001b04                USART1_IRQHandler
 .text.TIM6_DAC_IRQHandler
                0x0000000008001b14       0x10 CMakeFiles/WoCaoV1STM32.elf.dir/Core/Src/stm32f4xx_it.c.obj
                0x0000000008001b14                TIM6_DAC_IRQHandler
 .text._getpid  0x0000000008001b24        0x4 CMakeFiles/WoCaoV1STM32.elf.dir/Core/Src/syscalls.c.obj
                0x0000000008001b24                _getpid
 .text._kill    0x0000000008001b28       0x10 CMakeFiles/WoCaoV1STM32.elf.dir/Core/Src/syscalls.c.obj
                0x0000000008001b28                _kill
 .text._exit    0x0000000008001b38        0xc CMakeFiles/WoCaoV1STM32.elf.dir/Core/Src/syscalls.c.obj
                0x0000000008001b38                _exit
 .text._read    0x0000000008001b44       0x20 CMakeFiles/WoCaoV1STM32.elf.dir/Core/Src/syscalls.c.obj
                0x0000000008001b44                _read
 .text._write   0x0000000008001b64       0x1c CMakeFiles/WoCaoV1STM32.elf.dir/Core/Src/syscalls.c.obj
                0x0000000008001b64                _write
 .text._close   0x0000000008001b80        0x6 CMakeFiles/WoCaoV1STM32.elf.dir/Core/Src/syscalls.c.obj
                0x0000000008001b80                _close
 .text._fstat   0x0000000008001b86        0xa CMakeFiles/WoCaoV1STM32.elf.dir/Core/Src/syscalls.c.obj
                0x0000000008001b86                _fstat
 .text._isatty  0x0000000008001b90        0x4 CMakeFiles/WoCaoV1STM32.elf.dir/Core/Src/syscalls.c.obj
                0x0000000008001b90                _isatty
 .text._lseek   0x0000000008001b94        0x4 CMakeFiles/WoCaoV1STM32.elf.dir/Core/Src/syscalls.c.obj
                0x0000000008001b94                _lseek
 .text._sbrk    0x0000000008001b98       0x48 CMakeFiles/WoCaoV1STM32.elf.dir/Core/Src/sysmem.c.obj
                0x0000000008001b98                _sbrk
 .text.SystemInit
                0x0000000008001be0        0x2 CMakeFiles/WoCaoV1STM32.elf.dir/Core/Src/system_stm32f4xx.c.obj
                0x0000000008001be0                SystemInit
 *fill*         0x0000000008001be2        0x2 
 .text.MX_TIM1_Init
                0x0000000008001be4       0x68 CMakeFiles/WoCaoV1STM32.elf.dir/Core/Src/tim.c.obj
                0x0000000008001be4                MX_TIM1_Init
 .text.MX_TIM2_Init
                0x0000000008001c4c       0x64 CMakeFiles/WoCaoV1STM32.elf.dir/Core/Src/tim.c.obj
                0x0000000008001c4c                MX_TIM2_Init
 .text.MX_TIM3_Init
                0x0000000008001cb0       0x64 CMakeFiles/WoCaoV1STM32.elf.dir/Core/Src/tim.c.obj
                0x0000000008001cb0                MX_TIM3_Init
 .text.MX_TIM4_Init
                0x0000000008001d14       0x64 CMakeFiles/WoCaoV1STM32.elf.dir/Core/Src/tim.c.obj
                0x0000000008001d14                MX_TIM4_Init
 .text.MX_TIM6_Init
                0x0000000008001d78       0x50 CMakeFiles/WoCaoV1STM32.elf.dir/Core/Src/tim.c.obj
                0x0000000008001d78                MX_TIM6_Init
 .text.HAL_TIM_Encoder_MspInit
                0x0000000008001dc8      0x184 CMakeFiles/WoCaoV1STM32.elf.dir/Core/Src/tim.c.obj
                0x0000000008001dc8                HAL_TIM_Encoder_MspInit
 .text.HAL_TIM_Base_MspInit
                0x0000000008001f4c       0x68 CMakeFiles/WoCaoV1STM32.elf.dir/Core/Src/tim.c.obj
                0x0000000008001f4c                HAL_TIM_Base_MspInit
 .text.HAL_TIM_MspPostInit
                0x0000000008001fb4       0x5c CMakeFiles/WoCaoV1STM32.elf.dir/Core/Src/tim.c.obj
                0x0000000008001fb4                HAL_TIM_MspPostInit
 .text.MX_TIM8_Init
                0x0000000008002010      0x120 CMakeFiles/WoCaoV1STM32.elf.dir/Core/Src/tim.c.obj
                0x0000000008002010                MX_TIM8_Init
 .text.MX_UART4_Init
                0x0000000008002130       0x34 CMakeFiles/WoCaoV1STM32.elf.dir/Core/Src/usart.c.obj
                0x0000000008002130                MX_UART4_Init
 .text.MX_UART5_Init
                0x0000000008002164       0x34 CMakeFiles/WoCaoV1STM32.elf.dir/Core/Src/usart.c.obj
                0x0000000008002164                MX_UART5_Init
 .text.MX_USART1_UART_Init
                0x0000000008002198       0x34 CMakeFiles/WoCaoV1STM32.elf.dir/Core/Src/usart.c.obj
                0x0000000008002198                MX_USART1_UART_Init
 .text.MX_USART2_UART_Init
                0x00000000080021cc       0x34 CMakeFiles/WoCaoV1STM32.elf.dir/Core/Src/usart.c.obj
                0x00000000080021cc                MX_USART2_UART_Init
 .text.MX_USART3_UART_Init
                0x0000000008002200       0x34 CMakeFiles/WoCaoV1STM32.elf.dir/Core/Src/usart.c.obj
                0x0000000008002200                MX_USART3_UART_Init
 .text.MX_USART6_UART_Init
                0x0000000008002234       0x34 CMakeFiles/WoCaoV1STM32.elf.dir/Core/Src/usart.c.obj
                0x0000000008002234                MX_USART6_UART_Init
 .text.HAL_UART_MspInit
                0x0000000008002268      0x280 CMakeFiles/WoCaoV1STM32.elf.dir/Core/Src/usart.c.obj
                0x0000000008002268                HAL_UART_MspInit
 .text.Reset_Handler
                0x00000000080024e8       0x50 CMakeFiles/WoCaoV1STM32.elf.dir/Core/Startup/startup_stm32f407zgtx.s.obj
                0x00000000080024e8                Reset_Handler
 .text.Default_Handler
                0x0000000008002538        0x2 CMakeFiles/WoCaoV1STM32.elf.dir/Core/Startup/startup_stm32f407zgtx.s.obj
                0x0000000008002538                DMA1_Stream3_IRQHandler
                0x0000000008002538                HASH_RNG_IRQHandler
                0x0000000008002538                EXTI2_IRQHandler
                0x0000000008002538                TIM8_CC_IRQHandler
                0x0000000008002538                TIM1_CC_IRQHandler
                0x0000000008002538                DMA2_Stream5_IRQHandler
                0x0000000008002538                DMA1_Stream5_IRQHandler
                0x0000000008002538                PVD_IRQHandler
                0x0000000008002538                SDIO_IRQHandler
                0x0000000008002538                TAMP_STAMP_IRQHandler
                0x0000000008002538                CAN2_RX1_IRQHandler
                0x0000000008002538                EXTI3_IRQHandler
                0x0000000008002538                TIM8_TRG_COM_TIM14_IRQHandler
                0x0000000008002538                TIM1_UP_TIM10_IRQHandler
                0x0000000008002538                TIM8_UP_TIM13_IRQHandler
                0x0000000008002538                I2C3_ER_IRQHandler
                0x0000000008002538                EXTI0_IRQHandler
                0x0000000008002538                I2C2_EV_IRQHandler
                0x0000000008002538                DMA1_Stream2_IRQHandler
                0x0000000008002538                CAN1_RX0_IRQHandler
                0x0000000008002538                FPU_IRQHandler
                0x0000000008002538                OTG_HS_WKUP_IRQHandler
                0x0000000008002538                CAN2_SCE_IRQHandler
                0x0000000008002538                DMA2_Stream2_IRQHandler
                0x0000000008002538                SPI1_IRQHandler
                0x0000000008002538                TIM1_BRK_TIM9_IRQHandler
                0x0000000008002538                DCMI_IRQHandler
                0x0000000008002538                CAN2_RX0_IRQHandler
                0x0000000008002538                DMA2_Stream3_IRQHandler
                0x0000000008002538                USART6_IRQHandler
                0x0000000008002538                USART3_IRQHandler
                0x0000000008002538                CAN1_RX1_IRQHandler
                0x0000000008002538                UART5_IRQHandler
                0x0000000008002538                DMA2_Stream0_IRQHandler
                0x0000000008002538                TIM4_IRQHandler
                0x0000000008002538                I2C1_EV_IRQHandler
                0x0000000008002538                DMA1_Stream6_IRQHandler
                0x0000000008002538                DMA1_Stream1_IRQHandler
                0x0000000008002538                UART4_IRQHandler
                0x0000000008002538                TIM3_IRQHandler
                0x0000000008002538                RCC_IRQHandler
                0x0000000008002538                TIM8_BRK_TIM12_IRQHandler
                0x0000000008002538                Default_Handler
                0x0000000008002538                EXTI15_10_IRQHandler
                0x0000000008002538                ADC_IRQHandler
                0x0000000008002538                DMA1_Stream7_IRQHandler
                0x0000000008002538                TIM7_IRQHandler
                0x0000000008002538                CAN2_TX_IRQHandler
                0x0000000008002538                TIM5_IRQHandler
                0x0000000008002538                DMA2_Stream7_IRQHandler
                0x0000000008002538                I2C3_EV_IRQHandler
                0x0000000008002538                EXTI9_5_IRQHandler
                0x0000000008002538                RTC_WKUP_IRQHandler
                0x0000000008002538                ETH_WKUP_IRQHandler
                0x0000000008002538                SPI2_IRQHandler
                0x0000000008002538                OTG_HS_EP1_IN_IRQHandler
                0x0000000008002538                DMA1_Stream0_IRQHandler
                0x0000000008002538                CAN1_TX_IRQHandler
                0x0000000008002538                EXTI4_IRQHandler
                0x0000000008002538                FSMC_IRQHandler
                0x0000000008002538                ETH_IRQHandler
                0x0000000008002538                OTG_HS_EP1_OUT_IRQHandler
                0x0000000008002538                WWDG_IRQHandler
                0x0000000008002538                TIM2_IRQHandler
                0x0000000008002538                OTG_FS_WKUP_IRQHandler
                0x0000000008002538                TIM1_TRG_COM_TIM11_IRQHandler
                0x0000000008002538                OTG_HS_IRQHandler
                0x0000000008002538                EXTI1_IRQHandler
                0x0000000008002538                USART2_IRQHandler
                0x0000000008002538                I2C2_ER_IRQHandler
                0x0000000008002538                DMA2_Stream1_IRQHandler
                0x0000000008002538                CAN1_SCE_IRQHandler
                0x0000000008002538                FLASH_IRQHandler
                0x0000000008002538                DMA2_Stream4_IRQHandler
                0x0000000008002538                OTG_FS_IRQHandler
                0x0000000008002538                SPI3_IRQHandler
                0x0000000008002538                DMA1_Stream4_IRQHandler
                0x0000000008002538                I2C1_ER_IRQHandler
                0x0000000008002538                DMA2_Stream6_IRQHandler
                0x0000000008002538                RTC_Alarm_IRQHandler
 *fill*         0x000000000800253a        0x2 
 .text.HAL_InitTick
                0x000000000800253c       0x4c CMakeFiles/WoCaoV1STM32.elf.dir/Drivers/STM32F4xx_HAL_Driver/Src/stm32f4xx_hal.c.obj
                0x000000000800253c                HAL_InitTick
 .text.HAL_Init
                0x0000000008002588       0x34 CMakeFiles/WoCaoV1STM32.elf.dir/Drivers/STM32F4xx_HAL_Driver/Src/stm32f4xx_hal.c.obj
                0x0000000008002588                HAL_Init
 .text.HAL_IncTick
                0x00000000080025bc       0x18 CMakeFiles/WoCaoV1STM32.elf.dir/Drivers/STM32F4xx_HAL_Driver/Src/stm32f4xx_hal.c.obj
                0x00000000080025bc                HAL_IncTick
 .text.HAL_GetTick
                0x00000000080025d4        0xc CMakeFiles/WoCaoV1STM32.elf.dir/Drivers/STM32F4xx_HAL_Driver/Src/stm32f4xx_hal.c.obj
                0x00000000080025d4                HAL_GetTick
 .text.HAL_Delay
                0x00000000080025e0       0x28 CMakeFiles/WoCaoV1STM32.elf.dir/Drivers/STM32F4xx_HAL_Driver/Src/stm32f4xx_hal.c.obj
                0x00000000080025e0                HAL_Delay
 .text.HAL_NVIC_SetPriorityGrouping
                0x0000000008002608       0x24 CMakeFiles/WoCaoV1STM32.elf.dir/Drivers/STM32F4xx_HAL_Driver/Src/stm32f4xx_hal_cortex.c.obj
                0x0000000008002608                HAL_NVIC_SetPriorityGrouping
 .text.HAL_NVIC_SetPriority
                0x000000000800262c       0x70 CMakeFiles/WoCaoV1STM32.elf.dir/Drivers/STM32F4xx_HAL_Driver/Src/stm32f4xx_hal_cortex.c.obj
                0x000000000800262c                HAL_NVIC_SetPriority
 .text.HAL_NVIC_EnableIRQ
                0x000000000800269c       0x1c CMakeFiles/WoCaoV1STM32.elf.dir/Drivers/STM32F4xx_HAL_Driver/Src/stm32f4xx_hal_cortex.c.obj
                0x000000000800269c                HAL_NVIC_EnableIRQ
 .text.HAL_SYSTICK_Config
                0x00000000080026b8       0x28 CMakeFiles/WoCaoV1STM32.elf.dir/Drivers/STM32F4xx_HAL_Driver/Src/stm32f4xx_hal_cortex.c.obj
                0x00000000080026b8                HAL_SYSTICK_Config
 .text.HAL_DMA_Abort
                0x00000000080026e0       0x94 CMakeFiles/WoCaoV1STM32.elf.dir/Drivers/STM32F4xx_HAL_Driver/Src/stm32f4xx_hal_dma.c.obj
                0x00000000080026e0                HAL_DMA_Abort
 .text.HAL_DMA_Abort_IT
                0x0000000008002774       0x26 CMakeFiles/WoCaoV1STM32.elf.dir/Drivers/STM32F4xx_HAL_Driver/Src/stm32f4xx_hal_dma.c.obj
                0x0000000008002774                HAL_DMA_Abort_IT
 *fill*         0x000000000800279a        0x2 
 .text.HAL_GPIO_Init
                0x000000000800279c      0x1e4 CMakeFiles/WoCaoV1STM32.elf.dir/Drivers/STM32F4xx_HAL_Driver/Src/stm32f4xx_hal_gpio.c.obj
                0x000000000800279c                HAL_GPIO_Init
 .text.HAL_GPIO_WritePin
                0x0000000008002980        0xc CMakeFiles/WoCaoV1STM32.elf.dir/Drivers/STM32F4xx_HAL_Driver/Src/stm32f4xx_hal_gpio.c.obj
                0x0000000008002980                HAL_GPIO_WritePin
 .text.HAL_I2C_Init
                0x000000000800298c      0x1bc CMakeFiles/WoCaoV1STM32.elf.dir/Drivers/STM32F4xx_HAL_Driver/Src/stm32f4xx_hal_i2c.c.obj
                0x000000000800298c                HAL_I2C_Init
 .text.HAL_RCC_OscConfig
                0x0000000008002b48      0x3f8 CMakeFiles/WoCaoV1STM32.elf.dir/Drivers/STM32F4xx_HAL_Driver/Src/stm32f4xx_hal_rcc.c.obj
                0x0000000008002b48                HAL_RCC_OscConfig
 .text.HAL_RCC_GetSysClockFreq
                0x0000000008002f40       0xa4 CMakeFiles/WoCaoV1STM32.elf.dir/Drivers/STM32F4xx_HAL_Driver/Src/stm32f4xx_hal_rcc.c.obj
                0x0000000008002f40                HAL_RCC_GetSysClockFreq
 .text.HAL_RCC_ClockConfig
                0x0000000008002fe4      0x160 CMakeFiles/WoCaoV1STM32.elf.dir/Drivers/STM32F4xx_HAL_Driver/Src/stm32f4xx_hal_rcc.c.obj
                0x0000000008002fe4                HAL_RCC_ClockConfig
 .text.HAL_RCC_GetHCLKFreq
                0x0000000008003144        0xc CMakeFiles/WoCaoV1STM32.elf.dir/Drivers/STM32F4xx_HAL_Driver/Src/stm32f4xx_hal_rcc.c.obj
                0x0000000008003144                HAL_RCC_GetHCLKFreq
 .text.HAL_RCC_GetPCLK1Freq
                0x0000000008003150       0x20 CMakeFiles/WoCaoV1STM32.elf.dir/Drivers/STM32F4xx_HAL_Driver/Src/stm32f4xx_hal_rcc.c.obj
                0x0000000008003150                HAL_RCC_GetPCLK1Freq
 .text.HAL_RCC_GetPCLK2Freq
                0x0000000008003170       0x20 CMakeFiles/WoCaoV1STM32.elf.dir/Drivers/STM32F4xx_HAL_Driver/Src/stm32f4xx_hal_rcc.c.obj
                0x0000000008003170                HAL_RCC_GetPCLK2Freq
 .text.HAL_SPI_Init
                0x0000000008003190       0xbe CMakeFiles/WoCaoV1STM32.elf.dir/Drivers/STM32F4xx_HAL_Driver/Src/stm32f4xx_hal_spi.c.obj
                0x0000000008003190                HAL_SPI_Init
 *fill*         0x000000000800324e        0x2 
 .text.TIM_OC1_SetConfig
                0x0000000008003250       0x68 CMakeFiles/WoCaoV1STM32.elf.dir/Drivers/STM32F4xx_HAL_Driver/Src/stm32f4xx_hal_tim.c.obj
 .text.TIM_OC3_SetConfig
                0x00000000080032b8       0x70 CMakeFiles/WoCaoV1STM32.elf.dir/Drivers/STM32F4xx_HAL_Driver/Src/stm32f4xx_hal_tim.c.obj
 .text.TIM_OC4_SetConfig
                0x0000000008003328       0x50 CMakeFiles/WoCaoV1STM32.elf.dir/Drivers/STM32F4xx_HAL_Driver/Src/stm32f4xx_hal_tim.c.obj
 .text.TIM_TI1_ConfigInputStage
                0x0000000008003378       0x24 CMakeFiles/WoCaoV1STM32.elf.dir/Drivers/STM32F4xx_HAL_Driver/Src/stm32f4xx_hal_tim.c.obj
 .text.TIM_TI2_ConfigInputStage
                0x000000000800339c       0x26 CMakeFiles/WoCaoV1STM32.elf.dir/Drivers/STM32F4xx_HAL_Driver/Src/stm32f4xx_hal_tim.c.obj
 .text.TIM_ITRx_SetConfig
                0x00000000080033c2       0x10 CMakeFiles/WoCaoV1STM32.elf.dir/Drivers/STM32F4xx_HAL_Driver/Src/stm32f4xx_hal_tim.c.obj
 *fill*         0x00000000080033d2        0x2 
 .text.HAL_TIM_Base_Start_IT
                0x00000000080033d4       0x88 CMakeFiles/WoCaoV1STM32.elf.dir/Drivers/STM32F4xx_HAL_Driver/Src/stm32f4xx_hal_tim.c.obj
                0x00000000080033d4                HAL_TIM_Base_Start_IT
 .text.HAL_TIM_PWM_MspInit
                0x000000000800345c        0x2 CMakeFiles/WoCaoV1STM32.elf.dir/Drivers/STM32F4xx_HAL_Driver/Src/stm32f4xx_hal_tim.c.obj
                0x000000000800345c                HAL_TIM_PWM_MspInit
 .text.HAL_TIM_OC_DelayElapsedCallback
                0x000000000800345e        0x2 CMakeFiles/WoCaoV1STM32.elf.dir/Drivers/STM32F4xx_HAL_Driver/Src/stm32f4xx_hal_tim.c.obj
                0x000000000800345e                HAL_TIM_OC_DelayElapsedCallback
 .text.HAL_TIM_IC_CaptureCallback
                0x0000000008003460        0x2 CMakeFiles/WoCaoV1STM32.elf.dir/Drivers/STM32F4xx_HAL_Driver/Src/stm32f4xx_hal_tim.c.obj
                0x0000000008003460                HAL_TIM_IC_CaptureCallback
 .text.HAL_TIM_PWM_PulseFinishedCallback
                0x0000000008003462        0x2 CMakeFiles/WoCaoV1STM32.elf.dir/Drivers/STM32F4xx_HAL_Driver/Src/stm32f4xx_hal_tim.c.obj
                0x0000000008003462                HAL_TIM_PWM_PulseFinishedCallback
 .text.HAL_TIM_TriggerCallback
                0x0000000008003464        0x2 CMakeFiles/WoCaoV1STM32.elf.dir/Drivers/STM32F4xx_HAL_Driver/Src/stm32f4xx_hal_tim.c.obj
                0x0000000008003464                HAL_TIM_TriggerCallback
 .text.HAL_TIM_IRQHandler
                0x0000000008003466      0x17a CMakeFiles/WoCaoV1STM32.elf.dir/Drivers/STM32F4xx_HAL_Driver/Src/stm32f4xx_hal_tim.c.obj
                0x0000000008003466                HAL_TIM_IRQHandler
 .text.TIM_Base_SetConfig
                0x00000000080035e0       0xc8 CMakeFiles/WoCaoV1STM32.elf.dir/Drivers/STM32F4xx_HAL_Driver/Src/stm32f4xx_hal_tim.c.obj
                0x00000000080035e0                TIM_Base_SetConfig
 .text.HAL_TIM_Base_Init
                0x00000000080036a8       0x58 CMakeFiles/WoCaoV1STM32.elf.dir/Drivers/STM32F4xx_HAL_Driver/Src/stm32f4xx_hal_tim.c.obj
                0x00000000080036a8                HAL_TIM_Base_Init
 .text.HAL_TIM_PWM_Init
                0x0000000008003700       0x58 CMakeFiles/WoCaoV1STM32.elf.dir/Drivers/STM32F4xx_HAL_Driver/Src/stm32f4xx_hal_tim.c.obj
                0x0000000008003700                HAL_TIM_PWM_Init
 .text.HAL_TIM_Encoder_Init
                0x0000000008003758       0xb8 CMakeFiles/WoCaoV1STM32.elf.dir/Drivers/STM32F4xx_HAL_Driver/Src/stm32f4xx_hal_tim.c.obj
                0x0000000008003758                HAL_TIM_Encoder_Init
 .text.TIM_OC2_SetConfig
                0x0000000008003810       0x70 CMakeFiles/WoCaoV1STM32.elf.dir/Drivers/STM32F4xx_HAL_Driver/Src/stm32f4xx_hal_tim.c.obj
                0x0000000008003810                TIM_OC2_SetConfig
 .text.HAL_TIM_PWM_ConfigChannel
                0x0000000008003880       0xdc CMakeFiles/WoCaoV1STM32.elf.dir/Drivers/STM32F4xx_HAL_Driver/Src/stm32f4xx_hal_tim.c.obj
                0x0000000008003880                HAL_TIM_PWM_ConfigChannel
 .text.TIM_ETR_SetConfig
                0x000000000800395c       0x18 CMakeFiles/WoCaoV1STM32.elf.dir/Drivers/STM32F4xx_HAL_Driver/Src/stm32f4xx_hal_tim.c.obj
                0x000000000800395c                TIM_ETR_SetConfig
 .text.HAL_TIM_ConfigClockSource
                0x0000000008003974       0xfe CMakeFiles/WoCaoV1STM32.elf.dir/Drivers/STM32F4xx_HAL_Driver/Src/stm32f4xx_hal_tim.c.obj
                0x0000000008003974                HAL_TIM_ConfigClockSource
 .text.TIM_CCxChannelCmd
                0x0000000008003a72       0x1e CMakeFiles/WoCaoV1STM32.elf.dir/Drivers/STM32F4xx_HAL_Driver/Src/stm32f4xx_hal_tim.c.obj
                0x0000000008003a72                TIM_CCxChannelCmd
 .text.HAL_TIM_PWM_Start
                0x0000000008003a90      0x104 CMakeFiles/WoCaoV1STM32.elf.dir/Drivers/STM32F4xx_HAL_Driver/Src/stm32f4xx_hal_tim.c.obj
                0x0000000008003a90                HAL_TIM_PWM_Start
 .text.HAL_TIM_Encoder_Start
                0x0000000008003b94       0xcc CMakeFiles/WoCaoV1STM32.elf.dir/Drivers/STM32F4xx_HAL_Driver/Src/stm32f4xx_hal_tim.c.obj
                0x0000000008003b94                HAL_TIM_Encoder_Start
 .text.HAL_TIMEx_MasterConfigSynchronization
                0x0000000008003c60       0x8c CMakeFiles/WoCaoV1STM32.elf.dir/Drivers/STM32F4xx_HAL_Driver/Src/stm32f4xx_hal_tim_ex.c.obj
                0x0000000008003c60                HAL_TIMEx_MasterConfigSynchronization
 .text.HAL_TIMEx_ConfigBreakDeadTime
                0x0000000008003cec       0x52 CMakeFiles/WoCaoV1STM32.elf.dir/Drivers/STM32F4xx_HAL_Driver/Src/stm32f4xx_hal_tim_ex.c.obj
                0x0000000008003cec                HAL_TIMEx_ConfigBreakDeadTime
 .text.HAL_TIMEx_CommutCallback
                0x0000000008003d3e        0x2 CMakeFiles/WoCaoV1STM32.elf.dir/Drivers/STM32F4xx_HAL_Driver/Src/stm32f4xx_hal_tim_ex.c.obj
                0x0000000008003d3e                HAL_TIMEx_CommutCallback
 .text.HAL_TIMEx_BreakCallback
                0x0000000008003d40        0x2 CMakeFiles/WoCaoV1STM32.elf.dir/Drivers/STM32F4xx_HAL_Driver/Src/stm32f4xx_hal_tim_ex.c.obj
                0x0000000008003d40                HAL_TIMEx_BreakCallback
 .text.UART_EndRxTransfer
                0x0000000008003d42       0x5c CMakeFiles/WoCaoV1STM32.elf.dir/Drivers/STM32F4xx_HAL_Driver/Src/stm32f4xx_hal_uart.c.obj
 .text.UART_Transmit_IT
                0x0000000008003d9e       0x60 CMakeFiles/WoCaoV1STM32.elf.dir/Drivers/STM32F4xx_HAL_Driver/Src/stm32f4xx_hal_uart.c.obj
 *fill*         0x0000000008003dfe        0x2 
 .text.UART_SetConfig
                0x0000000008003e00      0x110 CMakeFiles/WoCaoV1STM32.elf.dir/Drivers/STM32F4xx_HAL_Driver/Src/stm32f4xx_hal_uart.c.obj
 .text.UART_WaitOnFlagUntilTimeout
                0x0000000008003f10       0x88 CMakeFiles/WoCaoV1STM32.elf.dir/Drivers/STM32F4xx_HAL_Driver/Src/stm32f4xx_hal_uart.c.obj
 .text.HAL_UART_Init
                0x0000000008003f98       0x5e CMakeFiles/WoCaoV1STM32.elf.dir/Drivers/STM32F4xx_HAL_Driver/Src/stm32f4xx_hal_uart.c.obj
                0x0000000008003f98                HAL_UART_Init
 .text.HAL_UART_Transmit
                0x0000000008003ff6       0xd8 CMakeFiles/WoCaoV1STM32.elf.dir/Drivers/STM32F4xx_HAL_Driver/Src/stm32f4xx_hal_uart.c.obj
                0x0000000008003ff6                HAL_UART_Transmit
 .text.HAL_UART_TxCpltCallback
                0x00000000080040ce        0x2 CMakeFiles/WoCaoV1STM32.elf.dir/Drivers/STM32F4xx_HAL_Driver/Src/stm32f4xx_hal_uart.c.obj
                0x00000000080040ce                HAL_UART_TxCpltCallback
 .text.UART_EndTransmit_IT
                0x00000000080040d0       0x1a CMakeFiles/WoCaoV1STM32.elf.dir/Drivers/STM32F4xx_HAL_Driver/Src/stm32f4xx_hal_uart.c.obj
 .text.HAL_UART_RxCpltCallback
                0x00000000080040ea        0x2 CMakeFiles/WoCaoV1STM32.elf.dir/Drivers/STM32F4xx_HAL_Driver/Src/stm32f4xx_hal_uart.c.obj
                0x00000000080040ea                HAL_UART_RxCpltCallback
 .text.HAL_UART_ErrorCallback
                0x00000000080040ec        0x2 CMakeFiles/WoCaoV1STM32.elf.dir/Drivers/STM32F4xx_HAL_Driver/Src/stm32f4xx_hal_uart.c.obj
                0x00000000080040ec                HAL_UART_ErrorCallback
 .text.UART_DMAAbortOnError
                0x00000000080040ee       0x10 CMakeFiles/WoCaoV1STM32.elf.dir/Drivers/STM32F4xx_HAL_Driver/Src/stm32f4xx_hal_uart.c.obj
 .text.HAL_UARTEx_RxEventCallback
                0x00000000080040fe        0x2 CMakeFiles/WoCaoV1STM32.elf.dir/Drivers/STM32F4xx_HAL_Driver/Src/stm32f4xx_hal_uart.c.obj
                0x00000000080040fe                HAL_UARTEx_RxEventCallback
 .text.UART_Receive_IT
                0x0000000008004100       0xe2 CMakeFiles/WoCaoV1STM32.elf.dir/Drivers/STM32F4xx_HAL_Driver/Src/stm32f4xx_hal_uart.c.obj
 *fill*         0x00000000080041e2        0x2 
 .text.HAL_UART_IRQHandler
                0x00000000080041e4      0x280 CMakeFiles/WoCaoV1STM32.elf.dir/Drivers/STM32F4xx_HAL_Driver/Src/stm32f4xx_hal_uart.c.obj
                0x00000000080041e4                HAL_UART_IRQHandler
 .text.__errno  0x0000000008004464        0xc /Applications/ARM/bin/../lib/gcc/arm-none-eabi/10.3.1/../../../../arm-none-eabi/lib/thumb/v7e-m/nofp/libg.a(lib_a-errno.o)
                0x0000000008004464                __errno
 .text.__libc_init_array
                0x0000000008004470       0x48 /Applications/ARM/bin/../lib/gcc/arm-none-eabi/10.3.1/../../../../arm-none-eabi/lib/thumb/v7e-m/nofp/libg.a(lib_a-init.o)
                0x0000000008004470                __libc_init_array
 .text.memset   0x00000000080044b8       0xa4 /Applications/ARM/bin/../lib/gcc/arm-none-eabi/10.3.1/../../../../arm-none-eabi/lib/thumb/v7e-m/nofp/libg.a(lib_a-memset.o)
                0x00000000080044b8                memset
 .text.snprintf
                0x000000000800455c       0x88 /Applications/ARM/bin/../lib/gcc/arm-none-eabi/10.3.1/../../../../arm-none-eabi/lib/thumb/v7e-m/nofp/libg.a(lib_a-snprintf.o)
                0x000000000800455c                snprintf
 .text._svfprintf_r
                0x00000000080045e4     0x1a3c /Applications/ARM/bin/../lib/gcc/arm-none-eabi/10.3.1/../../../../arm-none-eabi/lib/thumb/v7e-m/nofp/libg.a(lib_a-svfprintf.o)
                0x00000000080045e4                _svfprintf_r
 .text.startup.register_fini
                0x0000000008006020       0x14 /Applications/ARM/bin/../lib/gcc/arm-none-eabi/10.3.1/../../../../arm-none-eabi/lib/thumb/v7e-m/nofp/libg.a(lib_a-__call_atexit.o)
 .text.atexit   0x0000000008006034        0xc /Applications/ARM/bin/../lib/gcc/arm-none-eabi/10.3.1/../../../../arm-none-eabi/lib/thumb/v7e-m/nofp/libg.a(lib_a-atexit.o)
                0x0000000008006034                atexit
 .text.quorem   0x0000000008006040      0x124 /Applications/ARM/bin/../lib/gcc/arm-none-eabi/10.3.1/../../../../arm-none-eabi/lib/thumb/v7e-m/nofp/libg.a(lib_a-dtoa.o)
 *fill*         0x0000000008006164        0x4 
 .text._dtoa_r  0x0000000008006168      0xec4 /Applications/ARM/bin/../lib/gcc/arm-none-eabi/10.3.1/../../../../arm-none-eabi/lib/thumb/v7e-m/nofp/libg.a(lib_a-dtoa.o)
                0x0000000008006168                _dtoa_r
 .text.__libc_fini_array
                0x000000000800702c       0x2c /Applications/ARM/bin/../lib/gcc/arm-none-eabi/10.3.1/../../../../arm-none-eabi/lib/thumb/v7e-m/nofp/libg.a(lib_a-fini.o)
                0x000000000800702c                __libc_fini_array
 .text._malloc_trim_r
                0x0000000008007058       0xa0 /Applications/ARM/bin/../lib/gcc/arm-none-eabi/10.3.1/../../../../arm-none-eabi/lib/thumb/v7e-m/nofp/libg.a(lib_a-freer.o)
                0x0000000008007058                _malloc_trim_r
 .text._free_r  0x00000000080070f8      0x20c /Applications/ARM/bin/../lib/gcc/arm-none-eabi/10.3.1/../../../../arm-none-eabi/lib/thumb/v7e-m/nofp/libg.a(lib_a-freer.o)
                0x00000000080070f8                _free_r
 .text._localeconv_r
                0x0000000008007304        0x8 /Applications/ARM/bin/../lib/gcc/arm-none-eabi/10.3.1/../../../../arm-none-eabi/lib/thumb/v7e-m/nofp/libg.a(lib_a-localeconv.o)
                0x0000000008007304                _localeconv_r
 .text.__retarget_lock_init_recursive
                0x000000000800730c        0x4 /Applications/ARM/bin/../lib/gcc/arm-none-eabi/10.3.1/../../../../arm-none-eabi/lib/thumb/v7e-m/nofp/libg.a(lib_a-lock.o)
                0x000000000800730c                __retarget_lock_init_recursive
 .text.__retarget_lock_close_recursive
                0x0000000008007310        0x4 /Applications/ARM/bin/../lib/gcc/arm-none-eabi/10.3.1/../../../../arm-none-eabi/lib/thumb/v7e-m/nofp/libg.a(lib_a-lock.o)
                0x0000000008007310                __retarget_lock_close_recursive
 .text.__retarget_lock_acquire_recursive
                0x0000000008007314        0x4 /Applications/ARM/bin/../lib/gcc/arm-none-eabi/10.3.1/../../../../arm-none-eabi/lib/thumb/v7e-m/nofp/libg.a(lib_a-lock.o)
                0x0000000008007314                __retarget_lock_acquire_recursive
 .text.__retarget_lock_release_recursive
                0x0000000008007318        0x4 /Applications/ARM/bin/../lib/gcc/arm-none-eabi/10.3.1/../../../../arm-none-eabi/lib/thumb/v7e-m/nofp/libg.a(lib_a-lock.o)
                0x0000000008007318                __retarget_lock_release_recursive
 .text._malloc_r
                0x000000000800731c      0x560 /Applications/ARM/bin/../lib/gcc/arm-none-eabi/10.3.1/../../../../arm-none-eabi/lib/thumb/v7e-m/nofp/libg.a(lib_a-mallocr.o)
                0x000000000800731c                _malloc_r
 .text.__malloc_lock
                0x000000000800787c        0xc /Applications/ARM/bin/../lib/gcc/arm-none-eabi/10.3.1/../../../../arm-none-eabi/lib/thumb/v7e-m/nofp/libg.a(lib_a-mlock.o)
                0x000000000800787c                __malloc_lock
 .text.__malloc_unlock
                0x0000000008007888        0xc /Applications/ARM/bin/../lib/gcc/arm-none-eabi/10.3.1/../../../../arm-none-eabi/lib/thumb/v7e-m/nofp/libg.a(lib_a-mlock.o)
                0x0000000008007888                __malloc_unlock
 .text._Balloc  0x0000000008007894       0x4c /Applications/ARM/bin/../lib/gcc/arm-none-eabi/10.3.1/../../../../arm-none-eabi/lib/thumb/v7e-m/nofp/libg.a(lib_a-mprec.o)
                0x0000000008007894                _Balloc
 .text._Bfree   0x00000000080078e0       0x14 /Applications/ARM/bin/../lib/gcc/arm-none-eabi/10.3.1/../../../../arm-none-eabi/lib/thumb/v7e-m/nofp/libg.a(lib_a-mprec.o)
                0x00000000080078e0                _Bfree
 .text.__multadd
                0x00000000080078f4       0xa0 /Applications/ARM/bin/../lib/gcc/arm-none-eabi/10.3.1/../../../../arm-none-eabi/lib/thumb/v7e-m/nofp/libg.a(lib_a-mprec.o)
                0x00000000080078f4                __multadd
 .text.__hi0bits
                0x0000000008007994       0x40 /Applications/ARM/bin/../lib/gcc/arm-none-eabi/10.3.1/../../../../arm-none-eabi/lib/thumb/v7e-m/nofp/libg.a(lib_a-mprec.o)
                0x0000000008007994                __hi0bits
 .text.__lo0bits
                0x00000000080079d4       0x5c /Applications/ARM/bin/../lib/gcc/arm-none-eabi/10.3.1/../../../../arm-none-eabi/lib/thumb/v7e-m/nofp/libg.a(lib_a-mprec.o)
                0x00000000080079d4                __lo0bits
 .text.__i2b    0x0000000008007a30       0x5c /Applications/ARM/bin/../lib/gcc/arm-none-eabi/10.3.1/../../../../arm-none-eabi/lib/thumb/v7e-m/nofp/libg.a(lib_a-mprec.o)
                0x0000000008007a30                __i2b
 .text.__multiply
                0x0000000008007a8c      0x15c /Applications/ARM/bin/../lib/gcc/arm-none-eabi/10.3.1/../../../../arm-none-eabi/lib/thumb/v7e-m/nofp/libg.a(lib_a-mprec.o)
                0x0000000008007a8c                __multiply
 .text.__pow5mult
                0x0000000008007be8       0xc0 /Applications/ARM/bin/../lib/gcc/arm-none-eabi/10.3.1/../../../../arm-none-eabi/lib/thumb/v7e-m/nofp/libg.a(lib_a-mprec.o)
                0x0000000008007be8                __pow5mult
 .text.__lshift
                0x0000000008007ca8       0xf0 /Applications/ARM/bin/../lib/gcc/arm-none-eabi/10.3.1/../../../../arm-none-eabi/lib/thumb/v7e-m/nofp/libg.a(lib_a-mprec.o)
                0x0000000008007ca8                __lshift
 .text.__mcmp   0x0000000008007d98       0x40 /Applications/ARM/bin/../lib/gcc/arm-none-eabi/10.3.1/../../../../arm-none-eabi/lib/thumb/v7e-m/nofp/libg.a(lib_a-mprec.o)
                0x0000000008007d98                __mcmp
 .text.__mdiff  0x0000000008007dd8      0x14c /Applications/ARM/bin/../lib/gcc/arm-none-eabi/10.3.1/../../../../arm-none-eabi/lib/thumb/v7e-m/nofp/libg.a(lib_a-mprec.o)
                0x0000000008007dd8                __mdiff
 .text.__d2b    0x0000000008007f24       0xc4 /Applications/ARM/bin/../lib/gcc/arm-none-eabi/10.3.1/../../../../arm-none-eabi/lib/thumb/v7e-m/nofp/libg.a(lib_a-mprec.o)
                0x0000000008007f24                __d2b
 .text.frexp    0x0000000008007fe8       0x70 /Applications/ARM/bin/../lib/gcc/arm-none-eabi/10.3.1/../../../../arm-none-eabi/lib/thumb/v7e-m/nofp/libg.a(lib_a-s_frexp.o)
                0x0000000008007fe8                frexp
 .text._sbrk_r  0x0000000008008058       0x24 /Applications/ARM/bin/../lib/gcc/arm-none-eabi/10.3.1/../../../../arm-none-eabi/lib/thumb/v7e-m/nofp/libg.a(lib_a-sbrkr.o)
                0x0000000008008058                _sbrk_r
 .text.strncpy  0x000000000800807c       0x64 /Applications/ARM/bin/../lib/gcc/arm-none-eabi/10.3.1/../../../../arm-none-eabi/lib/thumb/v7e-m/nofp/libg.a(lib_a-strncpy.o)
                0x000000000800807c                strncpy
 .text.__ssprint_r
                0x00000000080080e0       0xf8 /Applications/ARM/bin/../lib/gcc/arm-none-eabi/10.3.1/../../../../arm-none-eabi/lib/thumb/v7e-m/nofp/libg.a(lib_a-svfiprintf.o)
                0x00000000080080e0                __ssprint_r
 .text.__register_exitproc
                0x00000000080081d8       0x8c /Applications/ARM/bin/../lib/gcc/arm-none-eabi/10.3.1/../../../../arm-none-eabi/lib/thumb/v7e-m/nofp/libg.a(lib_a-__atexit.o)
                0x00000000080081d8                __register_exitproc
 .text.__assert_func
                0x0000000008008264       0x40 /Applications/ARM/bin/../lib/gcc/arm-none-eabi/10.3.1/../../../../arm-none-eabi/lib/thumb/v7e-m/nofp/libg.a(lib_a-assert.o)
                0x0000000008008264                __assert_func
 .text._calloc_r
                0x00000000080082a4       0x78 /Applications/ARM/bin/../lib/gcc/arm-none-eabi/10.3.1/../../../../arm-none-eabi/lib/thumb/v7e-m/nofp/libg.a(lib_a-callocr.o)
                0x00000000080082a4                _calloc_r
 .text.fiprintf
                0x000000000800831c       0x28 /Applications/ARM/bin/../lib/gcc/arm-none-eabi/10.3.1/../../../../arm-none-eabi/lib/thumb/v7e-m/nofp/libg.a(lib_a-fiprintf.o)
                0x000000000800831c                fiprintf
 .text.__locale_mb_cur_max
                0x0000000008008344        0xc /Applications/ARM/bin/../lib/gcc/arm-none-eabi/10.3.1/../../../../arm-none-eabi/lib/thumb/v7e-m/nofp/libg.a(lib_a-locale.o)
                0x0000000008008344                __locale_mb_cur_max
 .text.__ascii_mbtowc
                0x0000000008008350       0x2c /Applications/ARM/bin/../lib/gcc/arm-none-eabi/10.3.1/../../../../arm-none-eabi/lib/thumb/v7e-m/nofp/libg.a(lib_a-mbtowc_r.o)
                0x0000000008008350                __ascii_mbtowc
 .text.memmove  0x000000000800837c       0xf8 /Applications/ARM/bin/../lib/gcc/arm-none-eabi/10.3.1/../../../../arm-none-eabi/lib/thumb/v7e-m/nofp/libg.a(lib_a-memmove.o)
                0x000000000800837c                memmove
 .text._realloc_r
                0x0000000008008474      0x3d8 /Applications/ARM/bin/../lib/gcc/arm-none-eabi/10.3.1/../../../../arm-none-eabi/lib/thumb/v7e-m/nofp/libg.a(lib_a-reallocr.o)
                0x0000000008008474                _realloc_r
 .text.__sprint_r.part.0
                0x000000000800884c       0x78 /Applications/ARM/bin/../lib/gcc/arm-none-eabi/10.3.1/../../../../arm-none-eabi/lib/thumb/v7e-m/nofp/libg.a(lib_a-vfiprintf.o)
 .text._vfiprintf_r
                0x00000000080088c4      0xda0 /Applications/ARM/bin/../lib/gcc/arm-none-eabi/10.3.1/../../../../arm-none-eabi/lib/thumb/v7e-m/nofp/libg.a(lib_a-vfiprintf.o)
                0x00000000080088c4                _vfiprintf_r
 .text.__sbprintf
                0x0000000008009664       0x80 /Applications/ARM/bin/../lib/gcc/arm-none-eabi/10.3.1/../../../../arm-none-eabi/lib/thumb/v7e-m/nofp/libg.a(lib_a-vfiprintf.o)
 .text.__ascii_wctomb
                0x00000000080096e4       0x1c /Applications/ARM/bin/../lib/gcc/arm-none-eabi/10.3.1/../../../../arm-none-eabi/lib/thumb/v7e-m/nofp/libg.a(lib_a-wctomb_r.o)
                0x00000000080096e4                __ascii_wctomb
 .text.__swsetup_r
                0x0000000008009700       0xd4 /Applications/ARM/bin/../lib/gcc/arm-none-eabi/10.3.1/../../../../arm-none-eabi/lib/thumb/v7e-m/nofp/libg.a(lib_a-wsetup.o)
                0x0000000008009700                __swsetup_r
 .text.abort    0x00000000080097d4       0x10 /Applications/ARM/bin/../lib/gcc/arm-none-eabi/10.3.1/../../../../arm-none-eabi/lib/thumb/v7e-m/nofp/libg.a(lib_a-abort.o)
                0x00000000080097d4                abort
 .text.__sflush_r
                0x00000000080097e4      0x120 /Applications/ARM/bin/../lib/gcc/arm-none-eabi/10.3.1/../../../../arm-none-eabi/lib/thumb/v7e-m/nofp/libg.a(lib_a-fflush.o)
                0x00000000080097e4                __sflush_r
 .text._fflush_r
                0x0000000008009904       0x5c /Applications/ARM/bin/../lib/gcc/arm-none-eabi/10.3.1/../../../../arm-none-eabi/lib/thumb/v7e-m/nofp/libg.a(lib_a-fflush.o)
                0x0000000008009904                _fflush_r
 .text._cleanup_r
                0x0000000008009960        0xc /Applications/ARM/bin/../lib/gcc/arm-none-eabi/10.3.1/../../../../arm-none-eabi/lib/thumb/v7e-m/nofp/libg.a(lib_a-findfp.o)
                0x0000000008009960                _cleanup_r
 .text.__sinit  0x000000000800996c      0x10c /Applications/ARM/bin/../lib/gcc/arm-none-eabi/10.3.1/../../../../arm-none-eabi/lib/thumb/v7e-m/nofp/libg.a(lib_a-findfp.o)
                0x000000000800996c                __sinit
 .text.__sfp_lock_acquire
                0x0000000008009a78        0xc /Applications/ARM/bin/../lib/gcc/arm-none-eabi/10.3.1/../../../../arm-none-eabi/lib/thumb/v7e-m/nofp/libg.a(lib_a-findfp.o)
                0x0000000008009a78                __sfp_lock_acquire
 .text.__sfp_lock_release
                0x0000000008009a84        0xc /Applications/ARM/bin/../lib/gcc/arm-none-eabi/10.3.1/../../../../arm-none-eabi/lib/thumb/v7e-m/nofp/libg.a(lib_a-findfp.o)
                0x0000000008009a84                __sfp_lock_release
 .text.__fputwc
                0x0000000008009a90       0xa8 /Applications/ARM/bin/../lib/gcc/arm-none-eabi/10.3.1/../../../../arm-none-eabi/lib/thumb/v7e-m/nofp/libg.a(lib_a-fputwc.o)
                0x0000000008009a90                __fputwc
 .text._fputwc_r
                0x0000000008009b38       0x68 /Applications/ARM/bin/../lib/gcc/arm-none-eabi/10.3.1/../../../../arm-none-eabi/lib/thumb/v7e-m/nofp/libg.a(lib_a-fputwc.o)
                0x0000000008009b38                _fputwc_r
 .text.__sfvwrite_r
                0x0000000008009ba0      0x2e8 /Applications/ARM/bin/../lib/gcc/arm-none-eabi/10.3.1/../../../../arm-none-eabi/lib/thumb/v7e-m/nofp/libg.a(lib_a-fvwrite.o)
                0x0000000008009ba0                __sfvwrite_r
 .text._fwalk_reent
                0x0000000008009e88       0x48 /Applications/ARM/bin/../lib/gcc/arm-none-eabi/10.3.1/../../../../arm-none-eabi/lib/thumb/v7e-m/nofp/libg.a(lib_a-fwalk.o)
                0x0000000008009e88                _fwalk_reent
 .text.__smakebuf_r
                0x0000000008009ed0       0xe0 /Applications/ARM/bin/../lib/gcc/arm-none-eabi/10.3.1/../../../../arm-none-eabi/lib/thumb/v7e-m/nofp/libg.a(lib_a-makebuf.o)
                0x0000000008009ed0                __smakebuf_r
 .text.raise    0x0000000008009fb0       0x5c /Applications/ARM/bin/../lib/gcc/arm-none-eabi/10.3.1/../../../../arm-none-eabi/lib/thumb/v7e-m/nofp/libg.a(lib_a-signal.o)
                0x0000000008009fb0                raise
 .text._kill_r  0x000000000800a00c       0x2c /Applications/ARM/bin/../lib/gcc/arm-none-eabi/10.3.1/../../../../arm-none-eabi/lib/thumb/v7e-m/nofp/libg.a(lib_a-signalr.o)
                0x000000000800a00c                _kill_r
 .text._getpid_r
                0x000000000800a038        0x4 /Applications/ARM/bin/../lib/gcc/arm-none-eabi/10.3.1/../../../../arm-none-eabi/lib/thumb/v7e-m/nofp/libg.a(lib_a-signalr.o)
                0x000000000800a038                _getpid_r
 .text.__sread  0x000000000800a03c       0x24 /Applications/ARM/bin/../lib/gcc/arm-none-eabi/10.3.1/../../../../arm-none-eabi/lib/thumb/v7e-m/nofp/libg.a(lib_a-stdio.o)
                0x000000000800a03c                __sread
 .text.__swrite
                0x000000000800a060       0x40 /Applications/ARM/bin/../lib/gcc/arm-none-eabi/10.3.1/../../../../arm-none-eabi/lib/thumb/v7e-m/nofp/libg.a(lib_a-stdio.o)
                0x000000000800a060                __swrite
 .text.__sseek  0x000000000800a0a0       0x20 /Applications/ARM/bin/../lib/gcc/arm-none-eabi/10.3.1/../../../../arm-none-eabi/lib/thumb/v7e-m/nofp/libg.a(lib_a-stdio.o)
                0x000000000800a0a0                __sseek
 .text.__sclose
                0x000000000800a0c0        0x8 /Applications/ARM/bin/../lib/gcc/arm-none-eabi/10.3.1/../../../../arm-none-eabi/lib/thumb/v7e-m/nofp/libg.a(lib_a-stdio.o)
                0x000000000800a0c0                __sclose
 .text.__swbuf_r
                0x000000000800a0c8       0xb0 /Applications/ARM/bin/../lib/gcc/arm-none-eabi/10.3.1/../../../../arm-none-eabi/lib/thumb/v7e-m/nofp/libg.a(lib_a-wbuf.o)
                0x000000000800a0c8                __swbuf_r
 .text._wcrtomb_r
                0x000000000800a178       0x3c /Applications/ARM/bin/../lib/gcc/arm-none-eabi/10.3.1/../../../../arm-none-eabi/lib/thumb/v7e-m/nofp/libg.a(lib_a-wcrtomb.o)
                0x000000000800a178                _wcrtomb_r
 .text._write_r
                0x000000000800a1b4       0x2c /Applications/ARM/bin/../lib/gcc/arm-none-eabi/10.3.1/../../../../arm-none-eabi/lib/thumb/v7e-m/nofp/libg.a(lib_a-writer.o)
                0x000000000800a1b4                _write_r
 .text._close_r
                0x000000000800a1e0       0x24 /Applications/ARM/bin/../lib/gcc/arm-none-eabi/10.3.1/../../../../arm-none-eabi/lib/thumb/v7e-m/nofp/libg.a(lib_a-closer.o)
                0x000000000800a1e0                _close_r
 .text._fclose_r
                0x000000000800a204       0xcc /Applications/ARM/bin/../lib/gcc/arm-none-eabi/10.3.1/../../../../arm-none-eabi/lib/thumb/v7e-m/nofp/libg.a(lib_a-fclose.o)
                0x000000000800a204                _fclose_r
 .text._fstat_r
                0x000000000800a2d0       0x2c /Applications/ARM/bin/../lib/gcc/arm-none-eabi/10.3.1/../../../../arm-none-eabi/lib/thumb/v7e-m/nofp/libg.a(lib_a-fstatr.o)
                0x000000000800a2d0                _fstat_r
 .text._isatty_r
                0x000000000800a2fc       0x24 /Applications/ARM/bin/../lib/gcc/arm-none-eabi/10.3.1/../../../../arm-none-eabi/lib/thumb/v7e-m/nofp/libg.a(lib_a-isattyr.o)
                0x000000000800a2fc                _isatty_r
 .text._lseek_r
                0x000000000800a320       0x2c /Applications/ARM/bin/../lib/gcc/arm-none-eabi/10.3.1/../../../../arm-none-eabi/lib/thumb/v7e-m/nofp/libg.a(lib_a-lseekr.o)
                0x000000000800a320                _lseek_r
 .text._read_r  0x000000000800a34c       0x2c /Applications/ARM/bin/../lib/gcc/arm-none-eabi/10.3.1/../../../../arm-none-eabi/lib/thumb/v7e-m/nofp/libg.a(lib_a-readr.o)
                0x000000000800a34c                _read_r
 *(.glue_7)
 .glue_7        0x000000000800a378        0x0 linker stubs
 *(.glue_7t)
 .glue_7t       0x000000000800a378        0x0 linker stubs
 *(.eh_frame)
 .eh_frame      0x000000000800a378        0x0 /Applications/ARM/bin/../lib/gcc/arm-none-eabi/10.3.1/thumb/v7e-m/nofp/crtbegin.o
 *(.init)
 .init          0x000000000800a378        0x4 /Applications/ARM/bin/../lib/gcc/arm-none-eabi/10.3.1/thumb/v7e-m/nofp/crti.o
                0x000000000800a378                _init
 .init          0x000000000800a37c        0x8 /Applications/ARM/bin/../lib/gcc/arm-none-eabi/10.3.1/thumb/v7e-m/nofp/crtn.o
 *(.fini)
 .fini          0x000000000800a384        0x4 /Applications/ARM/bin/../lib/gcc/arm-none-eabi/10.3.1/thumb/v7e-m/nofp/crti.o
                0x000000000800a384                _fini
 .fini          0x000000000800a388        0x8 /Applications/ARM/bin/../lib/gcc/arm-none-eabi/10.3.1/thumb/v7e-m/nofp/crtn.o
                0x000000000800a390                . = ALIGN (0x4)
                0x000000000800a390                _etext = .

.vfp11_veneer   0x000000000800a390        0x0
 .vfp11_veneer  0x000000000800a390        0x0 linker stubs

.v4_bx          0x000000000800a390        0x0
 .v4_bx         0x000000000800a390        0x0 linker stubs

.iplt           0x000000000800a390        0x0
 .iplt          0x000000000800a390        0x0 /Applications/ARM/bin/../lib/gcc/arm-none-eabi/10.3.1/thumb/v7e-m/nofp/crtbegin.o

.rodata         0x000000000800a390      0x3e8
                0x000000000800a390                . = ALIGN (0x4)
 *(.rodata)
 *(.rodata*)
 .rodata.main.str1.4
                0x000000000800a390       0x18 CMakeFiles/WoCaoV1STM32.elf.dir/Core/Src/main.c.obj
 .rodata.AHBPrescTable
                0x000000000800a3a8       0x10 CMakeFiles/WoCaoV1STM32.elf.dir/Core/Src/system_stm32f4xx.c.obj
                0x000000000800a3a8                AHBPrescTable
 .rodata.APBPrescTable
                0x000000000800a3b8        0x8 CMakeFiles/WoCaoV1STM32.elf.dir/Core/Src/system_stm32f4xx.c.obj
                0x000000000800a3b8                APBPrescTable
 .rodata._global_impure_ptr
                0x000000000800a3c0        0x4 /Applications/ARM/bin/../lib/gcc/arm-none-eabi/10.3.1/../../../../arm-none-eabi/lib/thumb/v7e-m/nofp/libg.a(lib_a-impure.o)
                0x000000000800a3c0                _global_impure_ptr
 .rodata._svfprintf_r.str1.4
                0x000000000800a3c4       0x42 /Applications/ARM/bin/../lib/gcc/arm-none-eabi/10.3.1/../../../../arm-none-eabi/lib/thumb/v7e-m/nofp/libg.a(lib_a-svfprintf.o)
 *fill*         0x000000000800a406        0x2 
 .rodata.blanks.1
                0x000000000800a408       0x10 /Applications/ARM/bin/../lib/gcc/arm-none-eabi/10.3.1/../../../../arm-none-eabi/lib/thumb/v7e-m/nofp/libg.a(lib_a-svfprintf.o)
 .rodata.zeroes.0
                0x000000000800a418       0x10 /Applications/ARM/bin/../lib/gcc/arm-none-eabi/10.3.1/../../../../arm-none-eabi/lib/thumb/v7e-m/nofp/libg.a(lib_a-svfprintf.o)
 .rodata._dtoa_r.str1.4
                0x000000000800a428       0x7e /Applications/ARM/bin/../lib/gcc/arm-none-eabi/10.3.1/../../../../arm-none-eabi/lib/thumb/v7e-m/nofp/libg.a(lib_a-dtoa.o)
                                         0x82 (size before relaxing)
 *fill*         0x000000000800a4a6        0x2 
 .rodata.__multadd.str1.4
                0x000000000800a4a8       0x5b /Applications/ARM/bin/../lib/gcc/arm-none-eabi/10.3.1/../../../../arm-none-eabi/lib/thumb/v7e-m/nofp/libg.a(lib_a-mprec.o)
                                         0x6f (size before relaxing)
 *fill*         0x000000000800a503        0x5 
 .rodata.__mprec_bigtens
                0x000000000800a508       0x28 /Applications/ARM/bin/../lib/gcc/arm-none-eabi/10.3.1/../../../../arm-none-eabi/lib/thumb/v7e-m/nofp/libg.a(lib_a-mprec.o)
                0x000000000800a508                __mprec_bigtens
 .rodata.__mprec_tens
                0x000000000800a530       0xc8 /Applications/ARM/bin/../lib/gcc/arm-none-eabi/10.3.1/../../../../arm-none-eabi/lib/thumb/v7e-m/nofp/libg.a(lib_a-mprec.o)
                0x000000000800a530                __mprec_tens
 .rodata.p05.0  0x000000000800a5f8        0xc /Applications/ARM/bin/../lib/gcc/arm-none-eabi/10.3.1/../../../../arm-none-eabi/lib/thumb/v7e-m/nofp/libg.a(lib_a-mprec.o)
 .rodata.__assert_func.str1.4
                0x000000000800a604       0x3f /Applications/ARM/bin/../lib/gcc/arm-none-eabi/10.3.1/../../../../arm-none-eabi/lib/thumb/v7e-m/nofp/libg.a(lib_a-assert.o)
                                         0x43 (size before relaxing)
 *fill*         0x000000000800a643        0x1 
 .rodata._setlocale_r.str1.4
                0x000000000800a644        0xa /Applications/ARM/bin/../lib/gcc/arm-none-eabi/10.3.1/../../../../arm-none-eabi/lib/thumb/v7e-m/nofp/libg.a(lib_a-locale.o)
                                          0xd (size before relaxing)
 *fill*         0x000000000800a64e        0x2 
 .rodata.str1.4
                0x000000000800a650        0x2 /Applications/ARM/bin/../lib/gcc/arm-none-eabi/10.3.1/../../../../arm-none-eabi/lib/thumb/v7e-m/nofp/libg.a(lib_a-locale.o)
 .rodata._vfiprintf_r.str1.4
                0x000000000800a652       0x2f /Applications/ARM/bin/../lib/gcc/arm-none-eabi/10.3.1/../../../../arm-none-eabi/lib/thumb/v7e-m/nofp/libg.a(lib_a-vfiprintf.o)
 *fill*         0x000000000800a652        0x2 
 .rodata.blanks.1
                0x000000000800a654       0x10 /Applications/ARM/bin/../lib/gcc/arm-none-eabi/10.3.1/../../../../arm-none-eabi/lib/thumb/v7e-m/nofp/libg.a(lib_a-vfiprintf.o)
 .rodata.zeroes.0
                0x000000000800a664       0x10 /Applications/ARM/bin/../lib/gcc/arm-none-eabi/10.3.1/../../../../arm-none-eabi/lib/thumb/v7e-m/nofp/libg.a(lib_a-vfiprintf.o)
 .rodata._ctype_
                0x000000000800a674      0x101 /Applications/ARM/bin/../lib/gcc/arm-none-eabi/10.3.1/../../../../arm-none-eabi/lib/thumb/v7e-m/nofp/libg.a(lib_a-ctype_.o)
                0x000000000800a674                _ctype_
                0x000000000800a778                . = ALIGN (0x4)
 *fill*         0x000000000800a775        0x3 

.ARM.extab      0x000000000800a778        0x0
                0x000000000800a778                . = ALIGN (0x4)
 *(.ARM.extab* .gnu.linkonce.armextab.*)
                0x000000000800a778                . = ALIGN (0x4)

.ARM            0x000000000800a778        0x8
                0x000000000800a778                . = ALIGN (0x4)
                0x000000000800a778                __exidx_start = .
 *(.ARM.exidx*)
 .ARM.exidx     0x000000000800a778        0x8 /Applications/ARM/bin/../lib/gcc/arm-none-eabi/10.3.1/thumb/v7e-m/nofp/libgcc.a(_udivmoddi4.o)
                0x000000000800a780                __exidx_end = .
                0x000000000800a780                . = ALIGN (0x4)

.rel.dyn        0x000000000800a780        0x0
 .rel.iplt      0x000000000800a780        0x0 /Applications/ARM/bin/../lib/gcc/arm-none-eabi/10.3.1/thumb/v7e-m/nofp/crtbegin.o

.preinit_array  0x000000000800a780        0x0
                0x000000000800a780                . = ALIGN (0x4)
                0x000000000800a780                PROVIDE (__preinit_array_start = .)
 *(.preinit_array*)
                0x000000000800a780                PROVIDE (__preinit_array_end = .)
                0x000000000800a780                . = ALIGN (0x4)

.init_array     0x000000000800a780        0x8
                0x000000000800a780                . = ALIGN (0x4)
                0x000000000800a780                PROVIDE (__init_array_start = .)
 *(SORT_BY_NAME(.init_array.*))
 .init_array.00000
                0x000000000800a780        0x4 /Applications/ARM/bin/../lib/gcc/arm-none-eabi/10.3.1/../../../../arm-none-eabi/lib/thumb/v7e-m/nofp/libg.a(lib_a-__call_atexit.o)
 *(.init_array*)
 .init_array    0x000000000800a784        0x4 /Applications/ARM/bin/../lib/gcc/arm-none-eabi/10.3.1/thumb/v7e-m/nofp/crtbegin.o
                0x000000000800a788                PROVIDE (__init_array_end = .)
                0x000000000800a788                . = ALIGN (0x4)

.fini_array     0x000000000800a788        0x4
                0x000000000800a788                . = ALIGN (0x4)
                0x000000000800a788                PROVIDE (__fini_array_start = .)
 *(SORT_BY_NAME(.fini_array.*))
 *(.fini_array*)
 .fini_array    0x000000000800a788        0x4 /Applications/ARM/bin/../lib/gcc/arm-none-eabi/10.3.1/thumb/v7e-m/nofp/crtbegin.o
                0x000000000800a78c                PROVIDE (__fini_array_end = .)
                0x000000000800a78c                . = ALIGN (0x4)
                0x000000000800a78c                _sidata = LOADADDR (.data)

.data           0x0000000020000000      0x9b8 load address 0x000000000800a78c
                0x0000000020000000                . = ALIGN (0x4)
                0x0000000020000000                _sdata = .
 *(.data)
 *(.data*)
 .data.SystemCoreClock
                0x0000000020000000        0x4 CMakeFiles/WoCaoV1STM32.elf.dir/Core/Src/system_stm32f4xx.c.obj
                0x0000000020000000                SystemCoreClock
 .data.uwTickFreq
                0x0000000020000004        0x1 CMakeFiles/WoCaoV1STM32.elf.dir/Drivers/STM32F4xx_HAL_Driver/Src/stm32f4xx_hal.c.obj
                0x0000000020000004                uwTickFreq
 *fill*         0x0000000020000005        0x3 
 .data.uwTickPrio
                0x0000000020000008        0x4 CMakeFiles/WoCaoV1STM32.elf.dir/Drivers/STM32F4xx_HAL_Driver/Src/stm32f4xx_hal.c.obj
                0x0000000020000008                uwTickPrio
 .data._impure_ptr
                0x000000002000000c        0x4 /Applications/ARM/bin/../lib/gcc/arm-none-eabi/10.3.1/../../../../arm-none-eabi/lib/thumb/v7e-m/nofp/libg.a(lib_a-impure.o)
                0x000000002000000c                _impure_ptr
 .data.impure_data
                0x0000000020000010      0x428 /Applications/ARM/bin/../lib/gcc/arm-none-eabi/10.3.1/../../../../arm-none-eabi/lib/thumb/v7e-m/nofp/libg.a(lib_a-impure.o)
 .data.__atexit_recursive_mutex
                0x0000000020000438        0x4 /Applications/ARM/bin/../lib/gcc/arm-none-eabi/10.3.1/../../../../arm-none-eabi/lib/thumb/v7e-m/nofp/libg.a(lib_a-__call_atexit.o)
                0x0000000020000438                __atexit_recursive_mutex
 .data.__malloc_av_
                0x000000002000043c      0x408 /Applications/ARM/bin/../lib/gcc/arm-none-eabi/10.3.1/../../../../arm-none-eabi/lib/thumb/v7e-m/nofp/libg.a(lib_a-mallocr.o)
                0x000000002000043c                __malloc_av_
 .data.__malloc_sbrk_base
                0x0000000020000844        0x4 /Applications/ARM/bin/../lib/gcc/arm-none-eabi/10.3.1/../../../../arm-none-eabi/lib/thumb/v7e-m/nofp/libg.a(lib_a-mallocr.o)
                0x0000000020000844                __malloc_sbrk_base
 .data.__malloc_trim_threshold
                0x0000000020000848        0x4 /Applications/ARM/bin/../lib/gcc/arm-none-eabi/10.3.1/../../../../arm-none-eabi/lib/thumb/v7e-m/nofp/libg.a(lib_a-mallocr.o)
                0x0000000020000848                __malloc_trim_threshold
 .data.__global_locale
                0x000000002000084c      0x16c /Applications/ARM/bin/../lib/gcc/arm-none-eabi/10.3.1/../../../../arm-none-eabi/lib/thumb/v7e-m/nofp/libg.a(lib_a-locale.o)
                0x000000002000084c                __global_locale
 *(.RamFunc)
 *(.RamFunc*)
                0x00000000200009b8                . = ALIGN (0x4)
                0x00000000200009b8                _edata = .
                0x000000000800b144                _siccmram = LOADADDR (.ccmram)

.igot.plt       0x00000000200009b8        0x0 load address 0x000000000800b144
 .igot.plt      0x00000000200009b8        0x0 /Applications/ARM/bin/../lib/gcc/arm-none-eabi/10.3.1/thumb/v7e-m/nofp/crtbegin.o

.ccmram         0x0000000010000000        0x0 load address 0x000000000800b144
                0x0000000010000000                . = ALIGN (0x4)
                0x0000000010000000                _sccmram = .
 *(.ccmram)
 *(.ccmram*)
                0x0000000010000000                . = ALIGN (0x4)
                0x0000000010000000                _eccmram = .
                0x0000000010000000                . = ALIGN (0x4)

.bss            0x00000000200009b8      0x608
                0x00000000200009b8                _sbss = .
                0x00000000200009b8                __bss_start__ = _sbss
 *(.bss)
 .bss           0x00000000200009b8       0x1c /Applications/ARM/bin/../lib/gcc/arm-none-eabi/10.3.1/thumb/v7e-m/nofp/crtbegin.o
 *(.bss*)
 .bss.hi2c1     0x00000000200009d4       0x54 CMakeFiles/WoCaoV1STM32.elf.dir/Core/Src/i2c.c.obj
                0x00000000200009d4                hi2c1
 .bss.robotInfo
                0x0000000020000a28       0x48 CMakeFiles/WoCaoV1STM32.elf.dir/Core/Src/main.c.obj
                0x0000000020000a28                robotInfo
 .bss.wheelPWM1
                0x0000000020000a70       0x58 CMakeFiles/WoCaoV1STM32.elf.dir/Core/Src/main.c.obj
                0x0000000020000a70                wheelPWM1
 .bss.wheelPWM2
                0x0000000020000ac8       0x58 CMakeFiles/WoCaoV1STM32.elf.dir/Core/Src/main.c.obj
                0x0000000020000ac8                wheelPWM2
 .bss.wheelPWM3
                0x0000000020000b20       0x58 CMakeFiles/WoCaoV1STM32.elf.dir/Core/Src/main.c.obj
                0x0000000020000b20                wheelPWM3
 .bss.wheelPWM4
                0x0000000020000b78       0x58 CMakeFiles/WoCaoV1STM32.elf.dir/Core/Src/main.c.obj
                0x0000000020000b78                wheelPWM4
 .bss.hspi1     0x0000000020000bd0       0x58 CMakeFiles/WoCaoV1STM32.elf.dir/Core/Src/spi.c.obj
                0x0000000020000bd0                hspi1
 .bss.__sbrk_heap_end
                0x0000000020000c28        0x4 CMakeFiles/WoCaoV1STM32.elf.dir/Core/Src/sysmem.c.obj
 .bss.htim1     0x0000000020000c2c       0x48 CMakeFiles/WoCaoV1STM32.elf.dir/Core/Src/tim.c.obj
                0x0000000020000c2c                htim1
 .bss.htim2     0x0000000020000c74       0x48 CMakeFiles/WoCaoV1STM32.elf.dir/Core/Src/tim.c.obj
                0x0000000020000c74                htim2
 .bss.htim3     0x0000000020000cbc       0x48 CMakeFiles/WoCaoV1STM32.elf.dir/Core/Src/tim.c.obj
                0x0000000020000cbc                htim3
 .bss.htim4     0x0000000020000d04       0x48 CMakeFiles/WoCaoV1STM32.elf.dir/Core/Src/tim.c.obj
                0x0000000020000d04                htim4
 .bss.htim6     0x0000000020000d4c       0x48 CMakeFiles/WoCaoV1STM32.elf.dir/Core/Src/tim.c.obj
                0x0000000020000d4c                htim6
 .bss.htim8     0x0000000020000d94       0x48 CMakeFiles/WoCaoV1STM32.elf.dir/Core/Src/tim.c.obj
                0x0000000020000d94                htim8
 .bss.huart1    0x0000000020000ddc       0x44 CMakeFiles/WoCaoV1STM32.elf.dir/Core/Src/usart.c.obj
                0x0000000020000ddc                huart1
 .bss.huart2    0x0000000020000e20       0x44 CMakeFiles/WoCaoV1STM32.elf.dir/Core/Src/usart.c.obj
                0x0000000020000e20                huart2
 .bss.huart3    0x0000000020000e64       0x44 CMakeFiles/WoCaoV1STM32.elf.dir/Core/Src/usart.c.obj
                0x0000000020000e64                huart3
 .bss.huart4    0x0000000020000ea8       0x44 CMakeFiles/WoCaoV1STM32.elf.dir/Core/Src/usart.c.obj
                0x0000000020000ea8                huart4
 .bss.huart5    0x0000000020000eec       0x44 CMakeFiles/WoCaoV1STM32.elf.dir/Core/Src/usart.c.obj
                0x0000000020000eec                huart5
 .bss.huart6    0x0000000020000f30       0x44 CMakeFiles/WoCaoV1STM32.elf.dir/Core/Src/usart.c.obj
                0x0000000020000f30                huart6
 .bss.uwTick    0x0000000020000f74        0x4 CMakeFiles/WoCaoV1STM32.elf.dir/Drivers/STM32F4xx_HAL_Driver/Src/stm32f4xx_hal.c.obj
                0x0000000020000f74                uwTick
 .bss.__lock___atexit_recursive_mutex
                0x0000000020000f78        0x1 /Applications/ARM/bin/../lib/gcc/arm-none-eabi/10.3.1/../../../../arm-none-eabi/lib/thumb/v7e-m/nofp/libg.a(lib_a-lock.o)
                0x0000000020000f78                __lock___atexit_recursive_mutex
 *fill*         0x0000000020000f79        0x3 
 .bss.__lock___malloc_recursive_mutex
                0x0000000020000f7c        0x1 /Applications/ARM/bin/../lib/gcc/arm-none-eabi/10.3.1/../../../../arm-none-eabi/lib/thumb/v7e-m/nofp/libg.a(lib_a-lock.o)
                0x0000000020000f7c                __lock___malloc_recursive_mutex
 *fill*         0x0000000020000f7d        0x3 
 .bss.__lock___sfp_recursive_mutex
                0x0000000020000f80        0x1 /Applications/ARM/bin/../lib/gcc/arm-none-eabi/10.3.1/../../../../arm-none-eabi/lib/thumb/v7e-m/nofp/libg.a(lib_a-lock.o)
                0x0000000020000f80                __lock___sfp_recursive_mutex
 *fill*         0x0000000020000f81        0x3 
 .bss.__lock___sinit_recursive_mutex
                0x0000000020000f84        0x1 /Applications/ARM/bin/../lib/gcc/arm-none-eabi/10.3.1/../../../../arm-none-eabi/lib/thumb/v7e-m/nofp/libg.a(lib_a-lock.o)
                0x0000000020000f84                __lock___sinit_recursive_mutex
 *fill*         0x0000000020000f85        0x3 
 .bss.__malloc_current_mallinfo
                0x0000000020000f88       0x28 /Applications/ARM/bin/../lib/gcc/arm-none-eabi/10.3.1/../../../../arm-none-eabi/lib/thumb/v7e-m/nofp/libg.a(lib_a-mallocr.o)
                0x0000000020000f88                __malloc_current_mallinfo
 .bss.__malloc_max_sbrked_mem
                0x0000000020000fb0        0x4 /Applications/ARM/bin/../lib/gcc/arm-none-eabi/10.3.1/../../../../arm-none-eabi/lib/thumb/v7e-m/nofp/libg.a(lib_a-mallocr.o)
                0x0000000020000fb0                __malloc_max_sbrked_mem
 .bss.__malloc_max_total_mem
                0x0000000020000fb4        0x4 /Applications/ARM/bin/../lib/gcc/arm-none-eabi/10.3.1/../../../../arm-none-eabi/lib/thumb/v7e-m/nofp/libg.a(lib_a-mallocr.o)
                0x0000000020000fb4                __malloc_max_total_mem
 .bss.__malloc_top_pad
                0x0000000020000fb8        0x4 /Applications/ARM/bin/../lib/gcc/arm-none-eabi/10.3.1/../../../../arm-none-eabi/lib/thumb/v7e-m/nofp/libg.a(lib_a-mallocr.o)
                0x0000000020000fb8                __malloc_top_pad
 .bss.errno     0x0000000020000fbc        0x4 /Applications/ARM/bin/../lib/gcc/arm-none-eabi/10.3.1/../../../../arm-none-eabi/lib/thumb/v7e-m/nofp/libg.a(lib_a-reent.o)
                0x0000000020000fbc                errno
 *(COMMON)
                0x0000000020000fc0                . = ALIGN (0x4)
                0x0000000020000fc0                _ebss = .
                0x0000000020000fc0                __bss_end__ = _ebss

._user_heap_stack
                0x0000000020000fc0      0x600
                0x0000000020000fc0                . = ALIGN (0x8)
                [!provide]                        PROVIDE (end = .)
                0x0000000020000fc0                PROVIDE (_end = .)
                0x00000000200011c0                . = (. + _Min_Heap_Size)
 *fill*         0x0000000020000fc0      0x200 
                0x00000000200015c0                . = (. + _Min_Stack_Size)
 *fill*         0x00000000200011c0      0x400 
                0x00000000200015c0                . = ALIGN (0x8)

/DISCARD/
 libc.a(*)
 libm.a(*)
 libgcc.a(*)

.ARM.attributes
                0x0000000000000000       0x2a
 *(.ARM.attributes)
 .ARM.attributes
                0x0000000000000000       0x1e /Applications/ARM/bin/../lib/gcc/arm-none-eabi/10.3.1/thumb/v7e-m/nofp/crti.o
 .ARM.attributes
                0x000000000000001e       0x2e /Applications/ARM/bin/../lib/gcc/arm-none-eabi/10.3.1/thumb/v7e-m/nofp/crtbegin.o
 .ARM.attributes
                0x000000000000004c       0x2e CMakeFiles/WoCaoV1STM32.elf.dir/Core/Src/gpio.c.obj
 .ARM.attributes
                0x000000000000007a       0x2e CMakeFiles/WoCaoV1STM32.elf.dir/Core/Src/i2c.c.obj
 .ARM.attributes
                0x00000000000000a8       0x2e CMakeFiles/WoCaoV1STM32.elf.dir/Core/Src/main.c.obj
 .ARM.attributes
                0x00000000000000d6       0x2e CMakeFiles/WoCaoV1STM32.elf.dir/Core/Src/spi.c.obj
 .ARM.attributes
                0x0000000000000104       0x2e CMakeFiles/WoCaoV1STM32.elf.dir/Core/Src/stm32f4xx_hal_msp.c.obj
 .ARM.attributes
                0x0000000000000132       0x2e CMakeFiles/WoCaoV1STM32.elf.dir/Core/Src/stm32f4xx_it.c.obj
 .ARM.attributes
                0x0000000000000160       0x2e CMakeFiles/WoCaoV1STM32.elf.dir/Core/Src/syscalls.c.obj
 .ARM.attributes
                0x000000000000018e       0x2e CMakeFiles/WoCaoV1STM32.elf.dir/Core/Src/sysmem.c.obj
 .ARM.attributes
                0x00000000000001bc       0x2e CMakeFiles/WoCaoV1STM32.elf.dir/Core/Src/system_stm32f4xx.c.obj
 .ARM.attributes
                0x00000000000001ea       0x2e CMakeFiles/WoCaoV1STM32.elf.dir/Core/Src/tim.c.obj
 .ARM.attributes
                0x0000000000000218       0x2e CMakeFiles/WoCaoV1STM32.elf.dir/Core/Src/usart.c.obj
 .ARM.attributes
                0x0000000000000246       0x21 CMakeFiles/WoCaoV1STM32.elf.dir/Core/Startup/startup_stm32f407zgtx.s.obj
 .ARM.attributes
                0x0000000000000267       0x2e CMakeFiles/WoCaoV1STM32.elf.dir/Drivers/STM32F4xx_HAL_Driver/Src/stm32f4xx_hal.c.obj
 .ARM.attributes
                0x0000000000000295       0x2e CMakeFiles/WoCaoV1STM32.elf.dir/Drivers/STM32F4xx_HAL_Driver/Src/stm32f4xx_hal_cortex.c.obj
 .ARM.attributes
                0x00000000000002c3       0x2e CMakeFiles/WoCaoV1STM32.elf.dir/Drivers/STM32F4xx_HAL_Driver/Src/stm32f4xx_hal_dma.c.obj
 .ARM.attributes
                0x00000000000002f1       0x2e CMakeFiles/WoCaoV1STM32.elf.dir/Drivers/STM32F4xx_HAL_Driver/Src/stm32f4xx_hal_gpio.c.obj
 .ARM.attributes
                0x000000000000031f       0x2e CMakeFiles/WoCaoV1STM32.elf.dir/Drivers/STM32F4xx_HAL_Driver/Src/stm32f4xx_hal_i2c.c.obj
 .ARM.attributes
                0x000000000000034d       0x2e CMakeFiles/WoCaoV1STM32.elf.dir/Drivers/STM32F4xx_HAL_Driver/Src/stm32f4xx_hal_rcc.c.obj
 .ARM.attributes
                0x000000000000037b       0x2e CMakeFiles/WoCaoV1STM32.elf.dir/Drivers/STM32F4xx_HAL_Driver/Src/stm32f4xx_hal_spi.c.obj
 .ARM.attributes
                0x00000000000003a9       0x2e CMakeFiles/WoCaoV1STM32.elf.dir/Drivers/STM32F4xx_HAL_Driver/Src/stm32f4xx_hal_tim.c.obj
 .ARM.attributes
                0x00000000000003d7       0x2e CMakeFiles/WoCaoV1STM32.elf.dir/Drivers/STM32F4xx_HAL_Driver/Src/stm32f4xx_hal_tim_ex.c.obj
 .ARM.attributes
                0x0000000000000405       0x2e CMakeFiles/WoCaoV1STM32.elf.dir/Drivers/STM32F4xx_HAL_Driver/Src/stm32f4xx_hal_uart.c.obj
 .ARM.attributes
                0x0000000000000433       0x1e /Applications/ARM/bin/../lib/gcc/arm-none-eabi/10.3.1/thumb/v7e-m/nofp/libgcc.a(_arm_addsubdf3.o)
 .ARM.attributes
                0x0000000000000451       0x1e /Applications/ARM/bin/../lib/gcc/arm-none-eabi/10.3.1/thumb/v7e-m/nofp/libgcc.a(_arm_cmpdf2.o)
 .ARM.attributes
                0x000000000000046f       0x1e /Applications/ARM/bin/../lib/gcc/arm-none-eabi/10.3.1/thumb/v7e-m/nofp/libgcc.a(_arm_fixunsdfsi.o)
 .ARM.attributes
                0x000000000000048d       0x1e /Applications/ARM/bin/../lib/gcc/arm-none-eabi/10.3.1/thumb/v7e-m/nofp/libgcc.a(_aeabi_uldivmod.o)
 .ARM.attributes
                0x00000000000004ab       0x2e /Applications/ARM/bin/../lib/gcc/arm-none-eabi/10.3.1/thumb/v7e-m/nofp/libgcc.a(_udivmoddi4.o)
 .ARM.attributes
                0x00000000000004d9       0x1e /Applications/ARM/bin/../lib/gcc/arm-none-eabi/10.3.1/thumb/v7e-m/nofp/libgcc.a(_dvmd_tls.o)
 .ARM.attributes
                0x00000000000004f7       0x2e /Applications/ARM/bin/../lib/gcc/arm-none-eabi/10.3.1/../../../../arm-none-eabi/lib/thumb/v7e-m/nofp/libg.a(lib_a-errno.o)
 .ARM.attributes
                0x0000000000000525       0x2e /Applications/ARM/bin/../lib/gcc/arm-none-eabi/10.3.1/../../../../arm-none-eabi/lib/thumb/v7e-m/nofp/libg.a(lib_a-impure.o)
 .ARM.attributes
                0x0000000000000553       0x2e /Applications/ARM/bin/../lib/gcc/arm-none-eabi/10.3.1/../../../../arm-none-eabi/lib/thumb/v7e-m/nofp/libg.a(lib_a-init.o)
 .ARM.attributes
                0x0000000000000581       0x2e /Applications/ARM/bin/../lib/gcc/arm-none-eabi/10.3.1/../../../../arm-none-eabi/lib/thumb/v7e-m/nofp/libg.a(lib_a-memset.o)
 .ARM.attributes
                0x00000000000005af       0x2e /Applications/ARM/bin/../lib/gcc/arm-none-eabi/10.3.1/../../../../arm-none-eabi/lib/thumb/v7e-m/nofp/libg.a(lib_a-snprintf.o)
 .ARM.attributes
                0x00000000000005dd       0x1c /Applications/ARM/bin/../lib/gcc/arm-none-eabi/10.3.1/../../../../arm-none-eabi/lib/thumb/v7e-m/nofp/libg.a(lib_a-strlen.o)
 .ARM.attributes
                0x00000000000005f9       0x2e /Applications/ARM/bin/../lib/gcc/arm-none-eabi/10.3.1/../../../../arm-none-eabi/lib/thumb/v7e-m/nofp/libg.a(lib_a-svfprintf.o)
 .ARM.attributes
                0x0000000000000627       0x2e /Applications/ARM/bin/../lib/gcc/arm-none-eabi/10.3.1/../../../../arm-none-eabi/lib/thumb/v7e-m/nofp/libg.a(lib_a-__call_atexit.o)
 .ARM.attributes
                0x0000000000000655       0x2e /Applications/ARM/bin/../lib/gcc/arm-none-eabi/10.3.1/../../../../arm-none-eabi/lib/thumb/v7e-m/nofp/libg.a(lib_a-atexit.o)
 .ARM.attributes
                0x0000000000000683       0x2e /Applications/ARM/bin/../lib/gcc/arm-none-eabi/10.3.1/../../../../arm-none-eabi/lib/thumb/v7e-m/nofp/libg.a(lib_a-dtoa.o)
 .ARM.attributes
                0x00000000000006b1       0x2e /Applications/ARM/bin/../lib/gcc/arm-none-eabi/10.3.1/../../../../arm-none-eabi/lib/thumb/v7e-m/nofp/libg.a(lib_a-fini.o)
 .ARM.attributes
                0x00000000000006df       0x2e /Applications/ARM/bin/../lib/gcc/arm-none-eabi/10.3.1/../../../../arm-none-eabi/lib/thumb/v7e-m/nofp/libg.a(lib_a-freer.o)
 .ARM.attributes
                0x000000000000070d       0x2e /Applications/ARM/bin/../lib/gcc/arm-none-eabi/10.3.1/../../../../arm-none-eabi/lib/thumb/v7e-m/nofp/libg.a(lib_a-localeconv.o)
 .ARM.attributes
                0x000000000000073b       0x2e /Applications/ARM/bin/../lib/gcc/arm-none-eabi/10.3.1/../../../../arm-none-eabi/lib/thumb/v7e-m/nofp/libg.a(lib_a-lock.o)
 .ARM.attributes
                0x0000000000000769       0x2e /Applications/ARM/bin/../lib/gcc/arm-none-eabi/10.3.1/../../../../arm-none-eabi/lib/thumb/v7e-m/nofp/libg.a(lib_a-mallocr.o)
 .ARM.attributes
                0x0000000000000797       0x1c /Applications/ARM/bin/../lib/gcc/arm-none-eabi/10.3.1/../../../../arm-none-eabi/lib/thumb/v7e-m/nofp/libg.a(lib_a-memchr.o)
 .ARM.attributes
                0x00000000000007b3       0x1c /Applications/ARM/bin/../lib/gcc/arm-none-eabi/10.3.1/../../../../arm-none-eabi/lib/thumb/v7e-m/nofp/libg.a(lib_a-memcpy.o)
 .ARM.attributes
                0x00000000000007cf       0x2e /Applications/ARM/bin/../lib/gcc/arm-none-eabi/10.3.1/../../../../arm-none-eabi/lib/thumb/v7e-m/nofp/libg.a(lib_a-mlock.o)
 .ARM.attributes
                0x00000000000007fd       0x2e /Applications/ARM/bin/../lib/gcc/arm-none-eabi/10.3.1/../../../../arm-none-eabi/lib/thumb/v7e-m/nofp/libg.a(lib_a-mprec.o)
 .ARM.attributes
                0x000000000000082b       0x2e /Applications/ARM/bin/../lib/gcc/arm-none-eabi/10.3.1/../../../../arm-none-eabi/lib/thumb/v7e-m/nofp/libg.a(lib_a-s_frexp.o)
 .ARM.attributes
                0x0000000000000859       0x2e /Applications/ARM/bin/../lib/gcc/arm-none-eabi/10.3.1/../../../../arm-none-eabi/lib/thumb/v7e-m/nofp/libg.a(lib_a-sbrkr.o)
 .ARM.attributes
                0x0000000000000887       0x2e /Applications/ARM/bin/../lib/gcc/arm-none-eabi/10.3.1/../../../../arm-none-eabi/lib/thumb/v7e-m/nofp/libg.a(lib_a-strncpy.o)
 .ARM.attributes
                0x00000000000008b5       0x2e /Applications/ARM/bin/../lib/gcc/arm-none-eabi/10.3.1/../../../../arm-none-eabi/lib/thumb/v7e-m/nofp/libg.a(lib_a-svfiprintf.o)
 .ARM.attributes
                0x00000000000008e3       0x2e /Applications/ARM/bin/../lib/gcc/arm-none-eabi/10.3.1/../../../../arm-none-eabi/lib/thumb/v7e-m/nofp/libg.a(lib_a-__atexit.o)
 .ARM.attributes
                0x0000000000000911       0x2e /Applications/ARM/bin/../lib/gcc/arm-none-eabi/10.3.1/../../../../arm-none-eabi/lib/thumb/v7e-m/nofp/libg.a(lib_a-assert.o)
 .ARM.attributes
                0x000000000000093f       0x2e /Applications/ARM/bin/../lib/gcc/arm-none-eabi/10.3.1/../../../../arm-none-eabi/lib/thumb/v7e-m/nofp/libg.a(lib_a-callocr.o)
 .ARM.attributes
                0x000000000000096d       0x2e /Applications/ARM/bin/../lib/gcc/arm-none-eabi/10.3.1/../../../../arm-none-eabi/lib/thumb/v7e-m/nofp/libg.a(lib_a-fiprintf.o)
 .ARM.attributes
                0x000000000000099b       0x2e /Applications/ARM/bin/../lib/gcc/arm-none-eabi/10.3.1/../../../../arm-none-eabi/lib/thumb/v7e-m/nofp/libg.a(lib_a-locale.o)
 .ARM.attributes
                0x00000000000009c9       0x2e /Applications/ARM/bin/../lib/gcc/arm-none-eabi/10.3.1/../../../../arm-none-eabi/lib/thumb/v7e-m/nofp/libg.a(lib_a-mbtowc_r.o)
 .ARM.attributes
                0x00000000000009f7       0x2e /Applications/ARM/bin/../lib/gcc/arm-none-eabi/10.3.1/../../../../arm-none-eabi/lib/thumb/v7e-m/nofp/libg.a(lib_a-memmove.o)
 .ARM.attributes
                0x0000000000000a25       0x2e /Applications/ARM/bin/../lib/gcc/arm-none-eabi/10.3.1/../../../../arm-none-eabi/lib/thumb/v7e-m/nofp/libg.a(lib_a-reallocr.o)
 .ARM.attributes
                0x0000000000000a53       0x2e /Applications/ARM/bin/../lib/gcc/arm-none-eabi/10.3.1/../../../../arm-none-eabi/lib/thumb/v7e-m/nofp/libg.a(lib_a-reent.o)
 .ARM.attributes
                0x0000000000000a81       0x2e /Applications/ARM/bin/../lib/gcc/arm-none-eabi/10.3.1/../../../../arm-none-eabi/lib/thumb/v7e-m/nofp/libg.a(lib_a-vfiprintf.o)
 .ARM.attributes
                0x0000000000000aaf       0x2e /Applications/ARM/bin/../lib/gcc/arm-none-eabi/10.3.1/../../../../arm-none-eabi/lib/thumb/v7e-m/nofp/libg.a(lib_a-wctomb_r.o)
 .ARM.attributes
                0x0000000000000add       0x2e /Applications/ARM/bin/../lib/gcc/arm-none-eabi/10.3.1/../../../../arm-none-eabi/lib/thumb/v7e-m/nofp/libg.a(lib_a-wsetup.o)
 .ARM.attributes
                0x0000000000000b0b       0x2e /Applications/ARM/bin/../lib/gcc/arm-none-eabi/10.3.1/../../../../arm-none-eabi/lib/thumb/v7e-m/nofp/libg.a(lib_a-abort.o)
 .ARM.attributes
                0x0000000000000b39       0x2e /Applications/ARM/bin/../lib/gcc/arm-none-eabi/10.3.1/../../../../arm-none-eabi/lib/thumb/v7e-m/nofp/libg.a(lib_a-ctype_.o)
 .ARM.attributes
                0x0000000000000b67       0x2e /Applications/ARM/bin/../lib/gcc/arm-none-eabi/10.3.1/../../../../arm-none-eabi/lib/thumb/v7e-m/nofp/libg.a(lib_a-fflush.o)
 .ARM.attributes
                0x0000000000000b95       0x2e /Applications/ARM/bin/../lib/gcc/arm-none-eabi/10.3.1/../../../../arm-none-eabi/lib/thumb/v7e-m/nofp/libg.a(lib_a-findfp.o)
 .ARM.attributes
                0x0000000000000bc3       0x2e /Applications/ARM/bin/../lib/gcc/arm-none-eabi/10.3.1/../../../../arm-none-eabi/lib/thumb/v7e-m/nofp/libg.a(lib_a-fputwc.o)
 .ARM.attributes
                0x0000000000000bf1       0x2e /Applications/ARM/bin/../lib/gcc/arm-none-eabi/10.3.1/../../../../arm-none-eabi/lib/thumb/v7e-m/nofp/libg.a(lib_a-fvwrite.o)
 .ARM.attributes
                0x0000000000000c1f       0x2e /Applications/ARM/bin/../lib/gcc/arm-none-eabi/10.3.1/../../../../arm-none-eabi/lib/thumb/v7e-m/nofp/libg.a(lib_a-fwalk.o)
 .ARM.attributes
                0x0000000000000c4d       0x2e /Applications/ARM/bin/../lib/gcc/arm-none-eabi/10.3.1/../../../../arm-none-eabi/lib/thumb/v7e-m/nofp/libg.a(lib_a-makebuf.o)
 .ARM.attributes
                0x0000000000000c7b       0x2e /Applications/ARM/bin/../lib/gcc/arm-none-eabi/10.3.1/../../../../arm-none-eabi/lib/thumb/v7e-m/nofp/libg.a(lib_a-signal.o)
 .ARM.attributes
                0x0000000000000ca9       0x2e /Applications/ARM/bin/../lib/gcc/arm-none-eabi/10.3.1/../../../../arm-none-eabi/lib/thumb/v7e-m/nofp/libg.a(lib_a-signalr.o)
 .ARM.attributes
                0x0000000000000cd7       0x2e /Applications/ARM/bin/../lib/gcc/arm-none-eabi/10.3.1/../../../../arm-none-eabi/lib/thumb/v7e-m/nofp/libg.a(lib_a-stdio.o)
 .ARM.attributes
                0x0000000000000d05       0x2e /Applications/ARM/bin/../lib/gcc/arm-none-eabi/10.3.1/../../../../arm-none-eabi/lib/thumb/v7e-m/nofp/libg.a(lib_a-wbuf.o)
 .ARM.attributes
                0x0000000000000d33       0x2e /Applications/ARM/bin/../lib/gcc/arm-none-eabi/10.3.1/../../../../arm-none-eabi/lib/thumb/v7e-m/nofp/libg.a(lib_a-wcrtomb.o)
 .ARM.attributes
                0x0000000000000d61       0x2e /Applications/ARM/bin/../lib/gcc/arm-none-eabi/10.3.1/../../../../arm-none-eabi/lib/thumb/v7e-m/nofp/libg.a(lib_a-writer.o)
 .ARM.attributes
                0x0000000000000d8f       0x2e /Applications/ARM/bin/../lib/gcc/arm-none-eabi/10.3.1/../../../../arm-none-eabi/lib/thumb/v7e-m/nofp/libg.a(lib_a-closer.o)
 .ARM.attributes
                0x0000000000000dbd       0x2e /Applications/ARM/bin/../lib/gcc/arm-none-eabi/10.3.1/../../../../arm-none-eabi/lib/thumb/v7e-m/nofp/libg.a(lib_a-fclose.o)
 .ARM.attributes
                0x0000000000000deb       0x2e /Applications/ARM/bin/../lib/gcc/arm-none-eabi/10.3.1/../../../../arm-none-eabi/lib/thumb/v7e-m/nofp/libg.a(lib_a-fstatr.o)
 .ARM.attributes
                0x0000000000000e19       0x2e /Applications/ARM/bin/../lib/gcc/arm-none-eabi/10.3.1/../../../../arm-none-eabi/lib/thumb/v7e-m/nofp/libg.a(lib_a-isattyr.o)
 .ARM.attributes
                0x0000000000000e47       0x2e /Applications/ARM/bin/../lib/gcc/arm-none-eabi/10.3.1/../../../../arm-none-eabi/lib/thumb/v7e-m/nofp/libg.a(lib_a-lseekr.o)
 .ARM.attributes
                0x0000000000000e75       0x2e /Applications/ARM/bin/../lib/gcc/arm-none-eabi/10.3.1/../../../../arm-none-eabi/lib/thumb/v7e-m/nofp/libg.a(lib_a-readr.o)
 .ARM.attributes
                0x0000000000000ea3       0x1e /Applications/ARM/bin/../lib/gcc/arm-none-eabi/10.3.1/thumb/v7e-m/nofp/libgcc.a(_arm_muldivdf3.o)
 .ARM.attributes
                0x0000000000000ec1       0x1e /Applications/ARM/bin/../lib/gcc/arm-none-eabi/10.3.1/thumb/v7e-m/nofp/libgcc.a(_arm_unorddf2.o)
 .ARM.attributes
                0x0000000000000edf       0x1e /Applications/ARM/bin/../lib/gcc/arm-none-eabi/10.3.1/thumb/v7e-m/nofp/libgcc.a(_arm_fixdfsi.o)
 .ARM.attributes
                0x0000000000000efd       0x1e /Applications/ARM/bin/../lib/gcc/arm-none-eabi/10.3.1/thumb/v7e-m/nofp/crtn.o
OUTPUT(WoCaoV1STM32.elf elf32-littlearm)
LOAD linker stubs
LOAD /Applications/ARM/bin/../lib/gcc/arm-none-eabi/10.3.1/../../../../arm-none-eabi/lib/thumb/v7e-m/nofp/libc.a
LOAD /Applications/ARM/bin/../lib/gcc/arm-none-eabi/10.3.1/../../../../arm-none-eabi/lib/thumb/v7e-m/nofp/libm.a
LOAD /Applications/ARM/bin/../lib/gcc/arm-none-eabi/10.3.1/thumb/v7e-m/nofp/libgcc.a

.debug_info     0x0000000000000000    0x1a151
 .debug_info    0x0000000000000000      0x568 CMakeFiles/WoCaoV1STM32.elf.dir/Core/Src/gpio.c.obj
 .debug_info    0x0000000000000568      0xa52 CMakeFiles/WoCaoV1STM32.elf.dir/Core/Src/i2c.c.obj
 .debug_info    0x0000000000000fba     0x1a87 CMakeFiles/WoCaoV1STM32.elf.dir/Core/Src/main.c.obj
 .debug_info    0x0000000000002a41      0xa6f CMakeFiles/WoCaoV1STM32.elf.dir/Core/Src/spi.c.obj
 .debug_info    0x00000000000034b0      0x2a4 CMakeFiles/WoCaoV1STM32.elf.dir/Core/Src/stm32f4xx_hal_msp.c.obj
 .debug_info    0x0000000000003754      0x9e7 CMakeFiles/WoCaoV1STM32.elf.dir/Core/Src/stm32f4xx_it.c.obj
 .debug_info    0x000000000000413b      0x7af CMakeFiles/WoCaoV1STM32.elf.dir/Core/Src/syscalls.c.obj
 .debug_info    0x00000000000048ea      0x174 CMakeFiles/WoCaoV1STM32.elf.dir/Core/Src/sysmem.c.obj
 .debug_info    0x0000000000004a5e      0x37d CMakeFiles/WoCaoV1STM32.elf.dir/Core/Src/system_stm32f4xx.c.obj
 .debug_info    0x0000000000004ddb     0x17a1 CMakeFiles/WoCaoV1STM32.elf.dir/Core/Src/tim.c.obj
 .debug_info    0x000000000000657c     0x10f2 CMakeFiles/WoCaoV1STM32.elf.dir/Core/Src/usart.c.obj
 .debug_info    0x000000000000766e       0x22 CMakeFiles/WoCaoV1STM32.elf.dir/Core/Startup/startup_stm32f407zgtx.s.obj
 .debug_info    0x0000000000007690      0x9f0 CMakeFiles/WoCaoV1STM32.elf.dir/Drivers/STM32F4xx_HAL_Driver/Src/stm32f4xx_hal.c.obj
 .debug_info    0x0000000000008080     0x1098 CMakeFiles/WoCaoV1STM32.elf.dir/Drivers/STM32F4xx_HAL_Driver/Src/stm32f4xx_hal_cortex.c.obj
 .debug_info    0x0000000000009118      0xb3f CMakeFiles/WoCaoV1STM32.elf.dir/Drivers/STM32F4xx_HAL_Driver/Src/stm32f4xx_hal_dma.c.obj
 .debug_info    0x0000000000009c57      0x7b0 CMakeFiles/WoCaoV1STM32.elf.dir/Drivers/STM32F4xx_HAL_Driver/Src/stm32f4xx_hal_gpio.c.obj
 .debug_info    0x000000000000a407     0x3944 CMakeFiles/WoCaoV1STM32.elf.dir/Drivers/STM32F4xx_HAL_Driver/Src/stm32f4xx_hal_i2c.c.obj
 .debug_info    0x000000000000dd4b      0xb03 CMakeFiles/WoCaoV1STM32.elf.dir/Drivers/STM32F4xx_HAL_Driver/Src/stm32f4xx_hal_rcc.c.obj