Archive member included to satisfy reference by file (symbol)

/Applications/ARM/bin/../lib/gcc/arm-none-eabi/10.3.1/thumb/v7e-m/nofp/libgcc.a(_arm_muldf3.o)
                              CMakeFiles/WoCaoV1STM32.elf.dir/Core/Src/main.c.obj (__aeabi_dmul)
/Applications/ARM/bin/../lib/gcc/arm-none-eabi/10.3.1/thumb/v7e-m/nofp/libgcc.a(_arm_addsubdf3.o)
                              CMakeFiles/WoCaoV1STM32.elf.dir/Core/Src/main.c.obj (__aeabi_dsub)
/Applications/ARM/bin/../lib/gcc/arm-none-eabi/10.3.1/thumb/v7e-m/nofp/libgcc.a(_arm_cmpdf2.o)
                              CMakeFiles/WoCaoV1STM32.elf.dir/Core/Src/main.c.obj (__aeabi_dcmplt)
/Applications/ARM/bin/../lib/gcc/arm-none-eabi/10.3.1/thumb/v7e-m/nofp/libgcc.a(_arm_fixunsdfsi.o)
                              CMakeFiles/WoCaoV1STM32.elf.dir/Core/Src/main.c.obj (__aeabi_d2uiz)
/Applications/ARM/bin/../lib/gcc/arm-none-eabi/10.3.1/thumb/v7e-m/nofp/libgcc.a(_aeabi_uldivmod.o)
                              CMakeFiles/WoCaoV1STM32.elf.dir/Drivers/STM32F4xx_HAL_Driver/Src/stm32f4xx_hal_rcc.c.obj (__aeabi_uldivmod)
/Applications/ARM/bin/../lib/gcc/arm-none-eabi/10.3.1/thumb/v7e-m/nofp/libgcc.a(_udivmoddi4.o)
                              /Applications/ARM/bin/../lib/gcc/arm-none-eabi/10.3.1/thumb/v7e-m/nofp/libgcc.a(_aeabi_uldivmod.o) (__udivmoddi4)
/Applications/ARM/bin/../lib/gcc/arm-none-eabi/10.3.1/thumb/v7e-m/nofp/libgcc.a(_dvmd_tls.o)
                              /Applications/ARM/bin/../lib/gcc/arm-none-eabi/10.3.1/thumb/v7e-m/nofp/libgcc.a(_aeabi_uldivmod.o) (__aeabi_ldiv0)
/Applications/ARM/bin/../lib/gcc/arm-none-eabi/10.3.1/../../../../arm-none-eabi/lib/thumb/v7e-m/nofp/libg.a(lib_a-errno.o)
                              CMakeFiles/WoCaoV1STM32.elf.dir/Core/Src/syscalls.c.obj (__errno)
/Applications/ARM/bin/../lib/gcc/arm-none-eabi/10.3.1/../../../../arm-none-eabi/lib/thumb/v7e-m/nofp/libg.a(lib_a-exit.o)
                              /Applications/ARM/bin/../lib/gcc/arm-none-eabi/10.3.1/../../../../arm-none-eabi/lib/thumb/v7e-m/nofp/crt0.o (exit)
/Applications/ARM/bin/../lib/gcc/arm-none-eabi/10.3.1/../../../../arm-none-eabi/lib/thumb/v7e-m/nofp/libg.a(lib_a-impure.o)
                              /Applications/ARM/bin/../lib/gcc/arm-none-eabi/10.3.1/../../../../arm-none-eabi/lib/thumb/v7e-m/nofp/libg.a(lib_a-exit.o) (_global_impure_ptr)
/Applications/ARM/bin/../lib/gcc/arm-none-eabi/10.3.1/../../../../arm-none-eabi/lib/thumb/v7e-m/nofp/libg.a(lib_a-init.o)
                              /Applications/ARM/bin/../lib/gcc/arm-none-eabi/10.3.1/../../../../arm-none-eabi/lib/thumb/v7e-m/nofp/crt0.o (__libc_init_array)
/Applications/ARM/bin/../lib/gcc/arm-none-eabi/10.3.1/../../../../arm-none-eabi/lib/thumb/v7e-m/nofp/libg.a(lib_a-memset.o)
                              /Applications/ARM/bin/../lib/gcc/arm-none-eabi/10.3.1/../../../../arm-none-eabi/lib/thumb/v7e-m/nofp/crt0.o (memset)
/Applications/ARM/bin/../lib/gcc/arm-none-eabi/10.3.1/../../../../arm-none-eabi/lib/thumb/v7e-m/nofp/libg.a(lib_a-snprintf.o)
                              CMakeFiles/WoCaoV1STM32.elf.dir/Core/Src/main.c.obj (snprintf)
/Applications/ARM/bin/../lib/gcc/arm-none-eabi/10.3.1/../../../../arm-none-eabi/lib/thumb/v7e-m/nofp/libg.a(lib_a-strlen.o)
                              CMakeFiles/WoCaoV1STM32.elf.dir/Core/Src/main.c.obj (strlen)
/Applications/ARM/bin/../lib/gcc/arm-none-eabi/10.3.1/../../../../arm-none-eabi/lib/thumb/v7e-m/nofp/libg.a(lib_a-svfprintf.o)
                              /Applications/ARM/bin/../lib/gcc/arm-none-eabi/10.3.1/../../../../arm-none-eabi/lib/thumb/v7e-m/nofp/libg.a(lib_a-snprintf.o) (_svfprintf_r)
/Applications/ARM/bin/../lib/gcc/arm-none-eabi/10.3.1/../../../../arm-none-eabi/lib/thumb/v7e-m/nofp/libg.a(lib_a-__call_atexit.o)
                              /Applications/ARM/bin/../lib/gcc/arm-none-eabi/10.3.1/../../../../arm-none-eabi/lib/thumb/v7e-m/nofp/libg.a(lib_a-exit.o) (__call_exitprocs)
/Applications/ARM/bin/../lib/gcc/arm-none-eabi/10.3.1/../../../../arm-none-eabi/lib/thumb/v7e-m/nofp/libg.a(lib_a-atexit.o)
                              /Applications/ARM/bin/../lib/gcc/arm-none-eabi/10.3.1/../../../../arm-none-eabi/lib/thumb/v7e-m/nofp/libg.a(lib_a-__call_atexit.o) (atexit)
/Applications/ARM/bin/../lib/gcc/arm-none-eabi/10.3.1/../../../../arm-none-eabi/lib/thumb/v7e-m/nofp/libg.a(lib_a-dtoa.o)
                              /Applications/ARM/bin/../lib/gcc/arm-none-eabi/10.3.1/../../../../arm-none-eabi/lib/thumb/v7e-m/nofp/libg.a(lib_a-svfprintf.o) (_dtoa_r)
/Applications/ARM/bin/../lib/gcc/arm-none-eabi/10.3.1/../../../../arm-none-eabi/lib/thumb/v7e-m/nofp/libg.a(lib_a-fini.o)
                              /Applications/ARM/bin/../lib/gcc/arm-none-eabi/10.3.1/../../../../arm-none-eabi/lib/thumb/v7e-m/nofp/libg.a(lib_a-__call_atexit.o) (__libc_fini_array)
/Applications/ARM/bin/../lib/gcc/arm-none-eabi/10.3.1/../../../../arm-none-eabi/lib/thumb/v7e-m/nofp/libg.a(lib_a-freer.o)
[...]
Memory Configuration

Name             Origin             Length             Attributes
CCMRAM           0x0000000010000000 0x0000000000010000 xrw
RAM              0x0000000020000000 0x0000000000020000 xrw
FLASH            0x0000000008000000 0x0000000000100000 xr
*default*        0x0000000000000000 0xffffffffffffffff

Linker script and memory map

LOAD /Applications/ARM/bin/../lib/gcc/arm-none-eabi/10.3.1/thumb/v7e-m/nofp/crti.o
LOAD /Applications/ARM/bin/../lib/gcc/arm-none-eabi/10.3.1/thumb/v7e-m/nofp/crtbegin.o
LOAD /Applications/ARM/bin/../lib/gcc/arm-none-eabi/10.3.1/../../../../arm-none-eabi/lib/thumb/v7e-m/nofp/crt0.o
LOAD CMakeFiles/WoCaoV1STM32.elf.dir/Core/Src/gpio.c.obj
LOAD CMakeFiles/WoCaoV1STM32.elf.dir/Core/Src/i2c.c.obj
LOAD CMakeFiles/WoCaoV1STM32.elf.dir/Core/Src/main.c.obj
LOAD CMakeFiles/WoCaoV1STM32.elf.dir/Core/Src/spi.c.obj
LOAD CMakeFiles/WoCaoV1STM32.elf.dir/Core/Src/stm32f4xx_hal_msp.c.obj
LOAD CMakeFiles/WoCaoV1STM32.elf.dir/Core/Src/stm32f4xx_it.c.obj
LOAD CMakeFiles/WoCaoV1STM32.elf.dir/Core/Src/syscalls.c.obj
LOAD CMakeFiles/WoCaoV1STM32.elf.dir/Core/Src/sysmem.c.obj
LOAD CMakeFiles/WoCaoV1STM32.elf.dir/Core/Src/system_stm32f4xx.c.obj
LOAD CMakeFiles/WoCaoV1STM32.elf.dir/Core/Src/tim.c.obj
LOAD CMakeFiles/WoCaoV1STM32.elf.dir/Core/Src/usart.c.obj
LOAD CMakeFiles/WoCaoV1STM32.elf.dir/Core/Startup/startup_stm32f407zgtx.s.obj
LOAD CMakeFiles/WoCaoV1STM32.elf.dir/Drivers/STM32F4xx_HAL_Driver/Src/stm32f4xx_hal.c.obj
LOAD CMakeFiles/WoCaoV1STM32.elf.dir/Drivers/STM32F4xx_HAL_Driver/Src/stm32f4xx_hal_cortex.c.obj
LOAD CMakeFiles/WoCaoV1STM32.elf.dir/Drivers/STM32F4xx_HAL_Driver/Src/stm32f4xx_hal_dma.c.obj
LOAD CMakeFiles/WoCaoV1STM32.elf.dir/Drivers/STM32F4xx_HAL_Driver/Src/stm32f4xx_hal_dma_ex.c.obj
LOAD CMakeFiles/WoCaoV1STM32.elf.dir/Drivers/STM32F4xx_HAL_Driver/Src/stm32f4xx_hal_exti.c.obj
LOAD CMakeFiles/WoCaoV1STM32.elf.dir/Drivers/STM32F4xx_HAL_Driver/Src/stm32f4xx_hal_flash.c.obj
LOAD CMakeFiles/WoCaoV1STM32.elf.dir/Drivers/STM32F4xx_HAL_Driver/Src/stm32f4xx_hal_flash_ex.c.obj
LOAD CMakeFiles/WoCaoV1STM32.elf.dir/Drivers/STM32F4xx_HAL_Driver/Src/stm32f4xx_hal_flash_ramfunc.c.obj
LOAD CMakeFiles/WoCaoV1STM32.elf.dir/Drivers/STM32F4xx_HAL_Driver/Src/stm32f4xx_hal_gpio.c.obj
LOAD CMakeFiles/WoCaoV1STM32.elf.dir/Drivers/STM32F4xx_HAL_Driver/Src/stm32f4xx_hal_i2c.c.obj
LOAD CMakeFiles/WoCaoV1STM32.elf.dir/Drivers/STM32F4xx_HAL_Driver/Src/stm32f4xx_hal_i2c_ex.c.obj
LOAD CMakeFiles/WoCaoV1STM32.elf.dir/Drivers/STM32F4xx_HAL_Driver/Src/stm32f4xx_hal_pwr.c.obj
LOAD CMakeFiles/WoCaoV1STM32.elf.dir/Drivers/STM32F4xx_HAL_Driver/Src/stm32f4xx_hal_pwr_ex.c.obj
LOAD CMakeFiles/WoCaoV1STM32.elf.dir/Drivers/STM32F4xx_HAL_Driver/Src/stm32f4xx_hal_rcc.c.obj
LOAD CMakeFiles/WoCaoV1STM32.elf.dir/Drivers/STM32F4xx_HAL_Driver/Src/stm32f4xx_hal_rcc_ex.c.obj
LOAD CMakeFiles/WoCaoV1STM32.elf.dir/Drivers/STM32F4xx_HAL_Driver/Src/stm32f4xx_hal_spi.c.obj
LOAD CMakeFiles/WoCaoV1STM32.elf.dir/Drivers/STM32F4xx_HAL_Driver/Src/stm32f4xx_hal_tim.c.obj
LOAD CMakeFiles/WoCaoV1STM32.elf.dir/Drivers/STM32F4xx_HAL_Driver/Src/stm32f4xx_hal_tim_ex.c.obj
LOAD CMakeFiles/WoCaoV1STM32.elf.dir/Drivers/STM32F4xx_HAL_Driver/Src/stm32f4xx_hal_uart.c.obj
START GROUP
LOAD /Applications/ARM/bin/../lib/gcc/arm-none-eabi/10.3.1/thumb/v7e-m/nofp/libgcc.a
LOAD /Applications/ARM/bin/../lib/gcc/arm-none-eabi/10.3.1/../../../../arm-none-eabi/lib/thumb/v7e-m/nofp/libg.a
LOAD /Applications/ARM/bin/../lib/gcc/arm-none-eabi/10.3.1/../../../../arm-none-eabi/lib/thumb/v7e-m/nofp/libc.a
END GROUP
LOAD /Applications/ARM/bin/../lib/gcc/arm-none-eabi/10.3.1/thumb/v7e-m/nofp/crtend.o
LOAD /Applications/ARM/bin/../lib/gcc/arm-none-eabi/10.3.1/thumb/v7e-m/nofp/crtn.o
                0x0000000020020000                _estack = (ORIGIN (RAM) + LENGTH (RAM))
                0x0000000000000200                _Min_Heap_Size = 0x200
                0x0000000000000400                _Min_Stack_Size = 0x400

.isr_vector     0x0000000008000000      0x188
                0x0000000008000000                . = ALIGN (0x4)
 *(.isr_vector)
 .isr_vector    0x0000000008000000      0x188 CMakeFiles/WoCaoV1STM32.elf.dir/Core/Startup/startup_stm32f407zgtx.s.obj
                0x0000000008000000                g_pfnVectors
                0x0000000008000188                . = ALIGN (0x4)

.text           0x00000000080001c0     0xa168
                0x00000000080001c0                . = ALIGN (0x4)
 *(.text)
 .text          0x00000000080001c0       0x40 /Applications/ARM/bin/../lib/gcc/arm-none-eabi/10.3.1/thumb/v7e-m/nofp/crtbegin.o
 .text          0x0000000008000200      0x378 /Applications/ARM/bin/../lib/gcc/arm-none-eabi/10.3.1/thumb/v7e-m/nofp/libgcc.a(_arm_addsubdf3.o)
                0x0000000008000200                __aeabi_drsub
                0x0000000008000208                __subdf3
                0x0000000008000208                __aeabi_dsub
                0x000000000800020c                __aeabi_dadd
                0x000000000800020c                __adddf3
                0x0000000008000484                __aeabi_ui2d
                0x0000000008000484                __floatunsidf
                0x00000000080004a4                __floatsidf
                0x00000000080004a4                __aeabi_i2d
                0x00000000080004c8                __extendsfdf2
                0x00000000080004c8                __aeabi_f2d
                0x000000000800050c                __aeabi_ul2d
                0x000000000800050c                __floatundidf
                0x000000000800051c                __aeabi_l2d
                0x000000000800051c                __floatdidf
 .text          0x0000000008000578      0x110 /Applications/ARM/bin/../lib/gcc/arm-none-eabi/10.3.1/thumb/v7e-m/nofp/libgcc.a(_arm_cmpdf2.o)
                0x0000000008000578                __gedf2
                0x0000000008000578                __gtdf2
                0x0000000008000580                __ledf2
                0x0000000008000580                __ltdf2
                0x0000000008000588                __cmpdf2
                0x0000000008000588                __eqdf2
                0x0000000008000588                __nedf2
                0x0000000008000604                __aeabi_cdrcmple
                0x0000000008000614                __aeabi_cdcmple
                0x0000000008000614                __aeabi_cdcmpeq
                0x0000000008000624                __aeabi_dcmpeq
                0x0000000008000638                __aeabi_dcmplt
                0x000000000800064c                __aeabi_dcmple
                0x0000000008000660                __aeabi_dcmpge
                0x0000000008000674                __aeabi_dcmpgt
 .text          0x0000000008000688       0x40 /Applications/ARM/bin/../lib/gcc/arm-none-eabi/10.3.1/thumb/v7e-m/nofp/libgcc.a(_arm_fixunsdfsi.o)
                0x0000000008000688                __fixunsdfsi
                0x0000000008000688                __aeabi_d2uiz
 .text          0x00000000080006c8       0x30 /Applications/ARM/bin/../lib/gcc/arm-none-eabi/10.3.1/thumb/v7e-m/nofp/libgcc.a(_aeabi_uldivmod.o)
                0x00000000080006c8                __aeabi_uldivmod
 .text          0x00000000080006f8      0x2d0 /Applications/ARM/bin/../lib/gcc/arm-none-eabi/10.3.1/thumb/v7e-m/nofp/libgcc.a(_udivmoddi4.o)
                0x00000000080006f8                __udivmoddi4
 .text          0x00000000080009c8        0x4 /Applications/ARM/bin/../lib/gcc/arm-none-eabi/10.3.1/thumb/v7e-m/nofp/libgcc.a(_dvmd_tls.o)
                0x00000000080009c8                __aeabi_ldiv0
                0x00000000080009c8                __aeabi_idiv0
 *fill*         0x00000000080009cc       0x34 
 .text          0x0000000008000a00       0xdc /Applications/ARM/bin/../lib/gcc/arm-none-eabi/10.3.1/../../../../arm-none-eabi/lib/thumb/v7e-m/nofp/libg.a(lib_a-strlen.o)
                0x0000000008000a00                strlen
 *fill*         0x0000000008000adc        0x4 
 .text          0x0000000008000ae0       0xa0 /Applications/ARM/bin/../lib/gcc/arm-none-eabi/10.3.1/../../../../arm-none-eabi/lib/thumb/v7e-m/nofp/libg.a(lib_a-memchr.o)
                0x0000000008000ae0                memchr
 .text          0x0000000008000b80      0x134 /Applications/ARM/bin/../lib/gcc/arm-none-eabi/10.3.1/../../../../arm-none-eabi/lib/thumb/v7e-m/nofp/libg.a(lib_a-memcpy.o)
                0x0000000008000b80                memcpy
 .text          0x0000000008000cb4      0x424 /Applications/ARM/bin/../lib/gcc/arm-none-eabi/10.3.1/thumb/v7e-m/nofp/libgcc.a(_arm_muldivdf3.o)
                0x0000000008000cb4                __aeabi_dmul
                0x0000000008000cb4                __muldf3
                0x0000000008000f08                __aeabi_ddiv
                0x0000000008000f08                __divdf3
 .text          0x00000000080010d8       0x2c /Applications/ARM/bin/../lib/gcc/arm-none-eabi/10.3.1/thumb/v7e-m/nofp/libgcc.a(_arm_unorddf2.o)
                0x00000000080010d8                __aeabi_dcmpun
                0x00000000080010d8                __unorddf2
 .text          0x0000000008001104       0x50 /Applications/ARM/bin/../lib/gcc/arm-none-eabi/10.3.1/thumb/v7e-m/nofp/libgcc.a(_arm_fixdfsi.o)
                0x0000000008001104                __fixdfsi
                0x0000000008001104                __aeabi_d2iz
 *(.text*)
 .text.MX_GPIO_Init
                0x0000000008001154      0x138 CMakeFiles/WoCaoV1STM32.elf.dir/Core/Src/gpio.c.obj
                0x0000000008001154                MX_GPIO_Init
 .text.MX_I2C1_Init
                0x000000000800128c       0x3c CMakeFiles/WoCaoV1STM32.elf.dir/Core/Src/i2c.c.obj
                0x000000000800128c                MX_I2C1_Init
 .text.HAL_I2C_MspInit
                0x00000000080012c8       0x70 CMakeFiles/WoCaoV1STM32.elf.dir/Core/Src/i2c.c.obj
                0x00000000080012c8                HAL_I2C_MspInit
 .text.PID_Init
                0x0000000008001338       0xc8 CMakeFiles/WoCaoV1STM32.elf.dir/Core/Src/main.c.obj
                0x0000000008001338                PID_Init
 .text.Do_PID   0x0000000008001400       0xc2 CMakeFiles/WoCaoV1STM32.elf.dir/Core/Src/main.c.obj
                0x0000000008001400                Do_PID
 *fill*         0x00000000080014c2        0x2 
 .text.PID_Tick
                0x00000000080014c4      0x2fc CMakeFiles/WoCaoV1STM32.elf.dir/Core/Src/main.c.obj
                0x00000000080014c4                PID_Tick
 .text.HAL_TIM_PeriodElapsedCallback
                0x00000000080017c0       0x18 CMakeFiles/WoCaoV1STM32.elf.dir/Core/Src/main.c.obj
                0x00000000080017c0                HAL_TIM_PeriodElapsedCallback
 .text.Error_Handler
                0x00000000080017d8        0x4 CMakeFiles/WoCaoV1STM32.elf.dir/Core/Src/main.c.obj
                0x00000000080017d8                Error_Handler
 .text.SystemClock_Config
                0x00000000080017dc       0xa0 CMakeFiles/WoCaoV1STM32.elf.dir/Core/Src/main.c.obj
                0x00000000080017dc                SystemClock_Config
 .text.main     0x000000000800187c       0xfc CMakeFiles/WoCaoV1STM32.elf.dir/Core/Src/main.c.obj
                0x000000000800187c                main
 .text.MX_SPI1_Init
                0x0000000008001978       0x40 CMakeFiles/WoCaoV1STM32.elf.dir/Core/Src/spi.c.obj
                0x0000000008001978                MX_SPI1_Init
 .text.HAL_SPI_MspInit
                0x00000000080019b8       0x98 CMakeFiles/WoCaoV1STM32.elf.dir/Core/Src/spi.c.obj
                0x00000000080019b8                HAL_SPI_MspInit
 .text.HAL_MspInit
                0x0000000008001a50       0x38 CMakeFiles/WoCaoV1STM32.elf.dir/Core/Src/stm32f4xx_hal_msp.c.obj
                0x0000000008001a50                HAL_MspInit
 .text.NMI_Handler
                0x0000000008001a88        0x2 CMakeFiles/WoCaoV1STM32.elf.dir/Core/Src/stm32f4xx_it.c.obj
                0x0000000008001a88                NMI_Handler
 .text.HardFault_Handler
                0x0000000008001a8a        0x2 CMakeFiles/WoCaoV1STM32.elf.dir/Core/Src/stm32f4xx_it.c.obj
                0x0000000008001a8a                HardFault_Handler
 .text.MemManage_Handler
                0x0000000008001a8c        0x2 CMakeFiles/WoCaoV1STM32.elf.dir/Core/Src/stm32f4xx_it.c.obj
                0x0000000008001a8c                MemManage_Handler
 .text.BusFault_Handler
                0x0000000008001a8e        0x2 CMakeFiles/WoCaoV1STM32.elf.dir/Core/Src/stm32f4xx_it.c.obj
                0x0000000008001a8e                BusFault_Handler
 .text.UsageFault_Handler
                0x0000000008001a90        0x2 CMakeFiles/WoCaoV1STM32.elf.dir/Core/Src/stm32f4xx_it.c.obj
                0x0000000008001a90                UsageFault_Handler
 .text.SVC_Handler
                0x0000000008001a92        0x2 CMakeFiles/WoCaoV1STM32.elf.dir/Core/Src/stm32f4xx_it.c.obj
                0x0000000008001a92                SVC_Handler
 .text.DebugMon_Handler
                0x0000000008001a94        0x2 CMakeFiles/WoCaoV1STM32.elf.dir/Core/Src/stm32f4xx_it.c.obj
                0x0000000008001a94                DebugMon_Handler
 .text.PendSV_Handler
                0x0000000008001a96        0x2 CMakeFiles/WoCaoV1STM32.elf.dir/Core/Src/stm32f4xx_it.c.obj
                0x0000000008001a96                PendSV_Handler
 .text.SysTick_Handler
                0x0000000008001a98        0x8 CMakeFiles/WoCaoV1STM32.elf.dir/Core/Src/stm32f4xx_it.c.obj
                0x0000000008001a98                SysTick_Handler
 .text.USART1_IRQHandler
                0x0000000008001aa0       0x10 CMakeFiles/WoCaoV1STM32.elf.dir/Core/Src/stm32f4xx_it.c.obj
                0x0000000008001aa0                USART1_IRQHandler
 .text.TIM6_DAC_IRQHandler
                0x0000000008001ab0       0x10 CMakeFiles/WoCaoV1STM32.elf.dir/Core/Src/stm32f4xx_it.c.obj
                0x0000000008001ab0                TIM6_DAC_IRQHandler
 .text._getpid  0x0000000008001ac0        0x4 CMakeFiles/WoCaoV1STM32.elf.dir/Core/Src/syscalls.c.obj
                0x0000000008001ac0                _getpid
 .text._kill    0x0000000008001ac4       0x10 CMakeFiles/WoCaoV1STM32.elf.dir/Core/Src/syscalls.c.obj
                0x0000000008001ac4                _kill
 .text._exit    0x0000000008001ad4        0xc CMakeFiles/WoCaoV1STM32.elf.dir/Core/Src/syscalls.c.obj
                0x0000000008001ad4                _exit
 .text._read    0x0000000008001ae0       0x20 CMakeFiles/WoCaoV1STM32.elf.dir/Core/Src/syscalls.c.obj
                0x0000000008001ae0                _read
 .text._write   0x0000000008001b00       0x1c CMakeFiles/WoCaoV1STM32.elf.dir/Core/Src/syscalls.c.obj
                0x0000000008001b00                _write
 .text._close   0x0000000008001b1c        0x6 CMakeFiles/WoCaoV1STM32.elf.dir/Core/Src/syscalls.c.obj
                0x0000000008001b1c                _close
 .text._fstat   0x0000000008001b22        0xa CMakeFiles/WoCaoV1STM32.elf.dir/Core/Src/syscalls.c.obj
                0x0000000008001b22                _fstat
 .text._isatty  0x0000000008001b2c        0x4 CMakeFiles/WoCaoV1STM32.elf.dir/Core/Src/syscalls.c.obj
                0x0000000008001b2c                _isatty
 .text._lseek   0x0000000008001b30        0x4 CMakeFiles/WoCaoV1STM32.elf.dir/Core/Src/syscalls.c.obj
                0x0000000008001b30                _lseek
 .text._sbrk    0x0000000008001b34       0x48 CMakeFiles/WoCaoV1STM32.elf.dir/Core/Src/sysmem.c.obj
                0x0000000008001b34                _sbrk
 .text.SystemInit
                0x0000000008001b7c        0x2 CMakeFiles/WoCaoV1STM32.elf.dir/Core/Src/system_stm32f4xx.c.obj
                0x0000000008001b7c                SystemInit
 *fill*         0x0000000008001b7e        0x2 
 .text.MX_TIM1_Init
                0x0000000008001b80       0x68 CMakeFiles/WoCaoV1STM32.elf.dir/Core/Src/tim.c.obj
                0x0000000008001b80                MX_TIM1_Init
 .text.MX_TIM2_Init
                0x0000000008001be8       0x64 CMakeFiles/WoCaoV1STM32.elf.dir/Core/Src/tim.c.obj
                0x0000000008001be8                MX_TIM2_Init
 .text.MX_TIM3_Init
                0x0000000008001c4c       0x64 CMakeFiles/WoCaoV1STM32.elf.dir/Core/Src/tim.c.obj
                0x0000000008001c4c                MX_TIM3_Init
 .text.MX_TIM4_Init
                0x0000000008001cb0       0x64 CMakeFiles/WoCaoV1STM32.elf.dir/Core/Src/tim.c.obj
                0x0000000008001cb0                MX_TIM4_Init
 .text.MX_TIM6_Init
                0x0000000008001d14       0x50 CMakeFiles/WoCaoV1STM32.elf.dir/Core/Src/tim.c.obj
                0x0000000008001d14                MX_TIM6_Init
 .text.HAL_TIM_Encoder_MspInit
                0x0000000008001d64      0x184 CMakeFiles/WoCaoV1STM32.elf.dir/Core/Src/tim.c.obj
                0x0000000008001d64                HAL_TIM_Encoder_MspInit
 .text.HAL_TIM_Base_MspInit
                0x0000000008001ee8       0x68 CMakeFiles/WoCaoV1STM32.elf.dir/Core/Src/tim.c.obj
                0x0000000008001ee8                HAL_TIM_Base_MspInit
 .text.HAL_TIM_MspPostInit
                0x0000000008001f50       0x5c CMakeFiles/WoCaoV1STM32.elf.dir/Core/Src/tim.c.obj
                0x0000000008001f50                HAL_TIM_MspPostInit
 .text.MX_TIM8_Init
                0x0000000008001fac      0x120 CMakeFiles/WoCaoV1STM32.elf.dir/Core/Src/tim.c.obj
                0x0000000008001fac                MX_TIM8_Init
 .text.MX_UART4_Init
                0x00000000080020cc       0x34 CMakeFiles/WoCaoV1STM32.elf.dir/Core/Src/usart.c.obj
                0x00000000080020cc                MX_UART4_Init
 .text.MX_UART5_Init
                0x0000000008002100       0x34 CMakeFiles/WoCaoV1STM32.elf.dir/Core/Src/usart.c.obj
                0x0000000008002100                MX_UART5_Init
 .text.MX_USART1_UART_Init
                0x0000000008002134       0x34 CMakeFiles/WoCaoV1STM32.elf.dir/Core/Src/usart.c.obj
                0x0000000008002134                MX_USART1_UART_Init
 .text.MX_USART2_UART_Init
                0x0000000008002168       0x34 CMakeFiles/WoCaoV1STM32.elf.dir/Core/Src/usart.c.obj
                0x0000000008002168                MX_USART2_UART_Init
 .text.MX_USART3_UART_Init
                0x000000000800219c       0x34 CMakeFiles/WoCaoV1STM32.elf.dir/Core/Src/usart.c.obj
                0x000000000800219c                MX_USART3_UART_Init
 .text.MX_USART6_UART_Init
                0x00000000080021d0       0x34 CMakeFiles/WoCaoV1STM32.elf.dir/Core/Src/usart.c.obj
                0x00000000080021d0                MX_USART6_UART_Init
 .text.HAL_UART_MspInit
                0x0000000008002204      0x280 CMakeFiles/WoCaoV1STM32.elf.dir/Core/Src/usart.c.obj
                0x0000000008002204                HAL_UART_MspInit
 .text.Reset_Handler
                0x0000000008002484       0x50 CMakeFiles/WoCaoV1STM32.elf.dir/Core/Startup/startup_stm32f407zgtx.s.obj
                0x0000000008002484                Reset_Handler
 .text.Default_Handler
                0x00000000080024d4        0x2 CMakeFiles/WoCaoV1STM32.elf.dir/Core/Startup/startup_stm32f407zgtx.s.obj
                0x00000000080024d4                DMA1_Stream3_IRQHandler
                0x00000000080024d4                HASH_RNG_IRQHandler
                0x00000000080024d4                EXTI2_IRQHandler
                0x00000000080024d4                TIM8_CC_IRQHandler
                0x00000000080024d4                TIM1_CC_IRQHandler
                0x00000000080024d4                DMA2_Stream5_IRQHandler
                0x00000000080024d4                DMA1_Stream5_IRQHandler
                0x00000000080024d4                PVD_IRQHandler
                0x00000000080024d4                SDIO_IRQHandler
                0x00000000080024d4                TAMP_STAMP_IRQHandler
                0x00000000080024d4                CAN2_RX1_IRQHandler
                0x00000000080024d4                EXTI3_IRQHandler
                0x00000000080024d4                TIM8_TRG_COM_TIM14_IRQHandler
                0x00000000080024d4                TIM1_UP_TIM10_IRQHandler
                0x00000000080024d4                TIM8_UP_TIM13_IRQHandler
                0x00000000080024d4                I2C3_ER_IRQHandler
                0x00000000080024d4                EXTI0_IRQHandler
                0x00000000080024d4                I2C2_EV_IRQHandler
                0x00000000080024d4                DMA1_Stream2_IRQHandler
                0x00000000080024d4                CAN1_RX0_IRQHandler
                0x00000000080024d4                FPU_IRQHandler
                0x00000000080024d4                OTG_HS_WKUP_IRQHandler
                0x00000000080024d4                CAN2_SCE_IRQHandler
                0x00000000080024d4                DMA2_Stream2_IRQHandler
                0x00000000080024d4                SPI1_IRQHandler
                0x00000000080024d4                TIM1_BRK_TIM9_IRQHandler
                0x00000000080024d4                DCMI_IRQHandler
                0x00000000080024d4                CAN2_RX0_IRQHandler
                0x00000000080024d4                DMA2_Stream3_IRQHandler
                0x00000000080024d4                USART6_IRQHandler
                0x00000000080024d4                USART3_IRQHandler
                0x00000000080024d4                CAN1_RX1_IRQHandler
                0x00000000080024d4                UART5_IRQHandler
                0x00000000080024d4                DMA2_Stream0_IRQHandler
                0x00000000080024d4                TIM4_IRQHandler
                0x00000000080024d4                I2C1_EV_IRQHandler
                0x00000000080024d4                DMA1_Stream6_IRQHandler
                0x00000000080024d4                DMA1_Stream1_IRQHandler
                0x00000000080024d4                UART4_IRQHandler
                0x00000000080024d4                TIM3_IRQHandler
                0x00000000080024d4                RCC_IRQHandler
                0x00000000080024d4                TIM8_BRK_TIM12_IRQHandler
                0x00000000080024d4                Default_Handler
                0x00000000080024d4                EXTI15_10_IRQHandler
                0x00000000080024d4                ADC_IRQHandler
                0x00000000080024d4                DMA1_Stream7_IRQHandler
                0x00000000080024d4                TIM7_IRQHandler
                0x00000000080024d4                CAN2_TX_IRQHandler
                0x00000000080024d4                TIM5_IRQHandler
                0x00000000080024d4                DMA2_Stream7_IRQHandler
                0x00000000080024d4                I2C3_EV_IRQHandler
                0x00000000080024d4                EXTI9_5_IRQHandler
                0x00000000080024d4                RTC_WKUP_IRQHandler
                0x00000000080024d4                ETH_WKUP_IRQHandler
                0x00000000080024d4                SPI2_IRQHandler
                0x00000000080024d4                OTG_HS_EP1_IN_IRQHandler
                0x00000000080024d4                DMA1_Stream0_IRQHandler
                0x00000000080024d4                CAN1_TX_IRQHandler
                0x00000000080024d4                EXTI4_IRQHandler
                0x00000000080024d4                FSMC_IRQHandler
                0x00000000080024d4                ETH_IRQHandler
                0x00000000080024d4                OTG_HS_EP1_OUT_IRQHandler
                0x00000000080024d4                WWDG_IRQHandler
                0x00000000080024d4                TIM2_IRQHandler
                0x00000000080024d4                OTG_FS_WKUP_IRQHandler
                0x00000000080024d4                TIM1_TRG_COM_TIM11_IRQHandler
                0x00000000080024d4                OTG_HS_IRQHandler
                0x00000000080024d4                EXTI1_IRQHandler
                0x00000000080024d4                USART2_IRQHandler
                0x00000000080024d4                I2C2_ER_IRQHandler
                0x00000000080024d4                DMA2_Stream1_IRQHandler
                0x00000000080024d4                CAN1_SCE_IRQHandler
                0x00000000080024d4                FLASH_IRQHandler
                0x00000000080024d4                DMA2_Stream4_IRQHandler
                0x00000000080024d4                OTG_FS_IRQHandler
                0x00000000080024d4                SPI3_IRQHandler
                0x00000000080024d4                DMA1_Stream4_IRQHandler
                0x00000000080024d4                I2C1_ER_IRQHandler
                0x00000000080024d4                DMA2_Stream6_IRQHandler
                0x00000000080024d4                RTC_Alarm_IRQHandler
 *fill*         0x00000000080024d6        0x2 
 .text.HAL_InitTick
                0x00000000080024d8       0x4c CMakeFiles/WoCaoV1STM32.elf.dir/Drivers/STM32F4xx_HAL_Driver/Src/stm32f4xx_hal.c.obj
                0x00000000080024d8                HAL_InitTick
 .text.HAL_Init
                0x0000000008002524       0x34 CMakeFiles/WoCaoV1STM32.elf.dir/Drivers/STM32F4xx_HAL_Driver/Src/stm32f4xx_hal.c.obj
                0x0000000008002524                HAL_Init
 .text.HAL_IncTick
                0x0000000008002558       0x18 CMakeFiles/WoCaoV1STM32.elf.dir/Drivers/STM32F4xx_HAL_Driver/Src/stm32f4xx_hal.c.obj
                0x0000000008002558                HAL_IncTick
 .text.HAL_GetTick
                0x0000000008002570        0xc CMakeFiles/WoCaoV1STM32.elf.dir/Drivers/STM32F4xx_HAL_Driver/Src/stm32f4xx_hal.c.obj
                0x0000000008002570                HAL_GetTick
 .text.HAL_Delay
                0x000000000800257c       0x28 CMakeFiles/WoCaoV1STM32.elf.dir/Drivers/STM32F4xx_HAL_Driver/Src/stm32f4xx_hal.c.obj
                0x000000000800257c                HAL_Delay
 .text.HAL_NVIC_SetPriorityGrouping
                0x00000000080025a4       0x24 CMakeFiles/WoCaoV1STM32.elf.dir/Drivers/STM32F4xx_HAL_Driver/Src/stm32f4xx_hal_cortex.c.obj
                0x00000000080025a4                HAL_NVIC_SetPriorityGrouping
 .text.HAL_NVIC_SetPriority
                0x00000000080025c8       0x70 CMakeFiles/WoCaoV1STM32.elf.dir/Drivers/STM32F4xx_HAL_Driver/Src/stm32f4xx_hal_cortex.c.obj
                0x00000000080025c8                HAL_NVIC_SetPriority
 .text.HAL_NVIC_EnableIRQ
                0x0000000008002638       0x1c CMakeFiles/WoCaoV1STM32.elf.dir/Drivers/STM32F4xx_HAL_Driver/Src/stm32f4xx_hal_cortex.c.obj
                0x0000000008002638                HAL_NVIC_EnableIRQ
 .text.HAL_SYSTICK_Config
                0x0000000008002654       0x28 CMakeFiles/WoCaoV1STM32.elf.dir/Drivers/STM32F4xx_HAL_Driver/Src/stm32f4xx_hal_cortex.c.obj
                0x0000000008002654                HAL_SYSTICK_Config
 .text.HAL_DMA_Abort
                0x000000000800267c       0x94 CMakeFiles/WoCaoV1STM32.elf.dir/Drivers/STM32F4xx_HAL_Driver/Src/stm32f4xx_hal_dma.c.obj
                0x000000000800267c                HAL_DMA_Abort
 .text.HAL_DMA_Abort_IT
                0x0000000008002710       0x26 CMakeFiles/WoCaoV1STM32.elf.dir/Drivers/STM32F4xx_HAL_Driver/Src/stm32f4xx_hal_dma.c.obj
                0x0000000008002710                HAL_DMA_Abort_IT
 *fill*         0x0000000008002736        0x2 
 .text.HAL_GPIO_Init
                0x0000000008002738      0x1e4 CMakeFiles/WoCaoV1STM32.elf.dir/Drivers/STM32F4xx_HAL_Driver/Src/stm32f4xx_hal_gpio.c.obj
                0x0000000008002738                HAL_GPIO_Init
 .text.HAL_GPIO_WritePin
                0x000000000800291c        0xc CMakeFiles/WoCaoV1STM32.elf.dir/Drivers/STM32F4xx_HAL_Driver/Src/stm32f4xx_hal_gpio.c.obj
                0x000000000800291c                HAL_GPIO_WritePin
 .text.HAL_I2C_Init
                0x0000000008002928      0x1bc CMakeFiles/WoCaoV1STM32.elf.dir/Drivers/STM32F4xx_HAL_Driver/Src/stm32f4xx_hal_i2c.c.obj
                0x0000000008002928                HAL_I2C_Init
 .text.HAL_RCC_OscConfig
                0x0000000008002ae4      0x3f8 CMakeFiles/WoCaoV1STM32.elf.dir/Drivers/STM32F4xx_HAL_Driver/Src/stm32f4xx_hal_rcc.c.obj
                0x0000000008002ae4                HAL_RCC_OscConfig
 .text.HAL_RCC_GetSysClockFreq
                0x0000000008002edc       0xa4 CMakeFiles/WoCaoV1STM32.elf.dir/Drivers/STM32F4xx_HAL_Driver/Src/stm32f4xx_hal_rcc.c.obj
                0x0000000008002edc                HAL_RCC_GetSysClockFreq
 .text.HAL_RCC_ClockConfig
                0x0000000008002f80      0x160 CMakeFiles/WoCaoV1STM32.elf.dir/Drivers/STM32F4xx_HAL_Driver/Src/stm32f4xx_hal_rcc.c.obj
                0x0000000008002f80                HAL_RCC_ClockConfig
 .text.HAL_RCC_GetHCLKFreq
                0x00000000080030e0        0xc CMakeFiles/WoCaoV1STM32.elf.dir/Drivers/STM32F4xx_HAL_Driver/Src/stm32f4xx_hal_rcc.c.obj
                0x00000000080030e0                HAL_RCC_GetHCLKFreq
 .text.HAL_RCC_GetPCLK1Freq
                0x00000000080030ec       0x20 CMakeFiles/WoCaoV1STM32.elf.dir/Drivers/STM32F4xx_HAL_Driver/Src/stm32f4xx_hal_rcc.c.obj
                0x00000000080030ec                HAL_RCC_GetPCLK1Freq
 .text.HAL_RCC_GetPCLK2Freq
                0x000000000800310c       0x20 CMakeFiles/WoCaoV1STM32.elf.dir/Drivers/STM32F4xx_HAL_Driver/Src/stm32f4xx_hal_rcc.c.obj
                0x000000000800310c                HAL_RCC_GetPCLK2Freq
 .text.HAL_SPI_Init
                0x000000000800312c       0xbe CMakeFiles/WoCaoV1STM32.elf.dir/Drivers/STM32F4xx_HAL_Driver/Src/stm32f4xx_hal_spi.c.obj
                0x000000000800312c                HAL_SPI_Init
 *fill*         0x00000000080031ea        0x2 
 .text.TIM_OC1_SetConfig
                0x00000000080031ec       0x68 CMakeFiles/WoCaoV1STM32.elf.dir/Drivers/STM32F4xx_HAL_Driver/Src/stm32f4xx_hal_tim.c.obj
 .text.TIM_OC3_SetConfig
                0x0000000008003254       0x70 CMakeFiles/WoCaoV1STM32.elf.dir/Drivers/STM32F4xx_HAL_Driver/Src/stm32f4xx_hal_tim.c.obj
 .text.TIM_OC4_SetConfig
                0x00000000080032c4       0x50 CMakeFiles/WoCaoV1STM32.elf.dir/Drivers/STM32F4xx_HAL_Driver/Src/stm32f4xx_hal_tim.c.obj
 .text.TIM_TI1_ConfigInputStage
                0x0000000008003314       0x24 CMakeFiles/WoCaoV1STM32.elf.dir/Drivers/STM32F4xx_HAL_Driver/Src/stm32f4xx_hal_tim.c.obj
 .text.TIM_TI2_ConfigInputStage
                0x0000000008003338       0x26 CMakeFiles/WoCaoV1STM32.elf.dir/Drivers/STM32F4xx_HAL_Driver/Src/stm32f4xx_hal_tim.c.obj
 .text.TIM_ITRx_SetConfig
                0x000000000800335e       0x10 CMakeFiles/WoCaoV1STM32.elf.dir/Drivers/STM32F4xx_HAL_Driver/Src/stm32f4xx_hal_tim.c.obj
 *fill*         0x000000000800336e        0x2 
 .text.HAL_TIM_Base_Start_IT
                0x0000000008003370       0x88 CMakeFiles/WoCaoV1STM32.elf.dir/Drivers/STM32F4xx_HAL_Driver/Src/stm32f4xx_hal_tim.c.obj
                0x0000000008003370                HAL_TIM_Base_Start_IT
 .text.HAL_TIM_PWM_MspInit
                0x00000000080033f8        0x2 CMakeFiles/WoCaoV1STM32.elf.dir/Drivers/STM32F4xx_HAL_Driver/Src/stm32f4xx_hal_tim.c.obj
                0x00000000080033f8                HAL_TIM_PWM_MspInit
 .text.HAL_TIM_OC_DelayElapsedCallback
                0x00000000080033fa        0x2 CMakeFiles/WoCaoV1STM32.elf.dir/Drivers/STM32F4xx_HAL_Driver/Src/stm32f4xx_hal_tim.c.obj
                0x00000000080033fa                HAL_TIM_OC_DelayElapsedCallback
 .text.HAL_TIM_IC_CaptureCallback
                0x00000000080033fc        0x2 CMakeFiles/WoCaoV1STM32.elf.dir/Drivers/STM32F4xx_HAL_Driver/Src/stm32f4xx_hal_tim.c.obj
                0x00000000080033fc                HAL_TIM_IC_CaptureCallback
 .text.HAL_TIM_PWM_PulseFinishedCallback
                0x00000000080033fe        0x2 CMakeFiles/WoCaoV1STM32.elf.dir/Drivers/STM32F4xx_HAL_Driver/Src/stm32f4xx_hal_tim.c.obj
                0x00000000080033fe                HAL_TIM_PWM_PulseFinishedCallback
 .text.HAL_TIM_TriggerCallback
                0x0000000008003400        0x2 CMakeFiles/WoCaoV1STM32.elf.dir/Drivers/STM32F4xx_HAL_Driver/Src/stm32f4xx_hal_tim.c.obj
                0x0000000008003400                HAL_TIM_TriggerCallback
 .text.HAL_TIM_IRQHandler
                0x0000000008003402      0x17a CMakeFiles/WoCaoV1STM32.elf.dir/Drivers/STM32F4xx_HAL_Driver/Src/stm32f4xx_hal_tim.c.obj
                0x0000000008003402                HAL_TIM_IRQHandler
 .text.TIM_Base_SetConfig
                0x000000000800357c       0xc8 CMakeFiles/WoCaoV1STM32.elf.dir/Drivers/STM32F4xx_HAL_Driver/Src/stm32f4xx_hal_tim.c.obj
                0x000000000800357c                TIM_Base_SetConfig
 .text.HAL_TIM_Base_Init
                0x0000000008003644       0x58 CMakeFiles/WoCaoV1STM32.elf.dir/Drivers/STM32F4xx_HAL_Driver/Src/stm32f4xx_hal_tim.c.obj
                0x0000000008003644                HAL_TIM_Base_Init
 .text.HAL_TIM_PWM_Init
                0x000000000800369c       0x58 CMakeFiles/WoCaoV1STM32.elf.dir/Drivers/STM32F4xx_HAL_Driver/Src/stm32f4xx_hal_tim.c.obj
                0x000000000800369c                HAL_TIM_PWM_Init
 .text.HAL_TIM_Encoder_Init
                0x00000000080036f4       0xb8 CMakeFiles/WoCaoV1STM32.elf.dir/Drivers/STM32F4xx_HAL_Driver/Src/stm32f4xx_hal_tim.c.obj
                0x00000000080036f4                HAL_TIM_Encoder_Init
 .text.TIM_OC2_SetConfig
                0x00000000080037ac       0x70 CMakeFiles/WoCaoV1STM32.elf.dir/Drivers/STM32F4xx_HAL_Driver/Src/stm32f4xx_hal_tim.c.obj
                0x00000000080037ac                TIM_OC2_SetConfig
 .text.HAL_TIM_PWM_ConfigChannel
                0x000000000800381c       0xdc CMakeFiles/WoCaoV1STM32.elf.dir/Drivers/STM32F4xx_HAL_Driver/Src/stm32f4xx_hal_tim.c.obj
                0x000000000800381c                HAL_TIM_PWM_ConfigChannel
 .text.TIM_ETR_SetConfig
                0x00000000080038f8       0x18 CMakeFiles/WoCaoV1STM32.elf.dir/Drivers/STM32F4xx_HAL_Driver/Src/stm32f4xx_hal_tim.c.obj
                0x00000000080038f8                TIM_ETR_SetConfig
 .text.HAL_TIM_ConfigClockSource
                0x0000000008003910       0xfe CMakeFiles/WoCaoV1STM32.elf.dir/Drivers/STM32F4xx_HAL_Driver/Src/stm32f4xx_hal_tim.c.obj
                0x0000000008003910                HAL_TIM_ConfigClockSource
 .text.TIM_CCxChannelCmd
                0x0000000008003a0e       0x1e CMakeFiles/WoCaoV1STM32.elf.dir/Drivers/STM32F4xx_HAL_Driver/Src/stm32f4xx_hal_tim.c.obj
                0x0000000008003a0e                TIM_CCxChannelCmd
 .text.HAL_TIM_PWM_Start
                0x0000000008003a2c      0x104 CMakeFiles/WoCaoV1STM32.elf.dir/Drivers/STM32F4xx_HAL_Driver/Src/stm32f4xx_hal_tim.c.obj
                0x0000000008003a2c                HAL_TIM_PWM_Start
 .text.HAL_TIM_Encoder_Start
                0x0000000008003b30       0xcc CMakeFiles/WoCaoV1STM32.elf.dir/Drivers/STM32F4xx_HAL_Driver/Src/stm32f4xx_hal_tim.c.obj
                0x0000000008003b30                HAL_TIM_Encoder_Start
 .text.HAL_TIMEx_MasterConfigSynchronization
                0x0000000008003bfc       0x8c CMakeFiles/WoCaoV1STM32.elf.dir/Drivers/STM32F4xx_HAL_Driver/Src/stm32f4xx_hal_tim_ex.c.obj
                0x0000000008003bfc                HAL_TIMEx_MasterConfigSynchronization
 .text.HAL_TIMEx_ConfigBreakDeadTime
                0x0000000008003c88       0x52 CMakeFiles/WoCaoV1STM32.elf.dir/Drivers/STM32F4xx_HAL_Driver/Src/stm32f4xx_hal_tim_ex.c.obj
                0x0000000008003c88                HAL_TIMEx_ConfigBreakDeadTime
 .text.HAL_TIMEx_CommutCallback
                0x0000000008003cda        0x2 CMakeFiles/WoCaoV1STM32.elf.dir/Drivers/STM32F4xx_HAL_Driver/Src/stm32f4xx_hal_tim_ex.c.obj
                0x0000000008003cda                HAL_TIMEx_CommutCallback
 .text.HAL_TIMEx_BreakCallback
                0x0000000008003cdc        0x2 CMakeFiles/WoCaoV1STM32.elf.dir/Drivers/STM32F4xx_HAL_Driver/Src/stm32f4xx_hal_tim_ex.c.obj
                0x0000000008003cdc                HAL_TIMEx_BreakCallback
 .text.UART_EndRxTransfer
                0x0000000008003cde       0x5c CMakeFiles/WoCaoV1STM32.elf.dir/Drivers/STM32F4xx_HAL_Driver/Src/stm32f4xx_hal_uart.c.obj
 .text.UART_Transmit_IT
                0x0000000008003d3a       0x60 CMakeFiles/WoCaoV1STM32.elf.dir/Drivers/STM32F4xx_HAL_Driver/Src/stm32f4xx_hal_uart.c.obj
 *fill*         0x0000000008003d9a        0x2 
 .text.UART_SetConfig
                0x0000000008003d9c      0x110 CMakeFiles/WoCaoV1STM32.elf.dir/Drivers/STM32F4xx_HAL_Driver/Src/stm32f4xx_hal_uart.c.obj
 .text.UART_WaitOnFlagUntilTimeout
                0x0000000008003eac       0x88 CMakeFiles/WoCaoV1STM32.elf.dir/Drivers/STM32F4xx_HAL_Driver/Src/stm32f4xx_hal_uart.c.obj
 .text.HAL_UART_Init
                0x0000000008003f34       0x5e CMakeFiles/WoCaoV1STM32.elf.dir/Drivers/STM32F4xx_HAL_Driver/Src/stm32f4xx_hal_uart.c.obj
                0x0000000008003f34                HAL_UART_Init
 .text.HAL_UART_Transmit
                0x0000000008003f92       0xd8 CMakeFiles/WoCaoV1STM32.elf.dir/Drivers/STM32F4xx_HAL_Driver/Src/stm32f4xx_hal_uart.c.obj
                0x0000000008003f92                HAL_UART_Transmit
 .text.HAL_UART_TxCpltCallback
                0x000000000800406a        0x2 CMakeFiles/WoCaoV1STM32.elf.dir/Drivers/STM32F4xx_HAL_Driver/Src/stm32f4xx_hal_uart.c.obj
                0x000000000800406a                HAL_UART_TxCpltCallback
 .text.UART_EndTransmit_IT
                0x000000000800406c       0x1a CMakeFiles/WoCaoV1STM32.elf.dir/Drivers/STM32F4xx_HAL_Driver/Src/stm32f4xx_hal_uart.c.obj
 .text.HAL_UART_RxCpltCallback
                0x0000000008004086        0x2 CMakeFiles/WoCaoV1STM32.elf.dir/Drivers/STM32F4xx_HAL_Driver/Src/stm32f4xx_hal_uart.c.obj
                0x0000000008004086                HAL_UART_RxCpltCallback
 .text.HAL_UART_ErrorCallback
                0x0000000008004088        0x2 CMakeFiles/WoCaoV1STM32.elf.dir/Drivers/STM32F4xx_HAL_Driver/Src/stm32f4xx_hal_uart.c.obj
                0x0000000008004088                HAL_UART_ErrorCallback
 .text.UART_DMAAbortOnError
                0x000000000800408a       0x10 CMakeFiles/WoCaoV1STM32.elf.dir/Drivers/STM32F4xx_HAL_Driver/Src/stm32f4xx_hal_uart.c.obj
 .text.HAL_UARTEx_RxEventCallback
                0x000000000800409a        0x2 CMakeFiles/WoCaoV1STM32.elf.dir/Drivers/STM32F4xx_HAL_Driver/Src/stm32f4xx_hal_uart.c.obj
                0x000000000800409a                HAL_UARTEx_RxEventCallback
 .text.UART_Receive_IT
                0x000000000800409c       0xe2 CMakeFiles/WoCaoV1STM32.elf.dir/Drivers/STM32F4xx_HAL_Driver/Src/stm32f4xx_hal_uart.c.obj
 *fill*         0x000000000800417e        0x2 
 .text.HAL_UART_IRQHandler
                0x0000000008004180      0x280 CMakeFiles/WoCaoV1STM32.elf.dir/Drivers/STM32F4xx_HAL_Driver/Src/stm32f4xx_hal_uart.c.obj
                0x0000000008004180                HAL_UART_IRQHandler
 .text.__errno  0x0000000008004400        0xc /Applications/ARM/bin/../lib/gcc/arm-none-eabi/10.3.1/../../../../arm-none-eabi/lib/thumb/v7e-m/nofp/libg.a(lib_a-errno.o)
                0x0000000008004400                __errno
 .text.__libc_init_array
                0x000000000800440c       0x48 /Applications/ARM/bin/../lib/gcc/arm-none-eabi/10.3.1/../../../../arm-none-eabi/lib/thumb/v7e-m/nofp/libg.a(lib_a-init.o)
                0x000000000800440c                __libc_init_array
 .text.memset   0x0000000008004454       0xa4 /Applications/ARM/bin/../lib/gcc/arm-none-eabi/10.3.1/../../../../arm-none-eabi/lib/thumb/v7e-m/nofp/libg.a(lib_a-memset.o)
                0x0000000008004454                memset
 .text.snprintf
                0x00000000080044f8       0x88 /Applications/ARM/bin/../lib/gcc/arm-none-eabi/10.3.1/../../../../arm-none-eabi/lib/thumb/v7e-m/nofp/libg.a(lib_a-snprintf.o)
                0x00000000080044f8                snprintf
 .text._svfprintf_r
                0x0000000008004580     0x1a3c /Applications/ARM/bin/../lib/gcc/arm-none-eabi/10.3.1/../../../../arm-none-eabi/lib/thumb/v7e-m/nofp/libg.a(lib_a-svfprintf.o)
                0x0000000008004580                _svfprintf_r
 .text.startup.register_fini
                0x0000000008005fbc       0x14 /Applications/ARM/bin/../lib/gcc/arm-none-eabi/10.3.1/../../../../arm-none-eabi/lib/thumb/v7e-m/nofp/libg.a(lib_a-__call_atexit.o)
 .text.atexit   0x0000000008005fd0        0xc /Applications/ARM/bin/../lib/gcc/arm-none-eabi/10.3.1/../../../../arm-none-eabi/lib/thumb/v7e-m/nofp/libg.a(lib_a-atexit.o)
                0x0000000008005fd0                atexit
 .text.quorem   0x0000000008005fdc      0x124 /Applications/ARM/bin/../lib/gcc/arm-none-eabi/10.3.1/../../../../arm-none-eabi/lib/thumb/v7e-m/nofp/libg.a(lib_a-dtoa.o)
 .text._dtoa_r  0x0000000008006100      0xec4 /Applications/ARM/bin/../lib/gcc/arm-none-eabi/10.3.1/../../../../arm-none-eabi/lib/thumb/v7e-m/nofp/libg.a(lib_a-dtoa.o)
                0x0000000008006100                _dtoa_r
 .text.__libc_fini_array
                0x0000000008006fc4       0x2c /Applications/ARM/bin/../lib/gcc/arm-none-eabi/10.3.1/../../../../arm-none-eabi/lib/thumb/v7e-m/nofp/libg.a(lib_a-fini.o)
                0x0000000008006fc4                __libc_fini_array
 .text._malloc_trim_r
                0x0000000008006ff0       0xa0 /Applications/ARM/bin/../lib/gcc/arm-none-eabi/10.3.1/../../../../arm-none-eabi/lib/thumb/v7e-m/nofp/libg.a(lib_a-freer.o)
                0x0000000008006ff0                _malloc_trim_r
 .text._free_r  0x0000000008007090      0x20c /Applications/ARM/bin/../lib/gcc/arm-none-eabi/10.3.1/../../../../arm-none-eabi/lib/thumb/v7e-m/nofp/libg.a(lib_a-freer.o)
                0x0000000008007090                _free_r
 .text._localeconv_r
                0x000000000800729c        0x8 /Applications/ARM/bin/../lib/gcc/arm-none-eabi/10.3.1/../../../../arm-none-eabi/lib/thumb/v7e-m/nofp/libg.a(lib_a-localeconv.o)
                0x000000000800729c                _localeconv_r
 .text.__retarget_lock_init_recursive
                0x00000000080072a4        0x4 /Applications/ARM/bin/../lib/gcc/arm-none-eabi/10.3.1/../../../../arm-none-eabi/lib/thumb/v7e-m/nofp/libg.a(lib_a-lock.o)
                0x00000000080072a4                __retarget_lock_init_recursive
 .text.__retarget_lock_close_recursive
                0x00000000080072a8        0x4 /Applications/ARM/bin/../lib/gcc/arm-none-eabi/10.3.1/../../../../arm-none-eabi/lib/thumb/v7e-m/nofp/libg.a(lib_a-lock.o)
                0x00000000080072a8                __retarget_lock_close_recursive
 .text.__retarget_lock_acquire_recursive
                0x00000000080072ac        0x4 /Applications/ARM/bin/../lib/gcc/arm-none-eabi/10.3.1/../../../../arm-none-eabi/lib/thumb/v7e-m/nofp/libg.a(lib_a-lock.o)
                0x00000000080072ac                __retarget_lock_acquire_recursive
 .text.__retarget_lock_release_recursive
                0x00000000080072b0        0x4 /Applications/ARM/bin/../lib/gcc/arm-none-eabi/10.3.1/../../../../arm-none-eabi/lib/thumb/v7e-m/nofp/libg.a(lib_a-lock.o)
                0x00000000080072b0                __retarget_lock_release_recursive
 .text._malloc_r
                0x00000000080072b4      0x560 /Applications/ARM/bin/../lib/gcc/arm-none-eabi/10.3.1/../../../../arm-none-eabi/lib/thumb/v7e-m/nofp/libg.a(lib_a-mallocr.o)
                0x00000000080072b4                _malloc_r
 .text.__malloc_lock
                0x0000000008007814        0xc /Applications/ARM/bin/../lib/gcc/arm-none-eabi/10.3.1/../../../../arm-none-eabi/lib/thumb/v7e-m/nofp/libg.a(lib_a-mlock.o)
                0x0000000008007814                __malloc_lock
 .text.__malloc_unlock
                0x0000000008007820        0xc /Applications/ARM/bin/../lib/gcc/arm-none-eabi/10.3.1/../../../../arm-none-eabi/lib/thumb/v7e-m/nofp/libg.a(lib_a-mlock.o)
                0x0000000008007820                __malloc_unlock
 .text._Balloc  0x000000000800782c       0x4c /Applications/ARM/bin/../lib/gcc/arm-none-eabi/10.3.1/../../../../arm-none-eabi/lib/thumb/v7e-m/nofp/libg.a(lib_a-mprec.o)
                0x000000000800782c                _Balloc
 .text._Bfree   0x0000000008007878       0x14 /Applications/ARM/bin/../lib/gcc/arm-none-eabi/10.3.1/../../../../arm-none-eabi/lib/thumb/v7e-m/nofp/libg.a(lib_a-mprec.o)
                0x0000000008007878                _Bfree
 .text.__multadd
                0x000000000800788c       0xa0 /Applications/ARM/bin/../lib/gcc/arm-none-eabi/10.3.1/../../../../arm-none-eabi/lib/thumb/v7e-m/nofp/libg.a(lib_a-mprec.o)
                0x000000000800788c                __multadd
 .text.__hi0bits
                0x000000000800792c       0x40 /Applications/ARM/bin/../lib/gcc/arm-none-eabi/10.3.1/../../../../arm-none-eabi/lib/thumb/v7e-m/nofp/libg.a(lib_a-mprec.o)
                0x000000000800792c                __hi0bits
 .text.__lo0bits
                0x000000000800796c       0x5c /Applications/ARM/bin/../lib/gcc/arm-none-eabi/10.3.1/../../../../arm-none-eabi/lib/thumb/v7e-m/nofp/libg.a(lib_a-mprec.o)
                0x000000000800796c                __lo0bits
 .text.__i2b    0x00000000080079c8       0x5c /Applications/ARM/bin/../lib/gcc/arm-none-eabi/10.3.1/../../../../arm-none-eabi/lib/thumb/v7e-m/nofp/libg.a(lib_a-mprec.o)
                0x00000000080079c8                __i2b
 .text.__multiply
                0x0000000008007a24      0x15c /Applications/ARM/bin/../lib/gcc/arm-none-eabi/10.3.1/../../../../arm-none-eabi/lib/thumb/v7e-m/nofp/libg.a(lib_a-mprec.o)
                0x0000000008007a24                __multiply
 .text.__pow5mult
                0x0000000008007b80       0xc0 /Applications/ARM/bin/../lib/gcc/arm-none-eabi/10.3.1/../../../../arm-none-eabi/lib/thumb/v7e-m/nofp/libg.a(lib_a-mprec.o)
                0x0000000008007b80                __pow5mult
 .text.__lshift
                0x0000000008007c40       0xf0 /Applications/ARM/bin/../lib/gcc/arm-none-eabi/10.3.1/../../../../arm-none-eabi/lib/thumb/v7e-m/nofp/libg.a(lib_a-mprec.o)
                0x0000000008007c40                __lshift
 .text.__mcmp   0x0000000008007d30       0x40 /Applications/ARM/bin/../lib/gcc/arm-none-eabi/10.3.1/../../../../arm-none-eabi/lib/thumb/v7e-m/nofp/libg.a(lib_a-mprec.o)
                0x0000000008007d30                __mcmp
 .text.__mdiff  0x0000000008007d70      0x14c /Applications/ARM/bin/../lib/gcc/arm-none-eabi/10.3.1/../../../../arm-none-eabi/lib/thumb/v7e-m/nofp/libg.a(lib_a-mprec.o)
                0x0000000008007d70                __mdiff
 .text.__d2b    0x0000000008007ebc       0xc4 /Applications/ARM/bin/../lib/gcc/arm-none-eabi/10.3.1/../../../../arm-none-eabi/lib/thumb/v7e-m/nofp/libg.a(lib_a-mprec.o)
                0x0000000008007ebc                __d2b
 .text.frexp    0x0000000008007f80       0x70 /Applications/ARM/bin/../lib/gcc/arm-none-eabi/10.3.1/../../../../arm-none-eabi/lib/thumb/v7e-m/nofp/libg.a(lib_a-s_frexp.o)
                0x0000000008007f80                frexp
 .text._sbrk_r  0x0000000008007ff0       0x24 /Applications/ARM/bin/../lib/gcc/arm-none-eabi/10.3.1/../../../../arm-none-eabi/lib/thumb/v7e-m/nofp/libg.a(lib_a-sbrkr.o)
                0x0000000008007ff0                _sbrk_r
 .text.strncpy  0x0000000008008014       0x64 /Applications/ARM/bin/../lib/gcc/arm-none-eabi/10.3.1/../../../../arm-none-eabi/lib/thumb/v7e-m/nofp/libg.a(lib_a-strncpy.o)
                0x0000000008008014                strncpy
 .text.__ssprint_r
                0x0000000008008078       0xf8 /Applications/ARM/bin/../lib/gcc/arm-none-eabi/10.3.1/../../../../arm-none-eabi/lib/thumb/v7e-m/nofp/libg.a(lib_a-svfiprintf.o)
                0x0000000008008078                __ssprint_r
 .text.__register_exitproc
                0x0000000008008170       0x8c /Applications/ARM/bin/../lib/gcc/arm-none-eabi/10.3.1/../../../../arm-none-eabi/lib/thumb/v7e-m/nofp/libg.a(lib_a-__atexit.o)
                0x0000000008008170                __register_exitproc
 .text.__assert_func
                0x00000000080081fc       0x40 /Applications/ARM/bin/../lib/gcc/arm-none-eabi/10.3.1/../../../../arm-none-eabi/lib/thumb/v7e-m/nofp/libg.a(lib_a-assert.o)
                0x00000000080081fc                __assert_func
 .text._calloc_r
                0x000000000800823c       0x78 /Applications/ARM/bin/../lib/gcc/arm-none-eabi/10.3.1/../../../../arm-none-eabi/lib/thumb/v7e-m/nofp/libg.a(lib_a-callocr.o)
                0x000000000800823c                _calloc_r
 .text.fiprintf
                0x00000000080082b4       0x28 /Applications/ARM/bin/../lib/gcc/arm-none-eabi/10.3.1/../../../../arm-none-eabi/lib/thumb/v7e-m/nofp/libg.a(lib_a-fiprintf.o)
                0x00000000080082b4                fiprintf
 .text.__locale_mb_cur_max
                0x00000000080082dc        0xc /Applications/ARM/bin/../lib/gcc/arm-none-eabi/10.3.1/../../../../arm-none-eabi/lib/thumb/v7e-m/nofp/libg.a(lib_a-locale.o)
                0x00000000080082dc                __locale_mb_cur_max
 .text.__ascii_mbtowc
                0x00000000080082e8       0x2c /Applications/ARM/bin/../lib/gcc/arm-none-eabi/10.3.1/../../../../arm-none-eabi/lib/thumb/v7e-m/nofp/libg.a(lib_a-mbtowc_r.o)
                0x00000000080082e8                __ascii_mbtowc
 .text.memmove  0x0000000008008314       0xf8 /Applications/ARM/bin/../lib/gcc/arm-none-eabi/10.3.1/../../../../arm-none-eabi/lib/thumb/v7e-m/nofp/libg.a(lib_a-memmove.o)
                0x0000000008008314                memmove
 .text._realloc_r
                0x000000000800840c      0x3d8 /Applications/ARM/bin/../lib/gcc/arm-none-eabi/10.3.1/../../../../arm-none-eabi/lib/thumb/v7e-m/nofp/libg.a(lib_a-reallocr.o)
                0x000000000800840c                _realloc_r
 .text.__sprint_r.part.0
                0x00000000080087e4       0x78 /Applications/ARM/bin/../lib/gcc/arm-none-eabi/10.3.1/../../../../arm-none-eabi/lib/thumb/v7e-m/nofp/libg.a(lib_a-vfiprintf.o)
 .text._vfiprintf_r
                0x000000000800885c      0xda0 /Applications/ARM/bin/../lib/gcc/arm-none-eabi/10.3.1/../../../../arm-none-eabi/lib/thumb/v7e-m/nofp/libg.a(lib_a-vfiprintf.o)
                0x000000000800885c                _vfiprintf_r
 .text.__sbprintf
                0x00000000080095fc       0x80 /Applications/ARM/bin/../lib/gcc/arm-none-eabi/10.3.1/../../../../arm-none-eabi/lib/thumb/v7e-m/nofp/libg.a(lib_a-vfiprintf.o)
 .text.__ascii_wctomb
                0x000000000800967c       0x1c /Applications/ARM/bin/../lib/gcc/arm-none-eabi/10.3.1/../../../../arm-none-eabi/lib/thumb/v7e-m/nofp/libg.a(lib_a-wctomb_r.o)
                0x000000000800967c                __ascii_wctomb
 .text.__swsetup_r
                0x0000000008009698       0xd4 /Applications/ARM/bin/../lib/gcc/arm-none-eabi/10.3.1/../../../../arm-none-eabi/lib/thumb/v7e-m/nofp/libg.a(lib_a-wsetup.o)
                0x0000000008009698                __swsetup_r
 .text.abort    0x000000000800976c       0x10 /Applications/ARM/bin/../lib/gcc/arm-none-eabi/10.3.1/../../../../arm-none-eabi/lib/thumb/v7e-m/nofp/libg.a(lib_a-abort.o)
                0x000000000800976c                abort
 .text.__sflush_r
                0x000000000800977c      0x120 /Applications/ARM/bin/../lib/gcc/arm-none-eabi/10.3.1/../../../../arm-none-eabi/lib/thumb/v7e-m/nofp/libg.a(lib_a-fflush.o)
                0x000000000800977c                __sflush_r
 .text._fflush_r
                0x000000000800989c       0x5c /Applications/ARM/bin/../lib/gcc/arm-none-eabi/10.3.1/../../../../arm-none-eabi/lib/thumb/v7e-m/nofp/libg.a(lib_a-fflush.o)
                0x000000000800989c                _fflush_r
 .text._cleanup_r
                0x00000000080098f8        0xc /Applications/ARM/bin/../lib/gcc/arm-none-eabi/10.3.1/../../../../arm-none-eabi/lib/thumb/v7e-m/nofp/libg.a(lib_a-findfp.o)
                0x00000000080098f8                _cleanup_r
 .text.__sinit  0x0000000008009904      0x10c /Applications/ARM/bin/../lib/gcc/arm-none-eabi/10.3.1/../../../../arm-none-eabi/lib/thumb/v7e-m/nofp/libg.a(lib_a-findfp.o)
                0x0000000008009904                __sinit
 .text.__sfp_lock_acquire
                0x0000000008009a10        0xc /Applications/ARM/bin/../lib/gcc/arm-none-eabi/10.3.1/../../../../arm-none-eabi/lib/thumb/v7e-m/nofp/libg.a(lib_a-findfp.o)
                0x0000000008009a10                __sfp_lock_acquire
 .text.__sfp_lock_release
                0x0000000008009a1c        0xc /Applications/ARM/bin/../lib/gcc/arm-none-eabi/10.3.1/../../../../arm-none-eabi/lib/thumb/v7e-m/nofp/libg.a(lib_a-findfp.o)
                0x0000000008009a1c                __sfp_lock_release
 .text.__fputwc
                0x0000000008009a28       0xa8 /Applications/ARM/bin/../lib/gcc/arm-none-eabi/10.3.1/../../../../arm-none-eabi/lib/thumb/v7e-m/nofp/libg.a(lib_a-fputwc.o)
                0x0000000008009a28                __fputwc
 .text._fputwc_r
                0x0000000008009ad0       0x68 /Applications/ARM/bin/../lib/gcc/arm-none-eabi/10.3.1/../../../../arm-none-eabi/lib/thumb/v7e-m/nofp/libg.a(lib_a-fputwc.o)
                0x0000000008009ad0                _fputwc_r
 .text.__sfvwrite_r
                0x0000000008009b38      0x2e8 /Applications/ARM/bin/../lib/gcc/arm-none-eabi/10.3.1/../../../../arm-none-eabi/lib/thumb/v7e-m/nofp/libg.a(lib_a-fvwrite.o)
                0x0000000008009b38                __sfvwrite_r
 .text._fwalk_reent
                0x0000000008009e20       0x48 /Applications/ARM/bin/../lib/gcc/arm-none-eabi/10.3.1/../../../../arm-none-eabi/lib/thumb/v7e-m/nofp/libg.a(lib_a-fwalk.o)
                0x0000000008009e20                _fwalk_reent
 .text.__smakebuf_r
                0x0000000008009e68       0xe0 /Applications/ARM/bin/../lib/gcc/arm-none-eabi/10.3.1/../../../../arm-none-eabi/lib/thumb/v7e-m/nofp/libg.a(lib_a-makebuf.o)
                0x0000000008009e68                __smakebuf_r
 .text.raise    0x0000000008009f48       0x5c /Applications/ARM/bin/../lib/gcc/arm-none-eabi/10.3.1/../../../../arm-none-eabi/lib/thumb/v7e-m/nofp/libg.a(lib_a-signal.o)
                0x0000000008009f48                raise
 .text._kill_r  0x0000000008009fa4       0x2c /Applications/ARM/bin/../lib/gcc/arm-none-eabi/10.3.1/../../../../arm-none-eabi/lib/thumb/v7e-m/nofp/libg.a(lib_a-signalr.o)
                0x0000000008009fa4                _kill_r
 .text._getpid_r
                0x0000000008009fd0        0x4 /Applications/ARM/bin/../lib/gcc/arm-none-eabi/10.3.1/../../../../arm-none-eabi/lib/thumb/v7e-m/nofp/libg.a(lib_a-signalr.o)
                0x0000000008009fd0                _getpid_r
 .text.__sread  0x0000000008009fd4       0x24 /Applications/ARM/bin/../lib/gcc/arm-none-eabi/10.3.1/../../../../arm-none-eabi/lib/thumb/v7e-m/nofp/libg.a(lib_a-stdio.o)
                0x0000000008009fd4                __sread
 .text.__swrite
                0x0000000008009ff8       0x40 /Applications/ARM/bin/../lib/gcc/arm-none-eabi/10.3.1/../../../../arm-none-eabi/lib/thumb/v7e-m/nofp/libg.a(lib_a-stdio.o)
                0x0000000008009ff8                __swrite
 .text.__sseek  0x000000000800a038       0x20 /Applications/ARM/bin/../lib/gcc/arm-none-eabi/10.3.1/../../../../arm-none-eabi/lib/thumb/v7e-m/nofp/libg.a(lib_a-stdio.o)
                0x000000000800a038                __sseek
 .text.__sclose
                0x000000000800a058        0x8 /Applications/ARM/bin/../lib/gcc/arm-none-eabi/10.3.1/../../../../arm-none-eabi/lib/thumb/v7e-m/nofp/libg.a(lib_a-stdio.o)
                0x000000000800a058                __sclose
 .text.__swbuf_r
                0x000000000800a060       0xb0 /Applications/ARM/bin/../lib/gcc/arm-none-eabi/10.3.1/../../../../arm-none-eabi/lib/thumb/v7e-m/nofp/libg.a(lib_a-wbuf.o)
                0x000000000800a060                __swbuf_r
 .text._wcrtomb_r
                0x000000000800a110       0x3c /Applications/ARM/bin/../lib/gcc/arm-none-eabi/10.3.1/../../../../arm-none-eabi/lib/thumb/v7e-m/nofp/libg.a(lib_a-wcrtomb.o)
                0x000000000800a110                _wcrtomb_r
 .text._write_r
                0x000000000800a14c       0x2c /Applications/ARM/bin/../lib/gcc/arm-none-eabi/10.3.1/../../../../arm-none-eabi/lib/thumb/v7e-m/nofp/libg.a(lib_a-writer.o)
                0x000000000800a14c                _write_r
 .text._close_r
                0x000000000800a178       0x24 /Applications/ARM/bin/../lib/gcc/arm-none-eabi/10.3.1/../../../../arm-none-eabi/lib/thumb/v7e-m/nofp/libg.a(lib_a-closer.o)
                0x000000000800a178                _close_r
 .text._fclose_r
                0x000000000800a19c       0xcc /Applications/ARM/bin/../lib/gcc/arm-none-eabi/10.3.1/../../../../arm-none-eabi/lib/thumb/v7e-m/nofp/libg.a(lib_a-fclose.o)
                0x000000000800a19c                _fclose_r
 .text._fstat_r
                0x000000000800a268       0x2c /Applications/ARM/bin/../lib/gcc/arm-none-eabi/10.3.1/../../../../arm-none-eabi/lib/thumb/v7e-m/nofp/libg.a(lib_a-fstatr.o)
                0x000000000800a268                _fstat_r
 .text._isatty_r
                0x000000000800a294       0x24 /Applications/ARM/bin/../lib/gcc/arm-none-eabi/10.3.1/../../../../arm-none-eabi/lib/thumb/v7e-m/nofp/libg.a(lib_a-isattyr.o)
                0x000000000800a294                _isatty_r
 .text._lseek_r
                0x000000000800a2b8       0x2c /Applications/ARM/bin/../lib/gcc/arm-none-eabi/10.3.1/../../../../arm-none-eabi/lib/thumb/v7e-m/nofp/libg.a(lib_a-lseekr.o)
                0x000000000800a2b8                _lseek_r
 .text._read_r  0x000000000800a2e4       0x2c /Applications/ARM/bin/../lib/gcc/arm-none-eabi/10.3.1/../../../../arm-none-eabi/lib/thumb/v7e-m/nofp/libg.a(lib_a-readr.o)
                0x000000000800a2e4                _read_r
 *(.glue_7)
 .glue_7        0x000000000800a310        0x0 linker stubs
 *(.glue_7t)
 .glue_7t       0x000000000800a310        0x0 linker stubs
 *(.eh_frame)
 .eh_frame      0x000000000800a310        0x0 /Applications/ARM/bin/../lib/gcc/arm-none-eabi/10.3.1/thumb/v7e-m/nofp/crtbegin.o
 *(.init)
 .init          0x000000000800a310        0x4 /Applications/ARM/bin/../lib/gcc/arm-none-eabi/10.3.1/thumb/v7e-m/nofp/crti.o
                0x000000000800a310                _init
 .init          0x000000000800a314        0x8 /Applications/ARM/bin/../lib/gcc/arm-none-eabi/10.3.1/thumb/v7e-m/nofp/crtn.o
 *(.fini)
 .fini          0x000000000800a31c        0x4 /Applications/ARM/bin/../lib/gcc/arm-none-eabi/10.3.1/thumb/v7e-m/nofp/crti.o
                0x000000000800a31c                _fini
 .fini          0x000000000800a320        0x8 /Applications/ARM/bin/../lib/gcc/arm-none-eabi/10.3.1/thumb/v7e-m/nofp/crtn.o
                0x000000000800a328                . = ALIGN (0x4)
                0x000000000800a328                _etext = .

.vfp11_veneer   0x000000000800a328        0x0
 .vfp11_veneer  0x000000000800a328        0x0 linker stubs

.v4_bx          0x000000000800a328        0x0
 .v4_bx         0x000000000800a328        0x0 linker stubs

.iplt           0x000000000800a328        0x0
 .iplt          0x000000000800a328        0x0 /Applications/ARM/bin/../lib/gcc/arm-none-eabi/10.3.1/thumb/v7e-m/nofp/crtbegin.o

.rodata         0x000000000800a328      0x3e8
                0x000000000800a328                . = ALIGN (0x4)
 *(.rodata)
 *(.rodata*)
 .rodata.main.str1.4
                0x000000000800a328       0x18 CMakeFiles/WoCaoV1STM32.elf.dir/Core/Src/main.c.obj
 .rodata.AHBPrescTable
                0x000000000800a340       0x10 CMakeFiles/WoCaoV1STM32.elf.dir/Core/Src/system_stm32f4xx.c.obj
                0x000000000800a340                AHBPrescTable
 .rodata.APBPrescTable
                0x000000000800a350        0x8 CMakeFiles/WoCaoV1STM32.elf.dir/Core/Src/system_stm32f4xx.c.obj
                0x000000000800a350                APBPrescTable
 .rodata._global_impure_ptr
                0x000000000800a358        0x4 /Applications/ARM/bin/../lib/gcc/arm-none-eabi/10.3.1/../../../../arm-none-eabi/lib/thumb/v7e-m/nofp/libg.a(lib_a-impure.o)
                0x000000000800a358                _global_impure_ptr
 .rodata._svfprintf_r.str1.4
                0x000000000800a35c       0x42 /Applications/ARM/bin/../lib/gcc/arm-none-eabi/10.3.1/../../../../arm-none-eabi/lib/thumb/v7e-m/nofp/libg.a(lib_a-svfprintf.o)
 *fill*         0x000000000800a39e        0x2 
 .rodata.blanks.1
                0x000000000800a3a0       0x10 /Applications/ARM/bin/../lib/gcc/arm-none-eabi/10.3.1/../../../../arm-none-eabi/lib/thumb/v7e-m/nofp/libg.a(lib_a-svfprintf.o)
 .rodata.zeroes.0
                0x000000000800a3b0       0x10 /Applications/ARM/bin/../lib/gcc/arm-none-eabi/10.3.1/../../../../arm-none-eabi/lib/thumb/v7e-m/nofp/libg.a(lib_a-svfprintf.o)
 .rodata._dtoa_r.str1.4
                0x000000000800a3c0       0x7e /Applications/ARM/bin/../lib/gcc/arm-none-eabi/10.3.1/../../../../arm-none-eabi/lib/thumb/v7e-m/nofp/libg.a(lib_a-dtoa.o)
                                         0x82 (size before relaxing)
 *fill*         0x000000000800a43e        0x2 
 .rodata.__multadd.str1.4
                0x000000000800a440       0x5b /Applications/ARM/bin/../lib/gcc/arm-none-eabi/10.3.1/../../../../arm-none-eabi/lib/thumb/v7e-m/nofp/libg.a(lib_a-mprec.o)
                                         0x6f (size before relaxing)
 *fill*         0x000000000800a49b        0x5 
 .rodata.__mprec_bigtens
                0x000000000800a4a0       0x28 /Applications/ARM/bin/../lib/gcc/arm-none-eabi/10.3.1/../../../../arm-none-eabi/lib/thumb/v7e-m/nofp/libg.a(lib_a-mprec.o)
                0x000000000800a4a0                __mprec_bigtens
 .rodata.__mprec_tens
                0x000000000800a4c8       0xc8 /Applications/ARM/bin/../lib/gcc/arm-none-eabi/10.3.1/../../../../arm-none-eabi/lib/thumb/v7e-m/nofp/libg.a(lib_a-mprec.o)
                0x000000000800a4c8                __mprec_tens
 .rodata.p05.0  0x000000000800a590        0xc /Applications/ARM/bin/../lib/gcc/arm-none-eabi/10.3.1/../../../../arm-none-eabi/lib/thumb/v7e-m/nofp/libg.a(lib_a-mprec.o)
 .rodata.__assert_func.str1.4
                0x000000000800a59c       0x3f /Applications/ARM/bin/../lib/gcc/arm-none-eabi/10.3.1/../../../../arm-none-eabi/lib/thumb/v7e-m/nofp/libg.a(lib_a-assert.o)
                                         0x43 (size before relaxing)
 *fill*         0x000000000800a5db        0x1 
 .rodata._setlocale_r.str1.4
                0x000000000800a5dc        0xa /Applications/ARM/bin/../lib/gcc/arm-none-eabi/10.3.1/../../../../arm-none-eabi/lib/thumb/v7e-m/nofp/libg.a(lib_a-locale.o)
                                          0xd (size before relaxing)
 *fill*         0x000000000800a5e6        0x2 
 .rodata.str1.4
                0x000000000800a5e8        0x2 /Applications/ARM/bin/../lib/gcc/arm-none-eabi/10.3.1/../../../../arm-none-eabi/lib/thumb/v7e-m/nofp/libg.a(lib_a-locale.o)
 .rodata._vfiprintf_r.str1.4
                0x000000000800a5ea       0x2f /Applications/ARM/bin/../lib/gcc/arm-none-eabi/10.3.1/../../../../arm-none-eabi/lib/thumb/v7e-m/nofp/libg.a(lib_a-vfiprintf.o)
 *fill*         0x000000000800a5ea        0x2 
 .rodata.blanks.1
                0x000000000800a5ec       0x10 /Applications/ARM/bin/../lib/gcc/arm-none-eabi/10.3.1/../../../../arm-none-eabi/lib/thumb/v7e-m/nofp/libg.a(lib_a-vfiprintf.o)
 .rodata.zeroes.0
                0x000000000800a5fc       0x10 /Applications/ARM/bin/../lib/gcc/arm-none-eabi/10.3.1/../../../../arm-none-eabi/lib/thumb/v7e-m/nofp/libg.a(lib_a-vfiprintf.o)
 .rodata._ctype_
                0x000000000800a60c      0x101 /Applications/ARM/bin/../lib/gcc/arm-none-eabi/10.3.1/../../../../arm-none-eabi/lib/thumb/v7e-m/nofp/libg.a(lib_a-ctype_.o)
                0x000000000800a60c                _ctype_
                0x000000000800a710                . = ALIGN (0x4)
 *fill*         0x000000000800a70d        0x3 

.ARM.extab      0x000000000800a710        0x0
                0x000000000800a710                . = ALIGN (0x4)
 *(.ARM.extab* .gnu.linkonce.armextab.*)
                0x000000000800a710                . = ALIGN (0x4)

.ARM            0x000000000800a710        0x8
                0x000000000800a710                . = ALIGN (0x4)
                0x000000000800a710                __exidx_start = .
 *(.ARM.exidx*)
 .ARM.exidx     0x000000000800a710        0x8 /Applications/ARM/bin/../lib/gcc/arm-none-eabi/10.3.1/thumb/v7e-m/nofp/libgcc.a(_udivmoddi4.o)
                0x000000000800a718                __exidx_end = .
                0x000000000800a718                . = ALIGN (0x4)

.rel.dyn        0x000000000800a718        0x0
 .rel.iplt      0x000000000800a718        0x0 /Applications/ARM/bin/../lib/gcc/arm-none-eabi/10.3.1/thumb/v7e-m/nofp/crtbegin.o

.preinit_array  0x000000000800a718        0x0
                0x000000000800a718                . = ALIGN (0x4)
                0x000000000800a718                PROVIDE (__preinit_array_start = .)
 *(.preinit_array*)
                0x000000000800a718                PROVIDE (__preinit_array_end = .)
                0x000000000800a718                . = ALIGN (0x4)

.init_array     0x000000000800a718        0x8
                0x000000000800a718                . = ALIGN (0x4)
                0x000000000800a718                PROVIDE (__init_array_start = .)
 *(SORT_BY_NAME(.init_array.*))
 .init_array.00000
                0x000000000800a718        0x4 /Applications/ARM/bin/../lib/gcc/arm-none-eabi/10.3.1/../../../../arm-none-eabi/lib/thumb/v7e-m/nofp/libg.a(lib_a-__call_atexit.o)
 *(.init_array*)
 .init_array    0x000000000800a71c        0x4 /Applications/ARM/bin/../lib/gcc/arm-none-eabi/10.3.1/thumb/v7e-m/nofp/crtbegin.o
                0x000000000800a720                PROVIDE (__init_array_end = .)
                0x000000000800a720                . = ALIGN (0x4)

.fini_array     0x000000000800a720        0x4
                0x000000000800a720                . = ALIGN (0x4)
                0x000000000800a720                PROVIDE (__fini_array_start = .)
 *(SORT_BY_NAME(.fini_array.*))
 *(.fini_array*)
 .fini_array    0x000000000800a720        0x4 /Applications/ARM/bin/../lib/gcc/arm-none-eabi/10.3.1/thumb/v7e-m/nofp/crtbegin.o
                0x000000000800a724                PROVIDE (__fini_array_end = .)
                0x000000000800a724                . = ALIGN (0x4)
                0x000000000800a724                _sidata = LOADADDR (.data)

.data           0x0000000020000000      0x9b8 load address 0x000000000800a724
                0x0000000020000000                . = ALIGN (0x4)
                0x0000000020000000                _sdata = .
 *(.data)
 *(.data*)
 .data.SystemCoreClock
                0x0000000020000000        0x4 CMakeFiles/WoCaoV1STM32.elf.dir/Core/Src/system_stm32f4xx.c.obj
                0x0000000020000000                SystemCoreClock
 .data.uwTickFreq
                0x0000000020000004        0x1 CMakeFiles/WoCaoV1STM32.elf.dir/Drivers/STM32F4xx_HAL_Driver/Src/stm32f4xx_hal.c.obj
                0x0000000020000004                uwTickFreq
 *fill*         0x0000000020000005        0x3 
 .data.uwTickPrio
                0x0000000020000008        0x4 CMakeFiles/WoCaoV1STM32.elf.dir/Drivers/STM32F4xx_HAL_Driver/Src/stm32f4xx_hal.c.obj
                0x0000000020000008                uwTickPrio
 .data._impure_ptr
                0x000000002000000c        0x4 /Applications/ARM/bin/../lib/gcc/arm-none-eabi/10.3.1/../../../../arm-none-eabi/lib/thumb/v7e-m/nofp/libg.a(lib_a-impure.o)
                0x000000002000000c                _impure_ptr
 .data.impure_data
                0x0000000020000010      0x428 /Applications/ARM/bin/../lib/gcc/arm-none-eabi/10.3.1/../../../../arm-none-eabi/lib/thumb/v7e-m/nofp/libg.a(lib_a-impure.o)
 .data.__atexit_recursive_mutex
                0x0000000020000438        0x4 /Applications/ARM/bin/../lib/gcc/arm-none-eabi/10.3.1/../../../../arm-none-eabi/lib/thumb/v7e-m/nofp/libg.a(lib_a-__call_atexit.o)
                0x0000000020000438                __atexit_recursive_mutex
 .data.__malloc_av_
                0x000000002000043c      0x408 /Applications/ARM/bin/../lib/gcc/arm-none-eabi/10.3.1/../../../../arm-none-eabi/lib/thumb/v7e-m/nofp/libg.a(lib_a-mallocr.o)
                0x000000002000043c                __malloc_av_
 .data.__malloc_sbrk_base
                0x0000000020000844        0x4 /Applications/ARM/bin/../lib/gcc/arm-none-eabi/10.3.1/../../../../arm-none-eabi/lib/thumb/v7e-m/nofp/libg.a(lib_a-mallocr.o)
                0x0000000020000844                __malloc_sbrk_base
 .data.__malloc_trim_threshold
                0x0000000020000848        0x4 /Applications/ARM/bin/../lib/gcc/arm-none-eabi/10.3.1/../../../../arm-none-eabi/lib/thumb/v7e-m/nofp/libg.a(lib_a-mallocr.o)
                0x0000000020000848                __malloc_trim_threshold
 .data.__global_locale
                0x000000002000084c      0x16c /Applications/ARM/bin/../lib/gcc/arm-none-eabi/10.3.1/../../../../arm-none-eabi/lib/thumb/v7e-m/nofp/libg.a(lib_a-locale.o)
                0x000000002000084c                __global_locale
 *(.RamFunc)
 *(.RamFunc*)
                0x00000000200009b8                . = ALIGN (0x4)
                0x00000000200009b8                _edata = .
                0x000000000800b0dc                _siccmram = LOADADDR (.ccmram)

.igot.plt       0x00000000200009b8        0x0 load address 0x000000000800b0dc
 .igot.plt      0x00000000200009b8        0x0 /Applications/ARM/bin/../lib/gcc/arm-none-eabi/10.3.1/thumb/v7e-m/nofp/crtbegin.o

.ccmram         0x0000000010000000        0x0 load address 0x000000000800b0dc
                0x0000000010000000                . = ALIGN (0x4)
                0x0000000010000000                _sccmram = .
 *(.ccmram)
 *(.ccmram*)
                0x0000000010000000                . = ALIGN (0x4)
                0x0000000010000000                _eccmram = .
                0x0000000010000000                . = ALIGN (0x4)

.bss            0x00000000200009b8      0x5c0
                0x00000000200009b8                _sbss = .
                0x00000000200009b8                __bss_start__ = _sbss
 *(.bss)
 .bss           0x00000000200009b8       0x1c /Applications/ARM/bin/../lib/gcc/arm-none-eabi/10.3.1/thumb/v7e-m/nofp/crtbegin.o
 *(.bss*)
 .bss.hi2c1     0x00000000200009d4       0x54 CMakeFiles/WoCaoV1STM32.elf.dir/Core/Src/i2c.c.obj
                0x00000000200009d4                hi2c1
 .bss.wheelPWM1
                0x0000000020000a28       0x58 CMakeFiles/WoCaoV1STM32.elf.dir/Core/Src/main.c.obj
                0x0000000020000a28                wheelPWM1
 .bss.wheelPWM2
                0x0000000020000a80       0x58 CMakeFiles/WoCaoV1STM32.elf.dir/Core/Src/main.c.obj
                0x0000000020000a80                wheelPWM2
 .bss.wheelPWM3
                0x0000000020000ad8       0x58 CMakeFiles/WoCaoV1STM32.elf.dir/Core/Src/main.c.obj
                0x0000000020000ad8                wheelPWM3
 .bss.wheelPWM4
                0x0000000020000b30       0x58 CMakeFiles/WoCaoV1STM32.elf.dir/Core/Src/main.c.obj
                0x0000000020000b30                wheelPWM4
 .bss.hspi1     0x0000000020000b88       0x58 CMakeFiles/WoCaoV1STM32.elf.dir/Core/Src/spi.c.obj
                0x0000000020000b88                hspi1
 .bss.__sbrk_heap_end
                0x0000000020000be0        0x4 CMakeFiles/WoCaoV1STM32.elf.dir/Core/Src/sysmem.c.obj
 .bss.htim1     0x0000000020000be4       0x48 CMakeFiles/WoCaoV1STM32.elf.dir/Core/Src/tim.c.obj
                0x0000000020000be4                htim1
 .bss.htim2     0x0000000020000c2c       0x48 CMakeFiles/WoCaoV1STM32.elf.dir/Core/Src/tim.c.obj
                0x0000000020000c2c                htim2
 .bss.htim3     0x0000000020000c74       0x48 CMakeFiles/WoCaoV1STM32.elf.dir/Core/Src/tim.c.obj
                0x0000000020000c74                htim3
 .bss.htim4     0x0000000020000cbc       0x48 CMakeFiles/WoCaoV1STM32.elf.dir/Core/Src/tim.c.obj
                0x0000000020000cbc                htim4
 .bss.htim6     0x0000000020000d04       0x48 CMakeFiles/WoCaoV1STM32.elf.dir/Core/Src/tim.c.obj
                0x0000000020000d04                htim6
 .bss.htim8     0x0000000020000d4c       0x48 CMakeFiles/WoCaoV1STM32.elf.dir/Core/Src/tim.c.obj
                0x0000000020000d4c                htim8
 .bss.huart1    0x0000000020000d94       0x44 CMakeFiles/WoCaoV1STM32.elf.dir/Core/Src/usart.c.obj
                0x0000000020000d94                huart1
 .bss.huart2    0x0000000020000dd8       0x44 CMakeFiles/WoCaoV1STM32.elf.dir/Core/Src/usart.c.obj
                0x0000000020000dd8                huart2
 .bss.huart3    0x0000000020000e1c       0x44 CMakeFiles/WoCaoV1STM32.elf.dir/Core/Src/usart.c.obj
                0x0000000020000e1c                huart3
 .bss.huart4    0x0000000020000e60       0x44 CMakeFiles/WoCaoV1STM32.elf.dir/Core/Src/usart.c.obj
                0x0000000020000e60                huart4
 .bss.huart5    0x0000000020000ea4       0x44 CMakeFiles/WoCaoV1STM32.elf.dir/Core/Src/usart.c.obj
                0x0000000020000ea4                huart5
 .bss.huart6    0x0000000020000ee8       0x44 CMakeFiles/WoCaoV1STM32.elf.dir/Core/Src/usart.c.obj
                0x0000000020000ee8                huart6
 .bss.uwTick    0x0000000020000f2c        0x4 CMakeFiles/WoCaoV1STM32.elf.dir/Drivers/STM32F4xx_HAL_Driver/Src/stm32f4xx_hal.c.obj
                0x0000000020000f2c                uwTick
 .bss.__lock___atexit_recursive_mutex
                0x0000000020000f30        0x1 /Applications/ARM/bin/../lib/gcc/arm-none-eabi/10.3.1/../../../../arm-none-eabi/lib/thumb/v7e-m/nofp/libg.a(lib_a-lock.o)
                0x0000000020000f30                __lock___atexit_recursive_mutex
 *fill*         0x0000000020000f31        0x3 
 .bss.__lock___malloc_recursive_mutex
                0x0000000020000f34        0x1 /Applications/ARM/bin/../lib/gcc/arm-none-eabi/10.3.1/../../../../arm-none-eabi/lib/thumb/v7e-m/nofp/libg.a(lib_a-lock.o)
                0x0000000020000f34                __lock___malloc_recursive_mutex
 *fill*         0x0000000020000f35        0x3 
 .bss.__lock___sfp_recursive_mutex
                0x0000000020000f38        0x1 /Applications/ARM/bin/../lib/gcc/arm-none-eabi/10.3.1/../../../../arm-none-eabi/lib/thumb/v7e-m/nofp/libg.a(lib_a-lock.o)
                0x0000000020000f38                __lock___sfp_recursive_mutex
 *fill*         0x0000000020000f39        0x3 
 .bss.__lock___sinit_recursive_mutex
                0x0000000020000f3c        0x1 /Applications/ARM/bin/../lib/gcc/arm-none-eabi/10.3.1/../../../../arm-none-eabi/lib/thumb/v7e-m/nofp/libg.a(lib_a-lock.o)
                0x0000000020000f3c                __lock___sinit_recursive_mutex
 *fill*         0x0000000020000f3d        0x3 
 .bss.__malloc_current_mallinfo
                0x0000000020000f40       0x28 /Applications/ARM/bin/../lib/gcc/arm-none-eabi/10.3.1/../../../../arm-none-eabi/lib/thumb/v7e-m/nofp/libg.a(lib_a-mallocr.o)
                0x0000000020000f40                __malloc_current_mallinfo
 .bss.__malloc_max_sbrked_mem
                0x0000000020000f68        0x4 /Applications/ARM/bin/../lib/gcc/arm-none-eabi/10.3.1/../../../../arm-none-eabi/lib/thumb/v7e-m/nofp/libg.a(lib_a-mallocr.o)
                0x0000000020000f68                __malloc_max_sbrked_mem
 .bss.__malloc_max_total_mem
                0x0000000020000f6c        0x4 /Applications/ARM/bin/../lib/gcc/arm-none-eabi/10.3.1/../../../../arm-none-eabi/lib/thumb/v7e-m/nofp/libg.a(lib_a-mallocr.o)
                0x0000000020000f6c                __malloc_max_total_mem
 .bss.__malloc_top_pad
                0x0000000020000f70        0x4 /Applications/ARM/bin/../lib/gcc/arm-none-eabi/10.3.1/../../../../arm-none-eabi/lib/thumb/v7e-m/nofp/libg.a(lib_a-mallocr.o)
                0x0000000020000f70                __malloc_top_pad
 .bss.errno     0x0000000020000f74        0x4 /Applications/ARM/bin/../lib/gcc/arm-none-eabi/10.3.1/../../../../arm-none-eabi/lib/thumb/v7e-m/nofp/libg.a(lib_a-reent.o)
                0x0000000020000f74                errno
 *(COMMON)
                0x0000000020000f78                . = ALIGN (0x4)
                0x0000000020000f78                _ebss = .
                0x0000000020000f78                __bss_end__ = _ebss

._user_heap_stack
                0x0000000020000f78      0x600
                0x0000000020000f78                . = ALIGN (0x8)
                [!provide]                        PROVIDE (end = .)
                0x0000000020000f78                PROVIDE (_end = .)
                0x0000000020001178                . = (. + _Min_Heap_Size)
 *fill*         0x0000000020000f78      0x200 
                0x0000000020001578                . = (. + _Min_Stack_Size)
 *fill*         0x0000000020001178      0x400 
                0x0000000020001578                . = ALIGN (0x8)

/DISCARD/
 libc.a(*)
 libm.a(*)
 libgcc.a(*)

.ARM.attributes
                0x0000000000000000       0x2a
 *(.ARM.attributes)
 .ARM.attributes
                0x0000000000000000       0x1e /Applications/ARM/bin/../lib/gcc/arm-none-eabi/10.3.1/thumb/v7e-m/nofp/crti.o
 .ARM.attributes
                0x000000000000001e       0x2e /Applications/ARM/bin/../lib/gcc/arm-none-eabi/10.3.1/thumb/v7e-m/nofp/crtbegin.o
 .ARM.attributes
                0x000000000000004c       0x2e CMakeFiles/WoCaoV1STM32.elf.dir/Core/Src/gpio.c.obj
 .ARM.attributes
                0x000000000000007a       0x2e CMakeFiles/WoCaoV1STM32.elf.dir/Core/Src/i2c.c.obj
 .ARM.attributes
                0x00000000000000a8       0x2e CMakeFiles/WoCaoV1STM32.elf.dir/Core/Src/main.c.obj
 .ARM.attributes
                0x00000000000000d6       0x2e CMakeFiles/WoCaoV1STM32.elf.dir/Core/Src/spi.c.obj
 .ARM.attributes
                0x0000000000000104       0x2e CMakeFiles/WoCaoV1STM32.elf.dir/Core/Src/stm32f4xx_hal_msp.c.obj
 .ARM.attributes
                0x0000000000000132       0x2e CMakeFiles/WoCaoV1STM32.elf.dir/Core/Src/stm32f4xx_it.c.obj
 .ARM.attributes
                0x0000000000000160       0x2e CMakeFiles/WoCaoV1STM32.elf.dir/Core/Src/syscalls.c.obj
 .ARM.attributes
                0x000000000000018e       0x2e CMakeFiles/WoCaoV1STM32.elf.dir/Core/Src/sysmem.c.obj
 .ARM.attributes
                0x00000000000001bc       0x2e CMakeFiles/WoCaoV1STM32.elf.dir/Core/Src/system_stm32f4xx.c.obj
 .ARM.attributes
                0x00000000000001ea       0x2e CMakeFiles/WoCaoV1STM32.elf.dir/Core/Src/tim.c.obj
 .ARM.attributes
                0x0000000000000218       0x2e CMakeFiles/WoCaoV1STM32.elf.dir/Core/Src/usart.c.obj
 .ARM.attributes
                0x0000000000000246       0x21 CMakeFiles/WoCaoV1STM32.elf.dir/Core/Startup/startup_stm32f407zgtx.s.obj
 .ARM.attributes
                0x0000000000000267       0x2e CMakeFiles/WoCaoV1STM32.elf.dir/Drivers/STM32F4xx_HAL_Driver/Src/stm32f4xx_hal.c.obj
 .ARM.attributes
                0x0000000000000295       0x2e CMakeFiles/WoCaoV1STM32.elf.dir/Drivers/STM32F4xx_HAL_Driver/Src/stm32f4xx_hal_cortex.c.obj
 .ARM.attributes
                0x00000000000002c3       0x2e CMakeFiles/WoCaoV1STM32.elf.dir/Drivers/STM32F4xx_HAL_Driver/Src/stm32f4xx_hal_dma.c.obj
 .ARM.attributes
                0x00000000000002f1       0x2e CMakeFiles/WoCaoV1STM32.elf.dir/Drivers/STM32F4xx_HAL_Driver/Src/stm32f4xx_hal_gpio.c.obj
 .ARM.attributes
                0x000000000000031f       0x2e CMakeFiles/WoCaoV1STM32.elf.dir/Drivers/STM32F4xx_HAL_Driver/Src/stm32f4xx_hal_i2c.c.obj
 .ARM.attributes
                0x000000000000034d       0x2e CMakeFiles/WoCaoV1STM32.elf.dir/Drivers/STM32F4xx_HAL_Driver/Src/stm32f4xx_hal_rcc.c.obj
 .ARM.attributes
                0x000000000000037b       0x2e CMakeFiles/WoCaoV1STM32.elf.dir/Drivers/STM32F4xx_HAL_Driver/Src/stm32f4xx_hal_spi.c.obj
 .ARM.attributes
                0x00000000000003a9       0x2e CMakeFiles/WoCaoV1STM32.elf.dir/Drivers/STM32F4xx_HAL_Driver/Src/stm32f4xx_hal_tim.c.obj
 .ARM.attributes
                0x00000000000003d7       0x2e CMakeFiles/WoCaoV1STM32.elf.dir/Drivers/STM32F4xx_HAL_Driver/Src/stm32f4xx_hal_tim_ex.c.obj
 .ARM.attributes
                0x0000000000000405       0x2e CMakeFiles/WoCaoV1STM32.elf.dir/Drivers/STM32F4xx_HAL_Driver/Src/stm32f4xx_hal_uart.c.obj
 .ARM.attributes
                0x0000000000000433       0x1e /Applications/ARM/bin/../lib/gcc/arm-none-eabi/10.3.1/thumb/v7e-m/nofp/libgcc.a(_arm_addsubdf3.o)
 .ARM.attributes
                0x0000000000000451       0x1e /Applications/ARM/bin/../lib/gcc/arm-none-eabi/10.3.1/thumb/v7e-m/nofp/libgcc.a(_arm_cmpdf2.o)
 .ARM.attributes
                0x000000000000046f       0x1e /Applications/ARM/bin/../lib/gcc/arm-none-eabi/10.3.1/thumb/v7e-m/nofp/libgcc.a(_arm_fixunsdfsi.o)
 .ARM.attributes
                0x000000000000048d       0x1e /Applications/ARM/bin/../lib/gcc/arm-none-eabi/10.3.1/thumb/v7e-m/nofp/libgcc.a(_aeabi_uldivmod.o)
 .ARM.attributes
                0x00000000000004ab       0x2e /Applications/ARM/bin/../lib/gcc/arm-none-eabi/10.3.1/thumb/v7e-m/nofp/libgcc.a(_udivmoddi4.o)
 .ARM.attributes
                0x00000000000004d9       0x1e /Applications/ARM/bin/../lib/gcc/arm-none-eabi/10.3.1/thumb/v7e-m/nofp/libgcc.a(_dvmd_tls.o)
 .ARM.attributes
                0x00000000000004f7       0x2e /Applications/ARM/bin/../lib/gcc/arm-none-eabi/10.3.1/../../../../arm-none-eabi/lib/thumb/v7e-m/nofp/libg.a(lib_a-errno.o)
 .ARM.attributes
                0x0000000000000525       0x2e /Applications/ARM/bin/../lib/gcc/arm-none-eabi/10.3.1/../../../../arm-none-eabi/lib/thumb/v7e-m/nofp/libg.a(lib_a-impure.o)
 .ARM.attributes
                0x0000000000000553       0x2e /Applications/ARM/bin/../lib/gcc/arm-none-eabi/10.3.1/../../../../arm-none-eabi/lib/thumb/v7e-m/nofp/libg.a(lib_a-init.o)
 .ARM.attributes
                0x0000000000000581       0x2e /Applications/ARM/bin/../lib/gcc/arm-none-eabi/10.3.1/../../../../arm-none-eabi/lib/thumb/v7e-m/nofp/libg.a(lib_a-memset.o)
 .ARM.attributes
                0x00000000000005af       0x2e /Applications/ARM/bin/../lib/gcc/arm-none-eabi/10.3.1/../../../../arm-none-eabi/lib/thumb/v7e-m/nofp/libg.a(lib_a-snprintf.o)
 .ARM.attributes
                0x00000000000005dd       0x1c /Applications/ARM/bin/../lib/gcc/arm-none-eabi/10.3.1/../../../../arm-none-eabi/lib/thumb/v7e-m/nofp/libg.a(lib_a-strlen.o)
 .ARM.attributes
                0x00000000000005f9       0x2e /Applications/ARM/bin/../lib/gcc/arm-none-eabi/10.3.1/../../../../arm-none-eabi/lib/thumb/v7e-m/nofp/libg.a(lib_a-svfprintf.o)
 .ARM.attributes
                0x0000000000000627       0x2e /Applications/ARM/bin/../lib/gcc/arm-none-eabi/10.3.1/../../../../arm-none-eabi/lib/thumb/v7e-m/nofp/libg.a(lib_a-__call_atexit.o)
 .ARM.attributes
                0x0000000000000655       0x2e /Applications/ARM/bin/../lib/gcc/arm-none-eabi/10.3.1/../../../../arm-none-eabi/lib/thumb/v7e-m/nofp/libg.a(lib_a-atexit.o)
 .ARM.attributes
                0x0000000000000683       0x2e /Applications/ARM/bin/../lib/gcc/arm-none-eabi/10.3.1/../../../../arm-none-eabi/lib/thumb/v7e-m/nofp/libg.a(lib_a-dtoa.o)
 .ARM.attributes
                0x00000000000006b1       0x2e /Applications/ARM/bin/../lib/gcc/arm-none-eabi/10.3.1/../../../../arm-none-eabi/lib/thumb/v7e-m/nofp/libg.a(lib_a-fini.o)
 .ARM.attributes
                0x00000000000006df       0x2e /Applications/ARM/bin/../lib/gcc/arm-none-eabi/10.3.1/../../../../arm-none-eabi/lib/thumb/v7e-m/nofp/libg.a(lib_a-freer.o)
 .ARM.attributes
                0x000000000000070d       0x2e /Applications/ARM/bin/../lib/gcc/arm-none-eabi/10.3.1/../../../../arm-none-eabi/lib/thumb/v7e-m/nofp/libg.a(lib_a-localeconv.o)
 .ARM.attributes
                0x000000000000073b       0x2e /Applications/ARM/bin/../lib/gcc/arm-none-eabi/10.3.1/../../../../arm-none-eabi/lib/thumb/v7e-m/nofp/libg.a(lib_a-lock.o)
 .ARM.attributes
                0x0000000000000769       0x2e /Applications/ARM/bin/../lib/gcc/arm-none-eabi/10.3.1/../../../../arm-none-eabi/lib/thumb/v7e-m/nofp/libg.a(lib_a-mallocr.o)
 .ARM.attributes
                0x0000000000000797       0x1c /Applications/ARM/bin/../lib/gcc/arm-none-eabi/10.3.1/../../../../arm-none-eabi/lib/thumb/v7e-m/nofp/libg.a(lib_a-memchr.o)
 .ARM.attributes
                0x00000000000007b3       0x1c /Applications/ARM/bin/../lib/gcc/arm-none-eabi/10.3.1/../../../../arm-none-eabi/lib/thumb/v7e-m/nofp/libg.a(lib_a-memcpy.o)
 .ARM.attributes
                0x00000000000007cf       0x2e /Applications/ARM/bin/../lib/gcc/arm-none-eabi/10.3.1/../../../../arm-none-eabi/lib/thumb/v7e-m/nofp/libg.a(lib_a-mlock.o)
 .ARM.attributes
                0x00000000000007fd       0x2e /Applications/ARM/bin/../lib/gcc/arm-none-eabi/10.3.1/../../../../arm-none-eabi/lib/thumb/v7e-m/nofp/libg.a(lib_a-mprec.o)
 .ARM.attributes
                0x000000000000082b       0x2e /Applications/ARM/bin/../lib/gcc/arm-none-eabi/10.3.1/../../../../arm-none-eabi/lib/thumb/v7e-m/nofp/libg.a(lib_a-s_frexp.o)
 .ARM.attributes
                0x0000000000000859       0x2e /Applications/ARM/bin/../lib/gcc/arm-none-eabi/10.3.1/../../../../arm-none-eabi/lib/thumb/v7e-m/nofp/libg.a(lib_a-sbrkr.o)
 .ARM.attributes
                0x0000000000000887       0x2e /Applications/ARM/bin/../lib/gcc/arm-none-eabi/10.3.1/../../../../arm-none-eabi/lib/thumb/v7e-m/nofp/libg.a(lib_a-strncpy.o)
 .ARM.attributes
                0x00000000000008b5       0x2e /Applications/ARM/bin/../lib/gcc/arm-none-eabi/10.3.1/../../../../arm-none-eabi/lib/thumb/v7e-m/nofp/libg.a(lib_a-svfiprintf.o)
 .ARM.attributes
                0x00000000000008e3       0x2e /Applications/ARM/bin/../lib/gcc/arm-none-eabi/10.3.1/../../../../arm-none-eabi/lib/thumb/v7e-m/nofp/libg.a(lib_a-__atexit.o)
 .ARM.attributes
                0x0000000000000911       0x2e /Applications/ARM/bin/../lib/gcc/arm-none-eabi/10.3.1/../../../../arm-none-eabi/lib/thumb/v7e-m/nofp/libg.a(lib_a-assert.o)
 .ARM.attributes
                0x000000000000093f       0x2e /Applications/ARM/bin/../lib/gcc/arm-none-eabi/10.3.1/../../../../arm-none-eabi/lib/thumb/v7e-m/nofp/libg.a(lib_a-callocr.o)
 .ARM.attributes
                0x000000000000096d       0x2e /Applications/ARM/bin/../lib/gcc/arm-none-eabi/10.3.1/../../../../arm-none-eabi/lib/thumb/v7e-m/nofp/libg.a(lib_a-fiprintf.o)
 .ARM.attributes
                0x000000000000099b       0x2e /Applications/ARM/bin/../lib/gcc/arm-none-eabi/10.3.1/../../../../arm-none-eabi/lib/thumb/v7e-m/nofp/libg.a(lib_a-locale.o)
 .ARM.attributes
                0x00000000000009c9       0x2e /Applications/ARM/bin/../lib/gcc/arm-none-eabi/10.3.1/../../../../arm-none-eabi/lib/thumb/v7e-m/nofp/libg.a(lib_a-mbtowc_r.o)
 .ARM.attributes
                0x00000000000009f7       0x2e /Applications/ARM/bin/../lib/gcc/arm-none-eabi/10.3.1/../../../../arm-none-eabi/lib/thumb/v7e-m/nofp/libg.a(lib_a-memmove.o)
 .ARM.attributes
                0x0000000000000a25       0x2e /Applications/ARM/bin/../lib/gcc/arm-none-eabi/10.3.1/../../../../arm-none-eabi/lib/thumb/v7e-m/nofp/libg.a(lib_a-reallocr.o)
 .ARM.attributes
                0x0000000000000a53       0x2e /Applications/ARM/bin/../lib/gcc/arm-none-eabi/10.3.1/../../../../arm-none-eabi/lib/thumb/v7e-m/nofp/libg.a(lib_a-reent.o)
 .ARM.attributes
                0x0000000000000a81       0x2e /Applications/ARM/bin/../lib/gcc/arm-none-eabi/10.3.1/../../../../arm-none-eabi/lib/thumb/v7e-m/nofp/libg.a(lib_a-vfiprintf.o)
 .ARM.attributes
                0x0000000000000aaf       0x2e /Applications/ARM/bin/../lib/gcc/arm-none-eabi/10.3.1/../../../../arm-none-eabi/lib/thumb/v7e-m/nofp/libg.a(lib_a-wctomb_r.o)
 .ARM.attributes
                0x0000000000000add       0x2e /Applications/ARM/bin/../lib/gcc/arm-none-eabi/10.3.1/../../../../arm-none-eabi/lib/thumb/v7e-m/nofp/libg.a(lib_a-wsetup.o)
 .ARM.attributes
                0x0000000000000b0b       0x2e /Applications/ARM/bin/../lib/gcc/arm-none-eabi/10.3.1/../../../../arm-none-eabi/lib/thumb/v7e-m/nofp/libg.a(lib_a-abort.o)
 .ARM.attributes
                0x0000000000000b39       0x2e /Applications/ARM/bin/../lib/gcc/arm-none-eabi/10.3.1/../../../../arm-none-eabi/lib/thumb/v7e-m/nofp/libg.a(lib_a-ctype_.o)
 .ARM.attributes
                0x0000000000000b67       0x2e /Applications/ARM/bin/../lib/gcc/arm-none-eabi/10.3.1/../../../../arm-none-eabi/lib/thumb/v7e-m/nofp/libg.a(lib_a-fflush.o)
 .ARM.attributes
                0x0000000000000b95       0x2e /Applications/ARM/bin/../lib/gcc/arm-none-eabi/10.3.1/../../../../arm-none-eabi/lib/thumb/v7e-m/nofp/libg.a(lib_a-findfp.o)
 .ARM.attributes
                0x0000000000000bc3       0x2e /Applications/ARM/bin/../lib/gcc/arm-none-eabi/10.3.1/../../../../arm-none-eabi/lib/thumb/v7e-m/nofp/libg.a(lib_a-fputwc.o)
 .ARM.attributes
                0x0000000000000bf1       0x2e /Applications/ARM/bin/../lib/gcc/arm-none-eabi/10.3.1/../../../../arm-none-eabi/lib/thumb/v7e-m/nofp/libg.a(lib_a-fvwrite.o)
 .ARM.attributes
                0x0000000000000c1f       0x2e /Applications/ARM/bin/../lib/gcc/arm-none-eabi/10.3.1/../../../../arm-none-eabi/lib/thumb/v7e-m/nofp/libg.a(lib_a-fwalk.o)
 .ARM.attributes
                0x0000000000000c4d       0x2e /Applications/ARM/bin/../lib/gcc/arm-none-eabi/10.3.1/../../../../arm-none-eabi/lib/thumb/v7e-m/nofp/libg.a(lib_a-makebuf.o)
 .ARM.attributes
                0x0000000000000c7b       0x2e /Applications/ARM/bin/../lib/gcc/arm-none-eabi/10.3.1/../../../../arm-none-eabi/lib/thumb/v7e-m/nofp/libg.a(lib_a-signal.o)
 .ARM.attributes
                0x0000000000000ca9       0x2e /Applications/ARM/bin/../lib/gcc/arm-none-eabi/10.3.1/../../../../arm-none-eabi/lib/thumb/v7e-m/nofp/libg.a(lib_a-signalr.o)
 .ARM.attributes
                0x0000000000000cd7       0x2e /Applications/ARM/bin/../lib/gcc/arm-none-eabi/10.3.1/../../../../arm-none-eabi/lib/thumb/v7e-m/nofp/libg.a(lib_a-stdio.o)
 .ARM.attributes
                0x0000000000000d05       0x2e /Applications/ARM/bin/../lib/gcc/arm-none-eabi/10.3.1/../../../../arm-none-eabi/lib/thumb/v7e-m/nofp/libg.a(lib_a-wbuf.o)
 .ARM.attributes
                0x0000000000000d33       0x2e /Applications/ARM/bin/../lib/gcc/arm-none-eabi/10.3.1/../../../../arm-none-eabi/lib/thumb/v7e-m/nofp/libg.a(lib_a-wcrtomb.o)
 .ARM.attributes
                0x0000000000000d61       0x2e /Applications/ARM/bin/../lib/gcc/arm-none-eabi/10.3.1/../../../../arm-none-eabi/lib/thumb/v7e-m/nofp/libg.a(lib_a-writer.o)
 .ARM.attributes
                0x0000000000000d8f       0x2e /Applications/ARM/bin/../lib/gcc/arm-none-eabi/10.3.1/../../../../arm-none-eabi/lib/thumb/v7e-m/nofp/libg.a(lib_a-closer.o)
 .ARM.attributes
                0x0000000000000dbd       0x2e /Applications/ARM/bin/../lib/gcc/arm-none-eabi/10.3.1/../../../../arm-none-eabi/lib/thumb/v7e-m/nofp/libg.a(lib_a-fclose.o)
 .ARM.attributes
                0x0000000000000deb       0x2e /Applications/ARM/bin/../lib/gcc/arm-none-eabi/10.3.1/../../../../arm-none-eabi/lib/thumb/v7e-m/nofp/libg.a(lib_a-fstatr.o)
 .ARM.attributes
                0x0000000000000e19       0x2e /Applications/ARM/bin/../lib/gcc/arm-none-eabi/10.3.1/../../../../arm-none-eabi/lib/thumb/v7e-m/nofp/libg.a(lib_a-isattyr.o)
 .ARM.attributes
                0x0000000000000e47       0x2e /Applications/ARM/bin/../lib/gcc/arm-none-eabi/10.3.1/../../../../arm-none-eabi/lib/thumb/v7e-m/nofp/libg.a(lib_a-lseekr.o)
 .ARM.attributes
                0x0000000000000e75       0x2e /Applications/ARM/bin/../lib/gcc/arm-none-eabi/10.3.1/../../../../arm-none-eabi/lib/thumb/v7e-m/nofp/libg.a(lib_a-readr.o)
 .ARM.attributes
                0x0000000000000ea3       0x1e /Applications/ARM/bin/../lib/gcc/arm-none-eabi/10.3.1/thumb/v7e-m/nofp/libgcc.a(_arm_muldivdf3.o)
 .ARM.attributes
                0x0000000000000ec1       0x1e /Applications/ARM/bin/../lib/gcc/arm-none-eabi/10.3.1/thumb/v7e-m/nofp/libgcc.a(_arm_unorddf2.o)
 .ARM.attributes
                0x0000000000000edf       0x1e /Applications/ARM/bin/../lib/gcc/arm-none-eabi/10.3.1/thumb/v7e-m/nofp/libgcc.a(_arm_fixdfsi.o)
 .ARM.attributes
                0x0000000000000efd       0x1e /Applications/ARM/bin/../lib/gcc/arm-none-eabi/10.3.1/thumb/v7e-m/nofp/crtn.o
OUTPUT(WoCaoV1STM32.elf elf32-littlearm)
LOAD linker stubs
LOAD /Applications/ARM/bin/../lib/gcc/arm-none-eabi/10.3.1/../../../../arm-none-eabi/lib/thumb/v7e-m/nofp/libc.a
LOAD /Applications/ARM/bin/../lib/gcc/arm-none-eabi/10.3.1/../../../../arm-none-eabi/lib/thumb/v7e-m/nofp/libm.a
LOAD /Applications/ARM/bin/../lib/gcc/arm-none-eabi/10.3.1/thumb/v7e-m/nofp/libgcc.a

.debug_info     0x0000000000000000    0x19ea5
 .debug_info    0x0000000000000000      0x568 CMakeFiles/WoCaoV1STM32.elf.dir/Core/Src/gpio.c.obj
 .debug_info    0x0000000000000568      0xa52 CMakeFiles/WoCaoV1STM32.elf.dir/Core/Src/i2c.c.obj
 .debug_info    0x0000000000000fba     0x17db CMakeFiles/WoCaoV1STM32.elf.dir/Core/Src/main.c.obj
 .debug_info    0x0000000000002795      0xa6f CMakeFiles/WoCaoV1STM32.elf.dir/Core/Src/spi.c.obj
 .debug_info    0x0000000000003204      0x2a4 CMakeFiles/WoCaoV1STM32.elf.dir/Core/Src/stm32f4xx_hal_msp.c.obj
 .debug_info    0x00000000000034a8      0x9e7 CMakeFiles/WoCaoV1STM32.elf.dir/Core/Src/stm32f4xx_it.c.obj
 .debug_info    0x0000000000003e8f      0x7af CMakeFiles/WoCaoV1STM32.elf.dir/Core/Src/syscalls.c.obj
 .debug_info    0x000000000000463e      0x174 CMakeFiles/WoCaoV1STM32.elf.dir/Core/Src/sysmem.c.obj
 .debug_info    0x00000000000047b2      0x37d CMakeFiles/WoCaoV1STM32.elf.dir/Core/Src/system_stm32f4xx.c.obj
 .debug_info    0x0000000000004b2f     0x17a1 CMakeFiles/WoCaoV1STM32.elf.dir/Core/Src/tim.c.obj
 .debug_info    0x00000000000062d0     0x10f2 CMakeFiles/WoCaoV1STM32.elf.dir/Core/Src/usart.c.obj
 .debug_info    0x00000000000073c2       0x22 CMakeFiles/WoCaoV1STM32.elf.dir/Core/Startup/startup_stm32f407zgtx.s.obj
 .debug_info    0x00000000000073e4      0x9f0 CMakeFiles/WoCaoV1STM32.elf.dir/Drivers/STM32F4xx_HAL_Driver/Src/stm32f4xx_hal.c.obj
 .debug_info    0x0000000000007dd4     0x1098 CMakeFiles/WoCaoV1STM32.elf.dir/Drivers/STM32F4xx_HAL_Driver/Src/stm32f4xx_hal_cortex.c.obj
 .debug_info    0x0000000000008e6c      0xb3f CMakeFiles/WoCaoV1STM32.elf.dir/Drivers/STM32F4xx_HAL_Driver/Src/stm32f4xx_hal_dma.c.obj
 .debug_info    0x00000000000099ab      0x7b0 CMakeFiles/WoCaoV1STM32.elf.dir/Drivers/STM32F4xx_HAL_Driver/Src/stm32f4xx_hal_gpio.c.obj
 .debug_info    0x000000000000a15b     0x3944 CMakeFiles/WoCaoV1STM32.elf.dir/Drivers/STM32F4xx_HAL_Driver/Src/stm32f4xx_hal_i2c.c.obj
 .debug_info    0x000000000000da9f      0xb03 CMakeFiles/WoCaoV1STM32.elf.dir/Drivers/STM32F4xx_HAL_Driver/Src/stm32f4xx_hal_rcc.c.obj
 .debug_info    0x000000000000e5a2     0x1e96 CMakeFiles/WoCaoV1STM32.elf.dir/Drivers/STM32F4xx_HAL_Driver/Src/stm32f4xx_hal_spi.c.obj
 .debug_info    0x0000000000010438     0x3d5c CMakeFiles/WoCaoV1STM32.elf.dir/Drivers/STM32F4xx_HAL_Driver/Src/stm32f4xx_hal_tim.c.obj
 .debug_info    0x0000000000014194     0x1ade CMakeFiles/WoCaoV1STM32.elf.dir/Drivers/STM32F4xx_HAL_Driver/Src/stm32f4xx_hal_tim_ex.c.obj
 .debug_info    0x0000000000015c72     0x4233 CMakeFiles/WoCaoV1STM32.elf.dir/Drivers/STM32F4xx_HAL_Driver/Src/stm32f4xx_hal_uart.c.obj

.debug_abbrev   0x0000000000000000     0x2ad9